2026-08-03 13:28:49+05:30 Restoring Function from memory snapshot.
2026-08-03 13:29:06+05:30 Transient snapshot error: failed to restore container from snapshot with exit code 139. Will retry with no snapshots.
2026-08-03 13:29:12+05:30 
2026-08-03 13:29:12+05:30 =============
2026-08-03 13:29:12+05:30 == PyTorch ==
2026-08-03 13:29:12+05:30 =============
2026-08-03 13:29:12+05:30 
2026-08-03 13:29:12+05:30 NVIDIA Release 26.05 (build 313520559)
2026-08-03 13:29:12+05:30 PyTorch Version 2.12.0a0+5aff392
2026-08-03 13:29:13+05:30 Container image Copyright (c) 2026, NVIDIA CORPORATION & AFFILIATES. All rights reserved.
2026-08-03 13:29:13+05:30 Copyright (c) 2014-2024 Facebook Inc.
2026-08-03 13:29:13+05:30 Copyright (c) 2011-2014 Idiap Research Institute (Ronan Collobert)
2026-08-03 13:29:13+05:30 Copyright (c) 2012-2014 Deepmind Technologies    (Koray Kavukcuoglu)
2026-08-03 13:29:13+05:30 Copyright (c) 2011-2012 NEC Laboratories America (Koray Kavukcuoglu)
2026-08-03 13:29:13+05:30 Copyright (c) 2011-2013 NYU                      (Clement Farabet)
2026-08-03 13:29:13+05:30 Copyright (c) 2006-2010 NEC Laboratories America (Ronan Collobert, Leon Bottou, Iain Melvin, Jason Weston)
2026-08-03 13:29:13+05:30 Copyright (c) 2006      Idiap Research Institute (Samy Bengio)
2026-08-03 13:29:13+05:30 Copyright (c) 2001-2004 Idiap Research Institute (Ronan Collobert, Samy Bengio, Johnny Mariethoz)
2026-08-03 13:29:13+05:30 Copyright (c) 2015      Google Inc.
2026-08-03 13:29:13+05:30 Copyright (c) 2015      Yangqing Jia
2026-08-03 13:29:13+05:30 Copyright (c) 2013-2016 The Caffe contributors
2026-08-03 13:29:13+05:30 All rights reserved.
2026-08-03 13:29:13+05:30 
2026-08-03 13:29:13+05:30 Various files include modifications (c) NVIDIA CORPORATION & AFFILIATES.  All rights reserved.
2026-08-03 13:29:13+05:30 
2026-08-03 13:29:13+05:30 GOVERNING TERMS: The software and materials are governed by the NVIDIA Software License Agreement
2026-08-03 13:29:13+05:30 (found at https://www.nvidia.com/en-us/agreements/enterprise-software/nvidia-software-license-agreement/)
2026-08-03 13:29:13+05:30 and the Product-Specific Terms for NVIDIA AI Products
2026-08-03 13:29:13+05:30 (found at https://www.nvidia.com/en-us/agreements/enterprise-software/product-specific-terms-for-ai-products/).
2026-08-03 13:29:13+05:30 
2026-08-03 13:29:13+05:30 WARNING: CUDA Minor Version Compatibility mode ENABLED.
2026-08-03 13:29:13+05:30   Using driver version 580.95.05 which has support for CUDA 13.0.  This container
2026-08-03 13:29:13+05:30   was built with CUDA 13.2 and will be run in Minor Version Compatibility mode.
2026-08-03 13:29:13+05:30   CUDA Forward Compatibility is preferred over Minor Version Compatibility for use
2026-08-03 13:29:13+05:30   with this container but was unavailable:
2026-08-03 13:29:13+05:30   [[]]
2026-08-03 13:29:13+05:30   See https://docs.nvidia.com/deploy/cuda-compatibility/ for details.
2026-08-03 13:29:13+05:30 
2026-08-03 13:29:15+05:30 [SNAP_CREATE] Starting GPU snapshot load
2026-08-03 13:29:19+05:30 [SNAP_CREATE_START] pid=2 cuda_available=True allocated=0 reserved=0 memory_snapshot_segments=0
2026-08-03 13:29:34+05:30 W0803 07:59:34.466000 2 torch/utils/_pytree.py:630] <enum 'KernelPreference'> is an Enum subclass and is now natively supported by torch.compile as an opaque value type. Calling register_constant() on Enum subclasses is deprecated and will be an error in a future release.
2026-08-03 13:29:34+05:30 W0803 07:59:34.570000 2 torch/utils/_pytree.py:630] <enum 'ScaleCalculationMode'> is an Enum subclass and is now natively supported by torch.compile as an opaque value type. Calling register_constant() on Enum subclasses is deprecated and will be an error in a future release.
2026-08-03 13:29:34+05:30 Unable to import `torchao` Tensor objects. This may affect loading checkpoints serialized with `torchao`
2026-08-03 13:29:44+05:30 Matplotlib is building the font cache; this may take a moment.
2026-08-03 13:29:50+05:30 [SNAP_CREATE] Loading FlashHead pipeline on GPU...
2026-08-03 13:29:50+05:30 2026-08-03 07:59:50.584 | INFO     | flash_head.inference:get_pipeline:21 - ulysses_degree: 1, ring_degree: 1, device: cuda
2026-08-03 13:29:54+05:30 There are modules in CausalVideoAutoencoder that should be kept in float32: []. Casting directly with `to()` can lead to inconsistent results; set `torch_dtype` in `from_pretrained()` instead to keep these modules in float32.
2026-08-03 13:29:56+05:30 There are modules in WanModelAudioProject that should be kept in float32: []. Casting directly with `to()` can lead to inconsistent results; set `torch_dtype` in `from_pretrained()` instead to keep these modules in float32.
2026-08-03 13:29:58+05:30 Some weights of Wav2Vec2Model were not initialized from the model checkpoint at /app/models/wav2vec2-base-960h and are newly initialized: ['masked_spec_embed']
2026-08-03 13:29:58+05:30 You should probably TRAIN this model on a down-stream task to be able to use it for predictions and inference.
2026-08-03 13:29:58+05:30 2026-08-03 07:59:58.857 | INFO     | flash_head.src.pipeline.flash_head_pipeline:get_cached_lite_components:102 - Cached Lite model components for reuse
2026-08-03 13:29:58+05:30 [SNAP_CREATE] Pipeline loaded in 8274.2ms
2026-08-03 13:29:58+05:30 [SNAP_CREATE_POST_PIPELINE_LOAD] pid=2 cuda_available=True allocated=4294345216 reserved=4578082816 memory_snapshot_segments=0
2026-08-03 13:29:58+05:30 [SNAP_CREATE] Running warmup inference on GPU...
2026-08-03 13:30:03+05:30 2026-08-03 08:00:03.921 | INFO     | flash_head.src.pipeline.flash_head_pipeline:generate:392 - [generate] DENOISE_STEPS total=3380.4ms steps=[s0=3056.3 s1=109.1 s2=107.6 s3=107.4] n_steps=4
2026-08-03 13:30:03+05:30 [SNAP_CREATE] Warmup completed in 5068.2ms
2026-08-03 13:30:03+05:30 [SNAP_CREATE_POST_WARMUP] pid=2 cuda_available=True allocated=4306209792 reserved=5941231616 memory_snapshot_segments=0
2026-08-03 13:30:04+05:30 [SNAP_CREATE_AFTER_CLEANUP] pid=2 cuda_available=True allocated=4303916032 reserved=4580179968 memory_snapshot_segments=0
2026-08-03 13:30:04+05:30 [SNAP_PRE_RESET] SIGSEGV handler: <function crash_handler at 0x2a7e34cb7420>
2026-08-03 13:30:04+05:30 [SNAP_PRE_RESET] SIGABRT handler: <function crash_handler at 0x2a7e34cb7420>
2026-08-03 13:30:04+05:30 [SNAP_PRE_RESET] SIGBUS handler: <function crash_handler at 0x2a7e34cb7420>
2026-08-03 13:30:04+05:30 [SNAP_PRE_RESET] SIGFPE handler: <function crash_handler at 0x2a7e34cb7420>
2026-08-03 13:30:04+05:30 [SNAP] Resetting signal 11 from <function crash_handler at 0x2a7e34cb7420> to SIG_DFL
2026-08-03 13:30:04+05:30 [SNAP] Resetting signal 6 from <function crash_handler at 0x2a7e34cb7420> to SIG_DFL
2026-08-03 13:30:04+05:30 [SNAP] Resetting signal 7 from <function crash_handler at 0x2a7e34cb7420> to SIG_DFL
2026-08-03 13:30:04+05:30 [SNAP] Resetting signal 8 from <function crash_handler at 0x2a7e34cb7420> to SIG_DFL
2026-08-03 13:30:04+05:30 [SNAP_POST_RESET] SIGSEGV handler: 0
2026-08-03 13:30:04+05:30 [SNAP_POST_RESET] SIGABRT handler: 0
2026-08-03 13:30:04+05:30 [SNAP_POST_RESET] SIGBUS handler: 0
2026-08-03 13:30:04+05:30 [SNAP_POST_RESET] SIGFPE handler: 0
2026-08-03 13:30:04+05:30 [SNAP_CREATE] Ready for GPU snapshot (memory optimized)
2026-08-03 13:30:04+05:30 [RESTORE] Starting GPU snapshot restore
2026-08-03 13:30:04+05:30 [RESTORE_START] pid=2 cuda_available=True allocated=4303916032 reserved=4580179968 memory_snapshot_segments=0
2026-08-03 13:30:04+05:30 [RESTORE] cuda.is_available=True dist.is_initialized=False
2026-08-03 13:30:04+05:30 [RESTORE] allocated=4303916032 reserved=4580179968 memory_snapshot_segments=0
2026-08-03 13:30:04+05:30 [RESTORE] snap_pipeline exists: device=cuda
2026-08-03 13:30:04+05:30 [RESTORE_POST] SIGSEGV handler: 0
2026-08-03 13:30:04+05:30 [RESTORE_POST] SIGABRT handler: 0
2026-08-03 13:30:04+05:30 [RESTORE_POST] SIGBUS handler: 0
2026-08-03 13:30:04+05:30 [RESTORE_POST] SIGFPE handler: 0
2026-08-03 13:30:04+05:30 [RESTORE_FINAL] pid=2 cuda_available=True allocated=4303916032 reserved=4580179968 memory_snapshot_segments=0
2026-08-03 13:30:04+05:30 [RESTORE] GPU snapshot restore complete
2026-08-03 13:30:04+05:30 2026-08-03 08:00:04.890 | INFO     | flash_head.inference:get_pipeline:21 - ulysses_degree: 1, ring_degree: 1, device: cuda
2026-08-03 13:30:04+05:30 2026-08-03 08:00:04.890 | INFO     | flash_head.src.pipeline.flash_head_pipeline:get_cached_lite_components:68 - Reusing cached Lite model components
2026-08-03 13:30:04+05:30 2026-08-03 08:00:04.891 | INFO     | flash_head.inference:get_pipeline:21 - ulysses_degree: 1, ring_degree: 1, device: cuda
2026-08-03 13:30:04+05:30 2026-08-03 08:00:04.891 | INFO     | flash_head.src.pipeline.flash_head_pipeline:get_cached_lite_components:68 - Reusing cached Lite model components
2026-08-03 13:30:04+05:30 2026-08-03 08:00:04.891 | INFO     | flash_head.inference:get_pipeline:21 - ulysses_degree: 1, ring_degree: 1, device: cuda
2026-08-03 13:30:04+05:30 2026-08-03 08:00:04.891 | INFO     | flash_head.src.pipeline.flash_head_pipeline:get_cached_lite_components:68 - Reusing cached Lite model components
2026-08-03 13:30:04+05:30 [SERVE] Starting serve() post-restore
2026-08-03 13:30:04+05:30 2026-08-03 08:00:04,892 [INFO] BatchedStreamingEngine: BatchedStreamingEngine background thread started
2026-08-03 13:30:04+05:30 [SERVE] BatchedStreamingEngine started (wait_window=20ms)
2026-08-03 13:30:04+05:30 2026-08-03 08:00:04,894 [INFO] default_avatar_cache: [default-avatar-cache] Manifest not found at /app/config/default_avatars.manifest.json. Falling back to per-session URL fetch.
2026-08-03 13:30:04+05:30 [modal] Default avatar manifest not found at /app/config/default_avatars.manifest.json - falling back to per-session URL fetch
2026-08-03 13:30:04+05:30 [modal] Default idle cache: cachedIdleVideoCount=0 failed=0
2026-08-03 13:30:04+05:30 [SERVE] Snapshot pipeline in model_pool: current_size=3 available=3
2026-08-03 13:30:04+05:30 2026-08-03 08:00:04,896 [INFO] modal_app: aiohttp background thread started ident=46729062758080
2026-08-03 13:30:04+05:30 2026-08-03 08:00:04,897 [INFO] streaming.websocket_server: Starting WebSocket ingestion server on ws://0.0.0.0:8765
2026-08-03 13:30:04+05:30 2026-08-03 08:00:04,905 [INFO] websockets.server: server listening on 0.0.0.0:8765
2026-08-03 13:30:04+05:30 [SERVE] Models already on GPU from snapshot - marking ready immediately
2026-08-03 13:30:04+05:30 [SERVE_START] pid=2 cuda_available=True allocated=4303916032 reserved=4580179968 memory_snapshot_segments=0
2026-08-03 13:30:05+05:30 [prewarm] Connecting to wss://ai-14ksodzi.livekit.cloud room=prewarm-8154cd98 slot=1/3 attempt=1/required...
2026-08-03 13:30:06+05:30 Nvidia Decoder is supported.
2026-08-03 13:30:06+05:30 2026-08-03 08:00:06,515 [INFO] livekit: livekit_api::signal_client::signal_stream:104:livekit_api::signal_client::signal_stream - connecting to wss://ai-14ksodzi.livekit.cloud/rtc/v1
2026-08-03 13:30:06+05:30 [prewarm] Connected slot=1/3 in 1217.1 ms, adding to pool
2026-08-03 13:30:06+05:30 2026-08-03 08:00:06,904 [INFO] modal_app: aiohttp site started thread=46729062758080 event_loop=46727750424944
2026-08-03 13:30:06+05:30 [prewarm] Connecting to wss://ai-14ksodzi.livekit.cloud room=prewarm-1aa5b66d slot=2/3 attempt=1/3...
2026-08-03 13:30:06+05:30 [prewarm] Connecting to wss://ai-14ksodzi.livekit.cloud room=prewarm-8c2ff968 slot=3/3 attempt=1/3...
2026-08-03 13:30:06+05:30 [METRICS] GPU_util=0% GPU_temp=46C GPU_mem=4.0GB/22.0GB (reserved=4.3GB) RSS=11766MB CPU_user=37.2s CPU_sys=10.8s sessions=0 pool=3/3
2026-08-03 13:30:07+05:30 2026-08-03 08:00:07,014 [INFO] aiohttp.access: 172.20.24.171 [03/Aug/2026:08:00:07 +0000] "GET /readyz HTTP/1.1" 200 398 "-" "Mozilla/5.0 (Windows NT; Windows NT 10.0; en-IN) WindowsPowerShell/5.1.26100.7705"
2026-08-03 13:30:07+05:30     GET /readyz -> 200 OK  (duration: 44.3 s, execution: 109.9 ms)
2026-08-03 13:30:07+05:30 2026-08-03 08:00:07,354 [INFO] livekit: livekit_api::signal_client::signal_stream:104:livekit_api::signal_client::signal_stream - connecting to wss://ai-14ksodzi.livekit.cloud/rtc/v1
2026-08-03 13:30:07+05:30 2026-08-03 08:00:07,360 [INFO] livekit: livekit_api::signal_client::signal_stream:104:livekit_api::signal_client::signal_stream - connecting to wss://ai-14ksodzi.livekit.cloud/rtc/v1
2026-08-03 13:30:07+05:30 [prewarm] Connected slot=2/3 in 575.8 ms, adding to pool
2026-08-03 13:30:07+05:30 [prewarm] Connected slot=3/3 in 576.4 ms, adding to pool
2026-08-03 13:30:07+05:30 [prewarm] Background fill finished: 3/3 rooms connected, 3/3 rooms available
2026-08-03 13:30:12+05:30 [METRICS] GPU_util=0% GPU_temp=46C GPU_mem=4.0GB/22.0GB (reserved=4.3GB) RSS=11766MB CPU_user=42.2s CPU_sys=11.3s sessions=0 pool=3/3
2026-08-03 13:30:17+05:30 2026-08-03 08:00:17,020 [INFO] handler: [claim_room] Claimed room prewarm-8154cd98 for new session
2026-08-03 13:30:17+05:30 2026-08-03 08:00:17,021 [INFO] aiohttp.access: 172.20.24.171 [03/Aug/2026:08:00:17 +0000] "POST /room/claim HTTP/1.1" 200 965 "-" "node"
2026-08-03 13:30:17+05:30    POST /room/claim -> 200 OK  (duration: 57.6 ms, execution: 23.3 ms)
2026-08-03 13:30:17+05:30 [METRICS] GPU_util=0% GPU_temp=46C GPU_mem=4.0GB/22.0GB (reserved=4.3GB) RSS=11766MB CPU_user=46.2s CPU_sys=11.4s sessions=0 pool=3/3
2026-08-03 13:30:18+05:30 2026-08-03 08:00:18,721 [INFO] handler: [pod_session_start] Received session=1bb820ae-1d30-4857-81b9-fe5472fa589f room=prewarm-8154cd98 ingestion=websocket hasIdleAsset=True
2026-08-03 13:30:18+05:30 2026-08-03 08:00:18,721 [INFO] streaming.websocket_server: Registered WebSocket session: 1bb820ae-1d30-4857-81b9-fe5472fa589f
2026-08-03 13:30:18+05:30 2026-08-03 08:00:18,722 [INFO] aiohttp.access: 172.20.24.171 [03/Aug/2026:08:00:18 +0000] "POST /sessions/start HTTP/1.1" 202 308 "-" "node"
2026-08-03 13:30:18+05:30 2026-08-03 08:00:18,722 [INFO] handler: [handler] Reusing pre-warmed LiveKit room prewarm-8154cd98 connection_state=1 identity=prewarm-prewarm-8154cd98
2026-08-03 13:30:18+05:30 2026-08-03 08:00:18,723 [INFO] batched_stream_processor: [BATCHED-DIAG] threading context: thread_id=46729062758080 thread_name=modal-aiohttp-server event_loop_id=46727750424944
2026-08-03 13:30:18+05:30 2026-08-03 08:00:18,723 [INFO] batched_stream_processor: Connecting to LiveKit room=prewarm-8154cd98 url=wss://ai-14ksodzi.livekit.cloud session=1bb820ae-1d30-4857-81b9-fe5472fa589f
2026-08-03 13:30:18+05:30 2026-08-03 08:00:18,723 [INFO] batched_stream_processor: Reusing pre-connected LiveKit room=prewarm-8154cd98 session=1bb820ae-1d30-4857-81b9-fe5472fa589f connection_state=1
2026-08-03 13:30:18+05:30 2026-08-03 08:00:18,725 [INFO] streaming.idle_video: Downloading idle video asset
2026-08-03 13:30:18+05:30    POST /sessions/start -> 202 Accepted  (duration: 57.1 ms, execution: 23.3 ms)
2026-08-03 13:30:19+05:30 2026-08-03 08:00:19,290 [INFO] handler: WS_REQUEST_RECEIVED session=1bb820ae-1d30-4857-81b9-fe5472fa589f origin= ip=172.20.24.171
2026-08-03 13:30:19+05:30 2026-08-03 08:00:19,291 [INFO] handler: WS_CONNECT session=1bb820ae-1d30-4857-81b9-fe5472fa589f origin= ip=172.20.24.171 handlerMs=0.6
2026-08-03 13:30:19+05:30 2026-08-03 08:00:19,449 [INFO] batched_stream_processor: [BATCHED-DIAG] {'event': 'participant_connected', 't': 0.725, 'identity': 'viewer-prewarm-8154cd98'}
2026-08-03 13:30:19+05:30 2026-08-03 08:00:19,626 [INFO] streaming.idle_video: Loading idle video frames from /tmp/tmp2mn06e7r.mp4
2026-08-03 13:30:20+05:30 2026-08-03 08:00:20,174 [INFO] streaming.idle_video: Loaded 375 frames for idle loop
2026-08-03 13:30:20+05:30 2026-08-03 08:00:20,175 [INFO] batched_stream_processor: Registering session 1bb820ae-1d30-4857-81b9-fe5472fa589f with BatchedStreamingEngine
2026-08-03 13:30:20+05:30 2026-08-03 08:00:20,176 [INFO] BatchedStreamingEngine: Session 1bb820ae-1d30-4857-81b9-fe5472fa589f added (total=1)
2026-08-03 13:30:22+05:30 [METRICS] GPU_util=0% GPU_temp=46C GPU_mem=4.0GB/22.0GB (reserved=4.3GB) RSS=11766MB CPU_user=51.4s CPU_sys=12.8s sessions=1 pool=3/3
2026-08-03 13:30:24+05:30 2026-08-03 08:00:24,562 [INFO] batched_stream_processor: Session 1bb820ae-1d30-4857-81b9-fe5472fa589f registered with engine in 4387.8 ms (avatar prepared)
2026-08-03 13:30:24+05:30 2026-08-03 08:00:24,563 [INFO] streaming.state_manager: [SM] Adaptive caps: p95_ms=350 buffer=9 peak=33 MAX=42 TARGET=33
2026-08-03 13:30:24+05:30 2026-08-03 08:00:24,563 [INFO] streaming.state_manager: [SM] Adaptive caps: p95_ms=350 buffer=9 peak=33 MAX=42 TARGET=33
2026-08-03 13:30:24+05:30 2026-08-03 08:00:24,563 [INFO] VideoPublisher: [VP-DIAG] First non-None frame received after 0 None ticks (~0.0s). Creating track...
2026-08-03 13:30:24+05:30 2026-08-03 08:00:24,563 [INFO] VideoPublisher: [VP-DIAG] Creating video track 512x512
2026-08-03 13:30:24+05:30 2026-08-03 08:00:24,565 [INFO] VideoPublisher: [VP-DIAG] Calling publish_track()...
2026-08-03 13:30:24+05:30 2026-08-03 08:00:24,574 [INFO] VideoPublisher: [VP-DIAG] publish_track() completed in 8.5 ms
2026-08-03 13:30:24+05:30 2026-08-03 08:00:24,582 [INFO] livekit: livekit::room::e2ee::manager:179:livekit::room::e2ee::manager - packet_trailer not enabled for published track TR_VCGVhCdGTn5oD6 from prewarm-prewarm-8154cd98
2026-08-03 13:30:24+05:30 2026-08-03 08:00:24,583 [INFO] batched_stream_processor: [BATCHED-DIAG] {'event': 'local_track_published', 't': 5.859, 'sid': 'TR_VCGVhCdGTn5oD6', 'kind': 2}
2026-08-03 13:30:24+05:30 2026-08-03 08:00:24,583 [INFO] batched_stream_processor: IDLE_TRACK_PUBLISHED session=1bb820ae-1d30-4857-81b9-fe5472fa589f room=prewarm-8154cd98
2026-08-03 13:30:24+05:30 2026-08-03 08:00:24,603 [INFO] livekit: livekit::rtc_engine::peer_transport:447:livekit::rtc_engine::peer_transport - Applying x-google-start-bitrate=2700 kbps (ultimate_bps=Some(3000000))
2026-08-03 13:30:24+05:30 2026-08-03 08:00:24,604 [INFO] livekit: livekit::rtc_engine::peer_transport:455:livekit::rtc_engine::peer_transport - SDP munged successfully for video codec
2026-08-03 13:30:27+05:30 [METRICS] GPU_util=0% GPU_temp=47C GPU_mem=4.0GB/22.0GB (reserved=5.5GB) RSS=11766MB CPU_user=55.9s CPU_sys=13.2s sessions=1 pool=3/3
2026-08-03 13:30:29+05:30 2026-08-03 08:00:29,567 [INFO] VideoPublisher: VIDEO_PUBLISH_METRICS windowMs=5004 frames=126 effectiveFps=25.2 liveFrames=0 repeatedLiveFrames=0 idleFrames=126 desyncPct=100.0 maxGapMs=43.0 maxCaptureMs=1.2
2026-08-03 13:30:30+05:30 2026-08-03 08:00:30,176 [INFO] BatchedStreamingEngine: Session 1bb820ae-1d30-4857-81b9-fe5472fa589f idle timeout (10s), removing
2026-08-03 13:30:30+05:30 2026-08-03 08:00:30,177 [INFO] BatchedStreamingEngine: Session 1bb820ae-1d30-4857-81b9-fe5472fa589f removed (total=0)
2026-08-03 13:30:32+05:30 [METRICS] GPU_util=0% GPU_temp=47C GPU_mem=4.0GB/22.0GB (reserved=5.5GB) RSS=11766MB CPU_user=60.5s CPU_sys=13.4s sessions=1 pool=3/3
2026-08-03 13:30:34+05:30 2026-08-03 08:00:34,608 [INFO] VideoPublisher: VIDEO_PUBLISH_METRICS windowMs=5040 frames=126 effectiveFps=25.0 liveFrames=0 repeatedLiveFrames=0 idleFrames=126 desyncPct=100.0 maxGapMs=42.6 maxCaptureMs=0.7
2026-08-03 13:30:37+05:30 [METRICS] GPU_util=0% GPU_temp=47C GPU_mem=4.0GB/22.0GB (reserved=5.5GB) RSS=11766MB CPU_user=65.3s CPU_sys=13.6s sessions=1 pool=3/3
2026-08-03 13:30:39+05:30 2026-08-03 08:00:39,328 [INFO] streaming.idle_video: [idle] loop flow crossfade 8 frames in 83.9ms
2026-08-03 13:30:39+05:30 2026-08-03 08:00:39,330 [WARNING] VideoPublisher: VIDEO_PUBLISH_GAP gapMs=122.7 targetFps=25 frameSource=idle
2026-08-03 13:30:39+05:30 2026-08-03 08:00:39,608 [INFO] VideoPublisher: VIDEO_PUBLISH_METRICS windowMs=5000 frames=125 effectiveFps=25.0 liveFrames=0 repeatedLiveFrames=0 idleFrames=125 desyncPct=100.0 maxGapMs=122.7 maxCaptureMs=0.7
2026-08-03 13:30:42+05:30 [METRICS] GPU_util=0% GPU_temp=47C GPU_mem=4.0GB/22.0GB (reserved=5.5GB) RSS=11766MB CPU_user=70.3s CPU_sys=14.3s sessions=1 pool=3/3
2026-08-03 13:30:44+05:30 2026-08-03 08:00:44,647 [INFO] VideoPublisher: VIDEO_PUBLISH_METRICS windowMs=5039 frames=126 effectiveFps=25.0 liveFrames=0 repeatedLiveFrames=0 idleFrames=126 desyncPct=100.0 maxGapMs=43.2 maxCaptureMs=0.8
2026-08-03 13:30:47+05:30 [METRICS] GPU_util=0% GPU_temp=47C GPU_mem=4.0GB/22.0GB (reserved=5.5GB) RSS=11766MB CPU_user=75.1s CPU_sys=14.5s sessions=1 pool=3/3
2026-08-03 13:30:49+05:30 2026-08-03 08:00:49,650 [INFO] VideoPublisher: VIDEO_PUBLISH_METRICS windowMs=5001 frames=125 effectiveFps=25.0 liveFrames=0 repeatedLiveFrames=0 idleFrames=125 desyncPct=100.0 maxGapMs=43.6 maxCaptureMs=1.0
2026-08-03 13:30:52+05:30 [METRICS] GPU_util=0% GPU_temp=47C GPU_mem=4.0GB/22.0GB (reserved=5.5GB) RSS=11766MB CPU_user=80.0s CPU_sys=14.8s sessions=1 pool=3/3
2026-08-03 13:30:54+05:30 2026-08-03 08:00:54,563 [INFO] streaming.state_manager: [SM] Adaptive caps: p95_ms=350 buffer=9 peak=33 MAX=42 TARGET=33
2026-08-03 13:30:54+05:30 2026-08-03 08:00:54,688 [INFO] VideoPublisher: VIDEO_PUBLISH_METRICS windowMs=5038 frames=126 effectiveFps=25.0 liveFrames=0 repeatedLiveFrames=0 idleFrames=126 desyncPct=100.0 maxGapMs=43.2 maxCaptureMs=1.1
2026-08-03 13:30:57+05:30 [METRICS] GPU_util=0% GPU_temp=48C GPU_mem=4.0GB/22.0GB (reserved=5.5GB) RSS=11766MB CPU_user=84.7s CPU_sys=15.0s sessions=1 pool=3/3
2026-08-03 13:30:59+05:30 2026-08-03 08:00:59,729 [INFO] VideoPublisher: VIDEO_PUBLISH_METRICS windowMs=5041 frames=126 effectiveFps=25.0 liveFrames=0 repeatedLiveFrames=0 idleFrames=126 desyncPct=100.0 maxGapMs=43.1 maxCaptureMs=1.0
2026-08-03 13:31:02+05:30 [METRICS] GPU_util=0% GPU_temp=48C GPU_mem=4.0GB/22.0GB (reserved=5.5GB) RSS=11766MB CPU_user=89.6s CPU_sys=15.3s sessions=1 pool=3/3
2026-08-03 13:31:04+05:30 2026-08-03 08:01:04,767 [INFO] VideoPublisher: VIDEO_PUBLISH_METRICS windowMs=5037 frames=126 effectiveFps=25.0 liveFrames=0 repeatedLiveFrames=0 idleFrames=126 desyncPct=100.0 maxGapMs=44.2 maxCaptureMs=0.9
2026-08-03 13:31:06+05:30 2026-08-03 08:01:06,703 [INFO] handler: UTTERANCE_END_RECEIVED session=1bb820ae-1d30-4857-81b9-fe5472fa589f
2026-08-03 13:31:06+05:30 2026-08-03 08:01:06,703 [INFO] batched_stream_processor: BATCHED_DRAIN_STARTED session=1bb820ae-1d30-4857-81b9-fe5472fa589f keep_alive=True
2026-08-03 13:31:06+05:30 2026-08-03 08:01:06,703 [INFO] batched_stream_processor: BATCHED_DRAIN_COMPLETED session=1bb820ae-1d30-4857-81b9-fe5472fa589f cycles=0 elapsed=0.3ms keep_alive=True
2026-08-03 13:31:07+05:30 [METRICS] GPU_util=0% GPU_temp=48C GPU_mem=4.0GB/22.0GB (reserved=5.5GB) RSS=11766MB CPU_user=94.1s CPU_sys=15.5s sessions=1 pool=3/3
2026-08-03 13:31:09+05:30 2026-08-03 08:01:09,808 [INFO] VideoPublisher: VIDEO_PUBLISH_METRICS windowMs=5041 frames=126 effectiveFps=25.0 liveFrames=0 repeatedLiveFrames=0 idleFrames=126 desyncPct=100.0 maxGapMs=43.8 maxCaptureMs=1.1
2026-08-03 13:31:12+05:30 [METRICS] GPU_util=0% GPU_temp=48C GPU_mem=4.0GB/22.0GB (reserved=5.5GB) RSS=11766MB CPU_user=98.5s CPU_sys=15.7s sessions=1 pool=3/3
2026-08-03 13:31:14+05:30 2026-08-03 08:01:14,810 [INFO] VideoPublisher: VIDEO_PUBLISH_METRICS windowMs=5001 frames=125 effectiveFps=25.0 liveFrames=0 repeatedLiveFrames=0 idleFrames=125 desyncPct=100.0 maxGapMs=43.6 maxCaptureMs=0.9
2026-08-03 13:31:16+05:30 2026-08-03 08:01:16,968 [INFO] livekit: livekit::room:1687:livekit::room - disconnected from room with reason: ClientInitiated
2026-08-03 13:31:16+05:30 2026-08-03 08:01:16,976 [INFO] livekit: livekit::room:1687:livekit::room - disconnected from room with reason: ClientInitiated
2026-08-03 13:31:17+05:30 [METRICS] GPU_util=0% GPU_temp=48C GPU_mem=4.0GB/22.0GB (reserved=5.5GB) RSS=11766MB CPU_user=103.2s CPU_sys=15.9s sessions=1 pool=3/3
2026-08-03 13:31:19+05:30 2026-08-03 08:01:19,850 [INFO] VideoPublisher: VIDEO_PUBLISH_METRICS windowMs=5040 frames=126 effectiveFps=25.0 liveFrames=0 repeatedLiveFrames=0 idleFrames=126 desyncPct=100.0 maxGapMs=44.9 maxCaptureMs=1.0
2026-08-03 13:31:22+05:30 [METRICS] GPU_util=0% GPU_temp=48C GPU_mem=4.0GB/22.0GB (reserved=5.5GB) RSS=11766MB CPU_user=107.7s CPU_sys=16.1s sessions=1 pool=3/3
2026-08-03 13:31:24+05:30 2026-08-03 08:01:24,566 [INFO] streaming.state_manager: [SM] Adaptive caps: p95_ms=350 buffer=9 peak=33 MAX=42 TARGET=33
2026-08-03 13:31:24+05:30 2026-08-03 08:01:24,886 [INFO] VideoPublisher: VIDEO_PUBLISH_METRICS windowMs=5036 frames=126 effectiveFps=25.0 liveFrames=0 repeatedLiveFrames=0 idleFrames=126 desyncPct=100.0 maxGapMs=43.0 maxCaptureMs=0.9
2026-08-03 13:31:27+05:30 [METRICS] GPU_util=0% GPU_temp=48C GPU_mem=4.0GB/22.0GB (reserved=5.5GB) RSS=11766MB CPU_user=112.4s CPU_sys=16.2s sessions=1 pool=3/3
2026-08-03 13:31:29+05:30 2026-08-03 08:01:29,887 [INFO] VideoPublisher: VIDEO_PUBLISH_METRICS windowMs=5000 frames=125 effectiveFps=25.0 liveFrames=0 repeatedLiveFrames=0 idleFrames=125 desyncPct=100.0 maxGapMs=43.1 maxCaptureMs=1.0
2026-08-03 13:31:32+05:30 [METRICS] GPU_util=0% GPU_temp=48C GPU_mem=4.0GB/22.0GB (reserved=5.5GB) RSS=11766MB CPU_user=117.2s CPU_sys=16.4s sessions=1 pool=3/3
2026-08-03 13:31:34+05:30 2026-08-03 08:01:34,927 [INFO] VideoPublisher: VIDEO_PUBLISH_METRICS windowMs=5040 frames=126 effectiveFps=25.0 liveFrames=0 repeatedLiveFrames=0 idleFrames=126 desyncPct=100.0 maxGapMs=43.6 maxCaptureMs=1.0
2026-08-03 13:31:37+05:30 [METRICS] GPU_util=0% GPU_temp=49C GPU_mem=4.0GB/22.0GB (reserved=5.5GB) RSS=11766MB CPU_user=122.2s CPU_sys=16.7s sessions=1 pool=3/3
2026-08-03 13:31:39+05:30 2026-08-03 08:01:39,966 [INFO] VideoPublisher: VIDEO_PUBLISH_METRICS windowMs=5038 frames=126 effectiveFps=25.0 liveFrames=0 repeatedLiveFrames=0 idleFrames=126 desyncPct=100.0 maxGapMs=44.3 maxCaptureMs=1.3
2026-08-03 13:31:42+05:30 [METRICS] GPU_util=0% GPU_temp=49C GPU_mem=4.0GB/22.0GB (reserved=5.5GB) RSS=11766MB CPU_user=127.0s CPU_sys=16.9s sessions=1 pool=3/3
2026-08-03 13:31:44+05:30 2026-08-03 08:01:44,233 [INFO] handler: UTTERANCE_END_RECEIVED session=1bb820ae-1d30-4857-81b9-fe5472fa589f
2026-08-03 13:31:44+05:30 2026-08-03 08:01:44,233 [INFO] batched_stream_processor: BATCHED_DRAIN_STARTED session=1bb820ae-1d30-4857-81b9-fe5472fa589f keep_alive=True
2026-08-03 13:31:44+05:30 2026-08-03 08:01:44,233 [INFO] batched_stream_processor: BATCHED_DRAIN_COMPLETED session=1bb820ae-1d30-4857-81b9-fe5472fa589f cycles=0 elapsed=0.1ms keep_alive=True
2026-08-03 13:31:44+05:30 2026-08-03 08:01:44,290 [INFO] handler: SESSION_END_RECEIVED session=1bb820ae-1d30-4857-81b9-fe5472fa589f
2026-08-03 13:31:44+05:30 2026-08-03 08:01:44,290 [INFO] batched_stream_processor: BATCHED_DRAIN_STARTED session=1bb820ae-1d30-4857-81b9-fe5472fa589f keep_alive=False
2026-08-03 13:31:44+05:30 2026-08-03 08:01:44,290 [INFO] batched_stream_processor: BATCHED_DRAIN_COMPLETED session=1bb820ae-1d30-4857-81b9-fe5472fa589f cycles=0 elapsed=0.1ms keep_alive=False
2026-08-03 13:31:44+05:30 2026-08-03 08:01:44,291 [INFO] streaming.websocket_server: Unregistered WebSocket session: 1bb820ae-1d30-4857-81b9-fe5472fa589f
2026-08-03 13:31:44+05:30 CONNECT /ws/1bb820ae-1d30-4857-81b9-fe5472fa589f -> 101 Switching Protocols  (duration: 85.1 s, execution: 85.1 s)
2026-08-03 13:31:44+05:30 2026-08-03 08:01:44,433 [INFO] batched_stream_processor: [BATCHED-DIAG] {'event': 'connection_state_changed', 't': 85.71, 'state': '0'}
2026-08-03 13:31:44+05:30 2026-08-03 08:01:44,433 [INFO] batched_stream_processor: [BATCHED-DIAG] {'event': 'disconnected', 't': 85.71, 'state': '0', 'reason': '1'}
2026-08-03 13:31:44+05:30 2026-08-03 08:01:44,435 [INFO] handler: [handler] run_batched_streaming_session() completed in 85712.3ms for 1bb820ae-1d30-4857-81b9-fe5472fa589f
2026-08-03 13:31:44+05:30 2026-08-03 08:01:44,435 [INFO] livekit: livekit::room:1687:livekit::room - disconnected from room with reason: ClientInitiated
2026-08-03 13:31:44+05:30 2026-08-03 08:01:44,435 [INFO] handler: WS_SESSION_ENDED session=1bb820ae-1d30-4857-81b9-fe5472fa589f ip=172.20.24.171
2026-08-03 13:31:44+05:30 2026-08-03 08:01:44,436 [INFO] aiohttp.access: 172.20.24.171 [03/Aug/2026:08:00:19 +0000] "GET /ws/1bb820ae-1d30-4857-81b9-fe5472fa589f HTTP/1.1" 101 0 "-" "Python/3.12 aiohttp/3.14.3"
2026-08-03 13:31:47+05:30 2026-08-03 08:01:47,468 [INFO] aiohttp.access: 172.20.24.171 [03/Aug/2026:08:01:47 +0000] "POST /sessions/1bb820ae-1d30-4857-81b9-fe5472fa589f/end HTTP/1.1" 404 261 "-" "node"
2026-08-03 13:31:47+05:30    POST /sessions/1bb820ae-1d30-4857-81b9-fe5472fa589f/end -> 404 Not Found  (duration: 96.3 ms, execution: 60.7 ms)
2026-08-03 13:31:47+05:30 [METRICS] GPU_util=0% GPU_temp=49C GPU_mem=4.0GB/22.0GB (reserved=5.5GB) RSS=11766MB CPU_user=131.2s CPU_sys=17.1s sessions=0 pool=3/3
2026-08-03 13:31:52+05:30 [METRICS] GPU_util=0% GPU_temp=49C GPU_mem=4.0GB/22.0GB (reserved=5.5GB) RSS=11766MB CPU_user=135.0s CPU_sys=17.1s sessions=0 pool=3/3
2026-08-03 13:31:57+05:30 [METRICS] GPU_util=0% GPU_temp=49C GPU_mem=4.0GB/22.0GB (reserved=5.5GB) RSS=11766MB CPU_user=138.9s CPU_sys=17.2s sessions=0 pool=3/3
2026-08-03 13:32:02+05:30 [METRICS] GPU_util=0% GPU_temp=49C GPU_mem=4.0GB/22.0GB (reserved=5.5GB) RSS=11766MB CPU_user=142.8s CPU_sys=17.4s sessions=0 pool=3/3
2026-08-03 13:32:07+05:30 [METRICS] GPU_util=0% GPU_temp=49C GPU_mem=4.0GB/22.0GB (reserved=5.5GB) RSS=11766MB CPU_user=146.5s CPU_sys=17.5s sessions=0 pool=3/3
2026-08-03 13:32:12+05:30 [METRICS] GPU_util=0% GPU_temp=49C GPU_mem=4.0GB/22.0GB (reserved=5.5GB) RSS=11766MB CPU_user=150.5s CPU_sys=17.5s sessions=0 pool=3/3
2026-08-03 13:32:17+05:30 [METRICS] GPU_util=0% GPU_temp=49C GPU_mem=4.0GB/22.0GB (reserved=5.5GB) RSS=11766MB CPU_user=154.3s CPU_sys=17.6s sessions=0 pool=3/3
2026-08-03 13:32:22+05:30 [METRICS] GPU_util=0% GPU_temp=49C GPU_mem=4.0GB/22.0GB (reserved=5.5GB) RSS=11766MB CPU_user=158.2s CPU_sys=17.8s sessions=0 pool=3/3
