2026-09-09 00:49:05+05:30 Creating CPU memory snapshot for Function.
2026-09-09 00:49:11+05:30 
2026-09-09 00:49:11+05:30 =============
2026-09-09 00:49:11+05:30 == PyTorch ==
2026-09-09 00:49:11+05:30 =============
2026-09-09 00:49:11+05:30 
2026-09-09 00:49:11+05:30 NVIDIA Release 26.05 (build 313520559)
2026-09-09 00:49:11+05:30 PyTorch Version 2.12.0a0+5aff392
2026-09-09 00:49:11+05:30 Container image Copyright (c) 2026, NVIDIA CORPORATION & AFFILIATES. All rights reserved.
2026-09-09 00:49:11+05:30 Copyright (c) 2014-2024 Facebook Inc.
2026-09-09 00:49:11+05:30 Copyright (c) 2011-2014 Idiap Research Institute (Ronan Collobert)
2026-09-09 00:49:11+05:30 Copyright (c) 2012-2014 Deepmind Technologies    (Koray Kavukcuoglu)
2026-09-09 00:49:11+05:30 Copyright (c) 2011-2012 NEC Laboratories America (Koray Kavukcuoglu)
2026-09-09 00:49:11+05:30 Copyright (c) 2011-2013 NYU                      (Clement Farabet)
2026-09-09 00:49:11+05:30 Copyright (c) 2006-2010 NEC Laboratories America (Ronan Collobert, Leon Bottou, Iain Melvin, Jason Weston)
2026-09-09 00:49:11+05:30 Copyright (c) 2006      Idiap Research Institute (Samy Bengio)
2026-09-09 00:49:11+05:30 Copyright (c) 2001-2004 Idiap Research Institute (Ronan Collobert, Samy Bengio, Johnny Mariethoz)
2026-09-09 00:49:11+05:30 Copyright (c) 2015      Google Inc.
2026-09-09 00:49:11+05:30 Copyright (c) 2015      Yangqing Jia
2026-09-09 00:49:11+05:30 Copyright (c) 2013-2016 The Caffe contributors
2026-09-09 00:49:11+05:30 All rights reserved.
2026-09-09 00:49:11+05:30 
2026-09-09 00:49:11+05:30 Various files include modifications (c) NVIDIA CORPORATION & AFFILIATES.  All rights reserved.
2026-09-09 00:49:11+05:30 
2026-09-09 00:49:11+05:30 GOVERNING TERMS: The software and materials are governed by the NVIDIA Software License Agreement
2026-09-09 00:49:11+05:30 (found at https://www.nvidia.com/en-us/agreements/enterprise-software/nvidia-software-license-agreement/)
2026-09-09 00:49:11+05:30 and the Product-Specific Terms for NVIDIA AI Products
2026-09-09 00:49:11+05:30 (found at https://www.nvidia.com/en-us/agreements/enterprise-software/product-specific-terms-for-ai-products/).
2026-09-09 00:49:12+05:30 
2026-09-09 00:49:12+05:30 ERROR: The NVIDIA Driver is present, but CUDA failed to initialize.  GPU functionality will not be available.
2026-09-09 00:49:12+05:30    [[ No CUDA-capable device is detected (error 100) ]]
2026-09-09 00:49:12+05:30 
2026-09-09 00:49:13+05:30 [modal] CPU snapshot load with WORKER_CONCURRENCY=3 TARGET_GPU=L40S
2026-09-09 00:49:20+05:30 W0908 19:19:20.919000 2 torch/utils/_pytree.py:630] <enum 'KernelPreference'> is an Enum subclass and is now natively supported by torch.compile as an opaque value type. Calling register_constant() on Enum subclasses is deprecated and will be an error in a future release.
2026-09-09 00:49:20+05:30 W0908 19:19:20.963000 2 torch/utils/_pytree.py:630] <enum 'ScaleCalculationMode'> is an Enum subclass and is now natively supported by torch.compile as an opaque value type. Calling register_constant() on Enum subclasses is deprecated and will be an error in a future release.
2026-09-09 00:49:20+05:30 Unable to import `torchao` Tensor objects. This may affect loading checkpoints serialized with `torchao`
2026-09-09 00:49:25+05:30 [SNAP_CREATE] Loading FlashHead pipeline on CPU...
2026-09-09 00:49:25+05:30 2026-09-08 19:19:25.873 | INFO     | flash_head.src.distributed.usp_device:get_device:20 - FLASHHEAD_LOAD_DEVICE=cpu, returning CPU device for snapshot
2026-09-09 00:49:25+05:30 2026-09-08 19:19:25.873 | INFO     | flash_head.inference:get_pipeline:21 - ulysses_degree: 1, ring_degree: 1, device: cpu
2026-09-09 00:49:29+05:30 There are modules in CausalVideoAutoencoder that should be kept in float32: []. Casting directly with `to()` can lead to inconsistent results; set `torch_dtype` in `from_pretrained()` instead to keep these modules in float32.
2026-09-09 00:49:29+05:30 There are modules in WanModelAudioProject that should be kept in float32: []. Casting directly with `to()` can lead to inconsistent results; set `torch_dtype` in `from_pretrained()` instead to keep these modules in float32.
2026-09-09 00:49:31+05:30 Some weights of Wav2Vec2Model were not initialized from the model checkpoint at /app/models/wav2vec2-base-960h and are newly initialized: ['masked_spec_embed']
2026-09-09 00:49:31+05:30 You should probably TRAIN this model on a down-stream task to be able to use it for predictions and inference.
2026-09-09 00:49:31+05:30 2026-09-08 19:19:31.858 | INFO     | flash_head.src.pipeline.flash_head_pipeline:get_cached_lite_components:102 - Cached Lite model components for reuse
2026-09-09 00:49:31+05:30 [SNAP_CREATE] Pipeline loaded to CPU in 5985.1ms
2026-09-09 00:49:31+05:30 [modal] Default avatar manifest not found at /app/config/default_avatars.manifest.json - falling back to per-session URL fetch
2026-09-09 00:49:31+05:30 [modal] Default idle cache: cachedIdleVideoCount=0 failed=0
2026-09-09 00:49:31+05:30 [SNAP_PRE_RESET] SIGSEGV handler: 0
2026-09-09 00:49:31+05:30 [SNAP_PRE_RESET] SIGABRT handler: 0
2026-09-09 00:49:31+05:30 [SNAP_PRE_RESET] SIGBUS handler: 0
2026-09-09 00:49:31+05:30 [SNAP_PRE_RESET] SIGFPE handler: 0
2026-09-09 00:49:31+05:30 [SNAP_POST_RESET] SIGSEGV handler: 0
2026-09-09 00:49:31+05:30 [SNAP_POST_RESET] SIGABRT handler: 0
2026-09-09 00:49:31+05:30 [SNAP_POST_RESET] SIGBUS handler: 0
2026-09-09 00:49:31+05:30 [SNAP_POST_RESET] SIGFPE handler: 0
2026-09-09 00:49:31+05:30 [modal] Pipeline loaded to CPU for snapshot
2026-09-09 00:50:03+05:30 Snapshot created. Restoring Function from memory snapshot.
2026-09-09 00:50:04+05:30 Restoring Function from memory snapshot.
2026-09-09 00:50:06+05:30 [RESTORE] CPU snapshot restore - moving pipeline to cuda
2026-09-09 00:50:06+05:30 [RESTORE_START] pid=2 cuda_available=True allocated=0 reserved=0 memory_snapshot_segments=0
2026-09-09 00:50:07+05:30 2026-09-08 19:20:07.790 | INFO     | flash_head.src.pipeline.flash_head_pipeline:move_to_device:199 - Moved FlashHeadPipeline components from cpu to cuda
2026-09-09 00:50:07+05:30 [RESTORE] Pipeline moved to cuda in 1134.5ms
2026-09-09 00:50:07+05:30 [RESTORE_POST_MOVE] pid=2 cuda_available=True allocated=4296190464 reserved=4580179968 memory_snapshot_segments=0
2026-09-09 00:50:07+05:30 [RESTORE] Running warmup inference on GPU...
2026-09-09 00:50:15+05:30 2026-09-08 19:20:15.217 | INFO     | flash_head.src.pipeline.flash_head_pipeline:generate:377 - [generate] GPU_BREAKDOWN noise=0.1ms denoise=2074.8ms decode=74.7ms color=10.1ms encode=22.1ms total=2181.9ms
2026-09-09 00:50:15+05:30 2026-09-08 19:20:15.218 | INFO     | flash_head.src.pipeline.flash_head_pipeline:generate:384 - [generate] DENOISE_STEPS total=2074.8ms steps=[s0=1957.5 s1=40.4 s2=38.5 s3=38.4] n_steps=4
2026-09-09 00:50:15+05:30 2026-09-08 19:20:15.218 | INFO     | flash_head.inference:run_pipeline:93 - [run_pipeline] gen=2182.1ms post=0.1ms
2026-09-09 00:50:15+05:30 [RESTORE] Warmup completed in 7389.8ms
2026-09-09 00:50:15+05:30 [RESTORE_POST_WARMUP] pid=2 cuda_available=True allocated=4308055040 reserved=5943328768 memory_snapshot_segments=0
2026-09-09 00:50:15+05:30 [RESTORE] Netstack prime OK target=1.1.1.1:53 elapsedMs=0.3
2026-09-09 00:50:15+05:30 [RESTORE] CPU snapshot restore complete
2026-09-09 00:50:15+05:30 [SERVE] Starting serve() post-restore
2026-09-09 00:50:15+05:30 2026-09-08 19:20:15,589 [INFO] handler: Using baked FlashHead checkpoint directory: /app/models/SoulX-FlashHead-1_3B
2026-09-09 00:50:15+05:30 2026-09-08 19:20:15,590 [INFO] utils.model_pool: Initializing FlashHead pool: initial_size=3 max_size=3
2026-09-09 00:50:15+05:30 2026-09-08 19:20:15,590 [INFO] utils.model_pool: Loading pipeline 1/3...
2026-09-09 00:50:15+05:30 2026-09-08 19:20:15,590 [INFO] utils.model_pool: Pipeline 1/3 loaded successfully.
2026-09-09 00:50:15+05:30 2026-09-08 19:20:15,590 [INFO] utils.model_pool: Loading pipeline 2/3...
2026-09-09 00:50:15+05:30 2026-09-08 19:20:15,590 [INFO] utils.model_pool: Pipeline 2/3 loaded successfully.
2026-09-09 00:50:15+05:30 2026-09-08 19:20:15,590 [INFO] utils.model_pool: Loading pipeline 3/3...
2026-09-09 00:50:15+05:30 2026-09-08 19:20:15,590 [INFO] utils.model_pool: Pipeline 3/3 loaded successfully.
2026-09-09 00:50:15+05:30 2026-09-08 19:20:15,599 [INFO] BatchedStreamingEngine: BatchedStreamingEngine background thread started
2026-09-09 00:50:15+05:30 BatchedStreamingEngine started (wait_window=20ms)
2026-09-09 00:50:15+05:30 Pipeline in model_pool: current_size=3 available=3
2026-09-09 00:50:15+05:30 2026-09-08 19:20:15,600 [INFO] modal_app: aiohttp background thread started ident=46996589041344
2026-09-09 00:50:15+05:30 2026-09-08 19:20:15,613 [INFO] websockets.server: server listening on 0.0.0.0:8765
2026-09-09 00:50:15+05:30 2026-09-08 19:20:15,613 [INFO] streaming.transport.websocket_server: Started WebSocket ingestion server on ws://0.0.0.0:8765
2026-09-09 00:50:15+05:30 [SERVE] Models on GPU after CPU snapshot restore - marking ready
2026-09-09 00:50:15+05:30 [SERVE_START] pid=2 cuda_available=True allocated=4308055040 reserved=5943328768 memory_snapshot_segments=0
2026-09-09 00:50:15+05:30 [SERVE] Running batched warmup cycle (background)...
2026-09-09 00:50:15+05:30 [SERVE] UDP heartbeat started interval=3.0s
2026-09-09 00:50:15+05:30 2026-09-08 19:20:15,623 [INFO] BatchedStreamingEngine: Session _warmup_ reserving INITIALIZING (total=1)
2026-09-09 00:50:15+05:30 2026-09-08 19:20:15,624 [INFO] modal_app: aiohttp site started thread=46996589041344 event_loop=46996582596192
2026-09-09 00:50:15+05:30 [modal] Pool status: current_size=3 available=3/3
2026-09-09 00:50:15+05:30 [METRICS] GPU_util=0% GPU_temp=34C GPU_mem=4.0GB/44.4GB (reserved=5.5GB) RSS=15869MB CPU_user=22.0s CPU_sys=4.3s sessions=0 pool=3/3
2026-09-09 00:50:15+05:30 2026-09-08 19:20:15,665 [INFO] BatchedStreamingEngine: Session _warmup_ added ACTIVE (total=1)
2026-09-09 00:50:16+05:30 2026-09-08 19:20:16.011 | INFO     | flash_head.src.pipeline.flash_head_pipeline:generate_batch:528 - [generate_batch] GPU_BREAKDOWN denoise=183.0ms decode=77.0ms color+encode=28.3ms total=288.5ms batch_size=1
2026-09-09 00:50:16+05:30 2026-09-08 19:20:16.012 | INFO     | flash_head.src.pipeline.flash_head_pipeline:generate_batch:535 - [generate_batch] DENOISE_STEPS total=183.0ms steps=[s0=45.3 s1=40.6 s2=40.6 s3=56.5] n_steps=4 batch_size=1
2026-09-09 00:50:16+05:30 2026-09-08 19:20:16,101 [INFO] handler: [pod_session_start] Received session=25bbf657-9d3c-4011-828e-a0f537558dcd room=manual-c3e62359 hasIdleAsset=True
2026-09-09 00:50:16+05:30 2026-09-08 19:20:16,105 [INFO] handler: [pod_session_start] Received session=9d27a9fb-3ff0-4b83-8b98-54cb04e4a745 room=manual-513d1aca hasIdleAsset=True
2026-09-09 00:50:16+05:30 [SERVE] Batched warmup completed in 653.3ms
2026-09-09 00:50:16+05:30 2026-09-08 19:20:16,268 [INFO] BatchedStreamingEngine: Session _warmup_ marked for drain (keep_alive=False)
2026-09-09 00:50:16+05:30 2026-09-08 19:20:16,269 [INFO] BatchedStreamingEngine: Session _warmup_ removed (total=0)
2026-09-09 00:50:17+05:30 2026-09-08 19:20:17,117 [INFO] streaming.transport.websocket_server: Registered WebSocket session: 25bbf657-9d3c-4011-828e-a0f537558dcd provider_profile=none telephony_provider=none
2026-09-09 00:50:17+05:30 2026-09-08 19:20:17,118 [INFO] batched_stream_processor: [BATCHED-DIAG] threading context: thread_id=46996589041344 thread_name=modal-aiohttp-server event_loop_id=46996582596192
2026-09-09 00:50:17+05:30 2026-09-08 19:20:17,118 [INFO] batched_stream_processor: Connecting to egress type=livekit room=manual-c3e62359 url=wss://ai-14ksodzi.livekit.cloud session=25bbf657-9d3c-4011-828e-a0f537558dcd
2026-09-09 00:50:17+05:30 2026-09-08 19:20:17,119 [INFO] batched_stream_processor: Registering session 25bbf657-9d3c-4011-828e-a0f537558dcd with BatchedStreamingEngine
2026-09-09 00:50:17+05:30 2026-09-08 19:20:17,119 [INFO] streaming.orchestration.idle_video: Downloading idle video asset
2026-09-09 00:50:17+05:30 2026-09-08 19:20:17,127 [INFO] BatchedStreamingEngine: Session 25bbf657-9d3c-4011-828e-a0f537558dcd reserving INITIALIZING (total=1)
2026-09-09 00:50:17+05:30 2026-09-08 19:20:17,353 [INFO] BatchedStreamingEngine: Session 25bbf657-9d3c-4011-828e-a0f537558dcd added ACTIVE (total=1)
2026-09-09 00:50:17+05:30 2026-09-08 19:20:17,353 [INFO] batched_stream_processor: Session 25bbf657-9d3c-4011-828e-a0f537558dcd registered with engine in 234.4 ms (avatar prepared)
2026-09-09 00:50:17+05:30 2026-09-08 19:20:17,421 [INFO] streaming.transport.websocket_server: Registered WebSocket session: 9d27a9fb-3ff0-4b83-8b98-54cb04e4a745 provider_profile=none telephony_provider=none
2026-09-09 00:50:17+05:30 2026-09-08 19:20:17,421 [INFO] batched_stream_processor: [BATCHED-DIAG] threading context: thread_id=46996589041344 thread_name=modal-aiohttp-server event_loop_id=46996582596192
2026-09-09 00:50:17+05:30 2026-09-08 19:20:17,422 [INFO] batched_stream_processor: Connecting to egress type=livekit room=manual-513d1aca url=wss://ai-14ksodzi.livekit.cloud session=9d27a9fb-3ff0-4b83-8b98-54cb04e4a745
2026-09-09 00:50:17+05:30 2026-09-08 19:20:17,423 [INFO] batched_stream_processor: Registering session 9d27a9fb-3ff0-4b83-8b98-54cb04e4a745 with BatchedStreamingEngine
2026-09-09 00:50:17+05:30 2026-09-08 19:20:17,423 [INFO] streaming.orchestration.idle_video: Downloading idle video asset
2026-09-09 00:50:17+05:30 2026-09-08 19:20:17,432 [INFO] BatchedStreamingEngine: Session 9d27a9fb-3ff0-4b83-8b98-54cb04e4a745 reserving INITIALIZING (total=2)
2026-09-09 00:50:17+05:30 2026-09-08 19:20:17,579 [INFO] streaming.orchestration.idle_video: Loading idle video frames from /tmp/tmp_pp7mqd0.mp4
2026-09-09 00:50:17+05:30 2026-09-08 19:20:17,647 [INFO] BatchedStreamingEngine: Session 9d27a9fb-3ff0-4b83-8b98-54cb04e4a745 added ACTIVE (total=2)
2026-09-09 00:50:17+05:30 2026-09-08 19:20:17,647 [INFO] batched_stream_processor: Session 9d27a9fb-3ff0-4b83-8b98-54cb04e4a745 registered with engine in 223.8 ms (avatar prepared)
2026-09-09 00:50:17+05:30 2026-09-08 19:20:17,843 [INFO] streaming.orchestration.idle_video: Loading idle video frames from /tmp/tmp_0wfzdex.mp4
2026-09-09 00:50:17+05:30 2026-09-08 19:20:17,881 [INFO] aiohttp.access: 172.20.27.161 [08/Sep/2026:19:20:16 +0000] "POST /sessions/start HTTP/1.1" 202 308 "-" "node"
2026-09-09 00:50:18+05:30 2026-09-08 19:20:18,083 [INFO] aiohttp.access: 172.20.27.161 [08/Sep/2026:19:20:16 +0000] "POST /sessions/start HTTP/1.1" 202 308 "-" "node"
2026-09-09 00:50:18+05:30    POST /sessions/start -> 202 Accepted  (duration: 75.6 s, execution: 2.47 s)
2026-09-09 00:50:18+05:30    POST /sessions/start -> 202 Accepted  (duration: 48.3 s, execution: 2.67 s)
2026-09-09 00:50:18+05:30 2026-09-08 19:20:18,711 [INFO] streaming.orchestration.idle_video: Loaded 375 frames for idle loop
2026-09-09 00:50:18+05:30 2026-09-08 19:20:18,935 [INFO] streaming.orchestration.idle_video: Loaded 375 frames for idle loop
2026-09-09 00:50:19+05:30 2026-09-08 19:20:19,676 [INFO] aiohttp.access: 172.20.27.161 [08/Sep/2026:19:20:19 +0000] "GET /sessions/9d27a9fb-3ff0-4b83-8b98-54cb04e4a745/status HTTP/1.1" 200 252 "-" "node"
2026-09-09 00:50:20+05:30     GET /sessions/9d27a9fb-3ff0-4b83-8b98-54cb04e4a745/status -> 200 OK  (duration: 505.5 ms, execution: 231.2 ms)
2026-09-09 00:50:20+05:30 2026-09-08 19:20:20,130 [INFO] handler: WS_REQUEST_RECEIVED session=25bbf657-9d3c-4011-828e-a0f537558dcd origin= ip=172.20.27.161
2026-09-09 00:50:20+05:30 2026-09-08 19:20:20,131 [INFO] handler: WS_CONNECT session=25bbf657-9d3c-4011-828e-a0f537558dcd origin= ip=172.20.27.161 handlerMs=0.6
2026-09-09 00:50:20+05:30 [HEARTBEAT-GATED] UDP response blocked failures=1
2026-09-09 00:50:20+05:30 2026-09-08 19:20:20,332 [WARNING] LiveKitEgressAdapter: LIVEKIT_NET_PROBE_BLOCKED session=25bbf657-9d3c-4011-828e-a0f537558dcd targets=ai-14ksodzi.turn.livekit.cloud:3478,ai-14ksodzi.livekit.cloud:3478 error=TimeoutError: timed out
2026-09-09 00:50:20+05:30 2026-09-08 19:20:20,363 [WARNING] LiveKitEgressAdapter: LIVEKIT_NET_PROBE_READY session=25bbf657-9d3c-4011-828e-a0f537558dcd target=ai-14ksodzi.turn.livekit.cloud:443 waitedMs=3244 transport=tcp
2026-09-09 00:50:20+05:30 2026-09-08 19:20:20,363 [INFO] LiveKitEgressAdapter: LIVEKIT_RELAY_FIRST session=25bbf657-9d3c-4011-828e-a0f537558dcd reason=udp_silent_tcp_443_ready family=IPv4 host=ai-14ksodzi.turn.livekit.cloud
2026-09-09 00:50:21+05:30 2026-09-08 19:20:21,022 [WARNING] LiveKitEgressAdapter: LIVEKIT_NET_PROBE_BLOCKED session=9d27a9fb-3ff0-4b83-8b98-54cb04e4a745 targets=ai-14ksodzi.turn.livekit.cloud:3478,ai-14ksodzi.livekit.cloud:3478 error=TimeoutError: timed out
2026-09-09 00:50:21+05:30 2026-09-08 19:20:21,023 [INFO] handler: WS_FRAME_RECEIVED session=25bbf657-9d3c-4011-828e-a0f537558dcd type=1 size=250 ip=172.20.27.161
2026-09-09 00:50:21+05:30 2026-09-08 19:20:21,025 [INFO] handler: WS_SEND_RESPONSE session=25bbf657-9d3c-4011-828e-a0f537558dcd type=started ip=172.20.27.161
2026-09-09 00:50:21+05:30 [METRICS] GPU_util=0% GPU_temp=34C GPU_mem=4.0GB/44.4GB (reserved=6.7GB) RSS=15869MB CPU_user=39.9s CPU_sys=9.7s sessions=2 pool=3/3
2026-09-09 00:50:21+05:30 2026-09-08 19:20:21,056 [WARNING] LiveKitEgressAdapter: LIVEKIT_NET_PROBE_READY session=9d27a9fb-3ff0-4b83-8b98-54cb04e4a745 target=ai-14ksodzi.turn.livekit.cloud:443 waitedMs=3633 transport=tcp
2026-09-09 00:50:21+05:30 2026-09-08 19:20:21,056 [INFO] LiveKitEgressAdapter: LIVEKIT_RELAY_FIRST session=9d27a9fb-3ff0-4b83-8b98-54cb04e4a745 reason=udp_silent_tcp_443_ready family=IPv4 host=ai-14ksodzi.turn.livekit.cloud
2026-09-09 00:50:21+05:30 Nvidia Decoder is supported.
2026-09-09 00:50:21+05:30 2026-09-08 19:20:21,700 [INFO] livekit: livekit_api::signal_client::signal_stream:53:livekit_api::signal_client::signal_stream - connecting to wss://ai-14ksodzi.livekit.cloud/rtc/v1
2026-09-09 00:50:21+05:30 2026-09-08 19:20:21,700 [INFO] livekit: livekit_api::signal_client::signal_stream:53:livekit_api::signal_client::signal_stream - connecting to wss://ai-14ksodzi.livekit.cloud/rtc/v1
2026-09-09 00:50:22+05:30 2026-09-08 19:20:22,390 [INFO] handler: WS_REQUEST_RECEIVED session=9d27a9fb-3ff0-4b83-8b98-54cb04e4a745 origin= ip=172.20.27.161
2026-09-09 00:50:22+05:30 2026-09-08 19:20:22,391 [INFO] handler: WS_CONNECT session=9d27a9fb-3ff0-4b83-8b98-54cb04e4a745 origin= ip=172.20.27.161 handlerMs=0.7
2026-09-09 00:50:23+05:30 2026-09-08 19:20:23,015 [INFO] handler: WS_FRAME_RECEIVED session=9d27a9fb-3ff0-4b83-8b98-54cb04e4a745 type=1 size=250 ip=172.20.27.161
2026-09-09 00:50:23+05:30 2026-09-08 19:20:23,016 [INFO] handler: WS_SEND_RESPONSE session=9d27a9fb-3ff0-4b83-8b98-54cb04e4a745 type=started ip=172.20.27.161
2026-09-09 00:50:23+05:30 2026-09-08 19:20:23,092 [INFO] LiveKitEgressAdapter: LIVEKIT_CONNECT_SUCCEEDED session=25bbf657-9d3c-4011-828e-a0f537558dcd attempt=1/3 elapsedMs=2728.8
2026-09-09 00:50:23+05:30 2026-09-08 19:20:23,092 [INFO] LiveKitEgressAdapter: LIVEKIT_ROOM_STATE session=25bbf657-9d3c-4011-828e-a0f537558dcd state=1
2026-09-09 00:50:23+05:30 2026-09-08 19:20:23,097 [INFO] streaming.orchestration.state_manager: [SM] Adaptive caps: p95_ms=700 buffer=18 peak=42 MAX=54 TARGET=43
2026-09-09 00:50:23+05:30 2026-09-08 19:20:23,098 [INFO] streaming.orchestration.state_manager: [SM] Adaptive caps: p95_ms=700 buffer=18 peak=42 MAX=54 TARGET=43
2026-09-09 00:50:23+05:30 2026-09-08 19:20:23,100 [INFO] VideoPublisher: [VP-DIAG] First non-None frame received. Creating track...
2026-09-09 00:50:23+05:30 2026-09-08 19:20:23,100 [INFO] VideoPublisher: [VP-DIAG] Creating video track 1024x1024
2026-09-09 00:50:23+05:30 2026-09-08 19:20:23,102 [WARNING] VideoPublisher: VideoEncoderBackend not available in installed livekit-rtc version; AIVATAR_VIDEO_CODEC encoder backend selection will be ignored.
2026-09-09 00:50:23+05:30 2026-09-08 19:20:23,103 [INFO] VideoPublisher: [VP-DIAG] Codec=H264 encoder=auto (AIVATAR_VIDEO_CODEC=h264_hw)
2026-09-09 00:50:23+05:30 2026-09-08 19:20:23,103 [INFO] VideoPublisher: [VP-DIAG] Calling publish_track()...
2026-09-09 00:50:23+05:30 2026-09-08 19:20:23,136 [INFO] VideoPublisher: [VP-DIAG] publish_track() completed in 32.6 ms
2026-09-09 00:50:23+05:30 2026-09-08 19:20:23,139 [INFO] livekit: livekit::room::e2ee::manager:179:livekit::room::e2ee::manager - packet_trailer not enabled for published track TR_VCPggTL4MhjPuP from e2e-test-worker
2026-09-09 00:50:23+05:30 2026-09-08 19:20:23,142 [INFO] livekit: livekit::rtc_engine::peer_transport:522:livekit::rtc_engine::peer_transport - Applying x-google-start-bitrate=1000 kbps (target_bps=Some(6000000))
2026-09-09 00:50:23+05:30 2026-09-08 19:20:23,150 [INFO] batched_stream_processor: IDLE_TRACK_PUBLISHED session=25bbf657-9d3c-4011-828e-a0f537558dcd room=manual-c3e62359
2026-09-09 00:50:26+05:30 [METRICS] GPU_util=0% GPU_temp=35C GPU_mem=4.0GB/44.4GB (reserved=6.7GB) RSS=15869MB CPU_user=42.0s CPU_sys=10.2s sessions=2 pool=3/3
2026-09-09 00:50:28+05:30 2026-09-08 19:20:28,104 [INFO] VideoPublisher: VIDEO_PUBLISH_METRICS session=25bbf657-9d3c-4011-828e-a0f537558dcd windowMs=5012 frames=126 effectiveFps=25.1 liveFrames=0 repeatedLiveFrames=0 idleFrames=126 desyncPct=100.0 maxGapMs=42.6 maxCaptureMs=1.9
2026-09-09 00:50:29+05:30 2026-09-08 19:20:29,249 [INFO] handler: [pod_session_start] Received session=77d00d32-d5b9-4bb0-a435-3817853e38aa room=manual-bae63cd8 hasIdleAsset=True
2026-09-09 00:50:29+05:30 2026-09-08 19:20:29,852 [INFO] streaming.transport.websocket_server: Registered WebSocket session: 77d00d32-d5b9-4bb0-a435-3817853e38aa provider_profile=none telephony_provider=none
2026-09-09 00:50:29+05:30 2026-09-08 19:20:29,852 [INFO] batched_stream_processor: [BATCHED-DIAG] threading context: thread_id=46996589041344 thread_name=modal-aiohttp-server event_loop_id=46996582596192
2026-09-09 00:50:29+05:30 2026-09-08 19:20:29,853 [INFO] batched_stream_processor: Connecting to egress type=livekit room=manual-bae63cd8 url=wss://ai-14ksodzi.livekit.cloud session=77d00d32-d5b9-4bb0-a435-3817853e38aa
2026-09-09 00:50:29+05:30 2026-09-08 19:20:29,854 [INFO] batched_stream_processor: Registering session 77d00d32-d5b9-4bb0-a435-3817853e38aa with BatchedStreamingEngine
2026-09-09 00:50:29+05:30 2026-09-08 19:20:29,854 [INFO] streaming.orchestration.idle_video: Downloading idle video asset
2026-09-09 00:50:29+05:30 2026-09-08 19:20:29,855 [INFO] BatchedStreamingEngine: Session 77d00d32-d5b9-4bb0-a435-3817853e38aa reserving INITIALIZING (total=3)
2026-09-09 00:50:30+05:30 2026-09-08 19:20:30,004 [INFO] streaming.orchestration.idle_video: Loading idle video frames from /tmp/tmp3m72bbwf.mp4
2026-09-09 00:50:30+05:30 2026-09-08 19:20:30,037 [INFO] BatchedStreamingEngine: Session 77d00d32-d5b9-4bb0-a435-3817853e38aa added ACTIVE (total=3)
2026-09-09 00:50:30+05:30 2026-09-08 19:20:30,037 [INFO] batched_stream_processor: Session 77d00d32-d5b9-4bb0-a435-3817853e38aa registered with engine in 182.7 ms (avatar prepared)
2026-09-09 00:50:30+05:30 2026-09-08 19:20:30,057 [WARNING] LiveKitEgressAdapter: LIVEKIT_CONNECT_SHIELDED_TIMEOUT session=9d27a9fb-3ff0-4b83-8b98-54cb04e4a745 attempt=1/3 outerTimeoutS=9.0
2026-09-09 00:50:30+05:30 2026-09-08 19:20:30,057 [WARNING] LiveKitEgressAdapter: LIVEKIT_CONNECT_ATTEMPT_FAILED session=9d27a9fb-3ff0-4b83-8b98-54cb04e4a745 attempt=1/3 elapsedMs=9000.9 error=LiveKit connect shielded timeout after 9.0s (attempt 1) iceTimeout=True shieldedTimeout=True
2026-09-09 00:50:30+05:30 2026-09-08 19:20:30,468 [INFO] aiohttp.access: 172.20.27.161 [08/Sep/2026:19:20:29 +0000] "POST /sessions/start HTTP/1.1" 202 308 "-" "node"
2026-09-09 00:50:30+05:30 2026-09-08 19:20:30,558 [INFO] LiveKitEgressAdapter: LIVEKIT_CONNECT_RELAY_FALLBACK session=9d27a9fb-3ff0-4b83-8b98-54cb04e4a745 attempt=2/3
2026-09-09 00:50:30+05:30 2026-09-08 19:20:30,606 [INFO] livekit: livekit_api::signal_client::signal_stream:53:livekit_api::signal_client::signal_stream - connecting to wss://ai-14ksodzi.livekit.cloud/rtc/v1
2026-09-09 00:50:31+05:30 2026-09-08 19:20:31,045 [INFO] LiveKitEgressAdapter: LIVEKIT_CONNECT_SUCCEEDED session=9d27a9fb-3ff0-4b83-8b98-54cb04e4a745 attempt=2/3 elapsedMs=487.6
2026-09-09 00:50:31+05:30 2026-09-08 19:20:31,048 [INFO] LiveKitEgressAdapter: LIVEKIT_ROOM_STATE session=9d27a9fb-3ff0-4b83-8b98-54cb04e4a745 state=1
2026-09-09 00:50:31+05:30 2026-09-08 19:20:31,052 [INFO] streaming.orchestration.state_manager: [SM] Adaptive caps: p95_ms=1050 buffer=27 peak=51 MAX=66 TARGET=52
2026-09-09 00:50:31+05:30 2026-09-08 19:20:31,055 [INFO] streaming.orchestration.state_manager: [SM] Adaptive caps: p95_ms=1050 buffer=27 peak=51 MAX=66 TARGET=52
2026-09-09 00:50:31+05:30 2026-09-08 19:20:31,057 [INFO] VideoPublisher: [VP-DIAG] First non-None frame received. Creating track...
2026-09-09 00:50:31+05:30 2026-09-08 19:20:31,057 [INFO] VideoPublisher: [VP-DIAG] Creating video track 1024x1024
2026-09-09 00:50:31+05:30 2026-09-08 19:20:31,059 [WARNING] VideoPublisher: VideoEncoderBackend not available in installed livekit-rtc version; AIVATAR_VIDEO_CODEC encoder backend selection will be ignored.
2026-09-09 00:50:31+05:30 2026-09-08 19:20:31,060 [INFO] VideoPublisher: [VP-DIAG] Codec=H264 encoder=auto (AIVATAR_VIDEO_CODEC=h264_hw)
2026-09-09 00:50:31+05:30 2026-09-08 19:20:31,060 [INFO] VideoPublisher: [VP-DIAG] Calling publish_track()...
2026-09-09 00:50:31+05:30    POST /sessions/start -> 202 Accepted  (duration: 3.00 s, execution: 1.90 s)
2026-09-09 00:50:31+05:30 2026-09-08 19:20:31,098 [INFO] VideoPublisher: [VP-DIAG] publish_track() completed in 37.4 ms
2026-09-09 00:50:31+05:30 2026-09-08 19:20:31,108 [INFO] batched_stream_processor: IDLE_TRACK_PUBLISHED session=9d27a9fb-3ff0-4b83-8b98-54cb04e4a745 room=manual-513d1aca
2026-09-09 00:50:31+05:30 [METRICS] GPU_util=0% GPU_temp=35C GPU_mem=4.0GB/44.4GB (reserved=6.7GB) RSS=15869MB CPU_user=57.5s CPU_sys=14.8s sessions=3 pool=3/3
2026-09-09 00:50:31+05:30 2026-09-08 19:20:31,170 [INFO] streaming.orchestration.idle_video: Loaded 375 frames for idle loop
2026-09-09 00:50:31+05:30 2026-09-08 19:20:31,185 [INFO] livekit: livekit::room::e2ee::manager:179:livekit::room::e2ee::manager - packet_trailer not enabled for published track TR_VCH4KsL9DPjGAg from e2e-test-worker
2026-09-09 00:50:31+05:30 2026-09-08 19:20:31,194 [INFO] livekit: livekit::rtc_engine::peer_transport:522:livekit::rtc_engine::peer_transport - Applying x-google-start-bitrate=1000 kbps (target_bps=Some(6000000))
2026-09-09 00:50:32+05:30 2026-09-08 19:20:32,317 [INFO] handler: WS_REQUEST_RECEIVED session=77d00d32-d5b9-4bb0-a435-3817853e38aa origin= ip=172.20.27.161
2026-09-09 00:50:32+05:30 2026-09-08 19:20:32,318 [INFO] handler: WS_CONNECT session=77d00d32-d5b9-4bb0-a435-3817853e38aa origin= ip=172.20.27.161 handlerMs=0.5
2026-09-09 00:50:32+05:30 2026-09-08 19:20:32,833 [INFO] handler: WS_FRAME_RECEIVED session=77d00d32-d5b9-4bb0-a435-3817853e38aa type=1 size=250 ip=172.20.27.161
2026-09-09 00:50:32+05:30 2026-09-08 19:20:32,834 [INFO] handler: WS_SEND_RESPONSE session=77d00d32-d5b9-4bb0-a435-3817853e38aa type=started ip=172.20.27.161
2026-09-09 00:50:33+05:30 2026-09-08 19:20:33,062 [WARNING] LiveKitEgressAdapter: LIVEKIT_NET_PROBE_BLOCKED session=77d00d32-d5b9-4bb0-a435-3817853e38aa targets=ai-14ksodzi.turn.livekit.cloud:3478,ai-14ksodzi.livekit.cloud:3478 error=TimeoutError: timed out
2026-09-09 00:50:33+05:30 2026-09-08 19:20:33,091 [WARNING] LiveKitEgressAdapter: LIVEKIT_NET_PROBE_READY session=77d00d32-d5b9-4bb0-a435-3817853e38aa target=ai-14ksodzi.turn.livekit.cloud:443 waitedMs=3238 transport=tcp
2026-09-09 00:50:33+05:30 2026-09-08 19:20:33,092 [INFO] LiveKitEgressAdapter: LIVEKIT_RELAY_FIRST session=77d00d32-d5b9-4bb0-a435-3817853e38aa reason=udp_silent_tcp_443_ready family=IPv4 host=ai-14ksodzi.turn.livekit.cloud
2026-09-09 00:50:33+05:30 2026-09-08 19:20:33,108 [INFO] VideoPublisher: VIDEO_PUBLISH_METRICS session=25bbf657-9d3c-4011-828e-a0f537558dcd windowMs=5004 frames=125 effectiveFps=25.0 liveFrames=0 repeatedLiveFrames=0 idleFrames=125 desyncPct=100.0 maxGapMs=56.9 maxCaptureMs=1.6
2026-09-09 00:50:33+05:30 2026-09-08 19:20:33,125 [INFO] livekit: livekit_api::signal_client::signal_stream:53:livekit_api::signal_client::signal_stream - connecting to wss://ai-14ksodzi.livekit.cloud/rtc/v1
2026-09-09 00:50:36+05:30 2026-09-08 19:20:36,061 [INFO] VideoPublisher: VIDEO_PUBLISH_METRICS session=9d27a9fb-3ff0-4b83-8b98-54cb04e4a745 windowMs=5015 frames=126 effectiveFps=25.1 liveFrames=0 repeatedLiveFrames=0 idleFrames=126 desyncPct=100.0 maxGapMs=42.6 maxCaptureMs=1.7
2026-09-09 00:50:36+05:30 [METRICS] GPU_util=0% GPU_temp=35C GPU_mem=4.0GB/44.4GB (reserved=6.7GB) RSS=15869MB CPU_user=61.9s CPU_sys=15.3s sessions=3 pool=3/3
2026-09-09 00:50:36+05:30 2026-09-08 19:20:36,547 [INFO] handler: WS_FRAME_RECEIVED session=25bbf657-9d3c-4011-828e-a0f537558dcd type=1 size=34 ip=172.20.27.161
2026-09-09 00:50:36+05:30 2026-09-08 19:20:36,547 [INFO] handler: WS_SEND_RESPONSE session=25bbf657-9d3c-4011-828e-a0f537558dcd type=pong ip=172.20.27.161
2026-09-09 00:50:37+05:30 2026-09-08 19:20:37,950 [WARNING] livekit: livekit::rtc_engine:529:livekit::rtc_engine - failed to connect: Connection("wait_pc_connection timed out"), retrying... (1/3)
2026-09-09 00:50:37+05:30 2026-09-08 19:20:37,967 [INFO] livekit: livekit_api::signal_client::signal_stream:53:livekit_api::signal_client::signal_stream - connecting to wss://ai-14ksodzi.livekit.cloud/rtc/v1
2026-09-09 00:50:38+05:30 2026-09-08 19:20:38,110 [INFO] VideoPublisher: VIDEO_PUBLISH_METRICS session=25bbf657-9d3c-4011-828e-a0f537558dcd windowMs=5001 frames=125 effectiveFps=25.0 liveFrames=0 repeatedLiveFrames=0 idleFrames=125 desyncPct=100.0 maxGapMs=53.7 maxCaptureMs=1.0
2026-09-09 00:50:38+05:30 2026-09-08 19:20:38,221 [WARNING] livekit: livekit_api::signal_client:660:livekit_api::signal_client - dropping pass-through signal ù no stream available
2026-09-09 00:50:38+05:30 2026-09-08 19:20:38,246 [INFO] LiveKitEgressAdapter: LIVEKIT_ROOM_STATE session=9d27a9fb-3ff0-4b83-8b98-54cb04e4a745 state=0
2026-09-09 00:50:38+05:30 2026-09-08 19:20:38,248 [INFO] LiveKitEgressAdapter: LIVEKIT_ROOM_DISCONNECTED session=9d27a9fb-3ff0-4b83-8b98-54cb04e4a745 reason=2
2026-09-09 00:50:38+05:30 2026-09-08 19:20:38,250 [INFO] livekit: livekit::room:1788:livekit::room - Disconnected from room "manual-513d1aca" with reason: DuplicateIdentity
2026-09-09 00:50:38+05:30 2026-09-08 19:20:38,254 [WARNING] VideoPublisher: VideoPublisher stopping: LiveKit room is disconnected for session=9d27a9fb-3ff0-4b83-8b98-54cb04e4a745
2026-09-09 00:50:38+05:30 2026-09-08 19:20:38,331 [WARNING] livekit: livekit::room::participant:432:livekit::room::participant - could not find publication to remove: TrackSid("TR_VCH4KsL9DPjGAg")
2026-09-09 00:50:38+05:30 2026-09-08 19:20:38,544 [INFO] handler: WS_FRAME_RECEIVED session=9d27a9fb-3ff0-4b83-8b98-54cb04e4a745 type=1 size=34 ip=172.20.27.161
2026-09-09 00:50:38+05:30 2026-09-08 19:20:38,544 [INFO] handler: WS_SEND_RESPONSE session=9d27a9fb-3ff0-4b83-8b98-54cb04e4a745 type=pong ip=172.20.27.161
2026-09-09 00:50:41+05:30 [METRICS] GPU_util=0% GPU_temp=36C GPU_mem=4.0GB/44.4GB (reserved=6.7GB) RSS=15869MB CPU_user=64.6s CPU_sys=15.5s sessions=3 pool=3/3
2026-09-09 00:50:42+05:30 2026-09-08 19:20:42,094 [WARNING] LiveKitEgressAdapter: LIVEKIT_CONNECT_SHIELDED_TIMEOUT session=77d00d32-d5b9-4bb0-a435-3817853e38aa attempt=1/3 outerTimeoutS=9.0
2026-09-09 00:50:42+05:30 2026-09-08 19:20:42,094 [WARNING] LiveKitEgressAdapter: LIVEKIT_CONNECT_ATTEMPT_FAILED session=77d00d32-d5b9-4bb0-a435-3817853e38aa attempt=1/3 elapsedMs=9002.0 error=LiveKit connect shielded timeout after 9.0s (attempt 1) iceTimeout=True shieldedTimeout=True
2026-09-09 00:50:42+05:30 2026-09-08 19:20:42,595 [INFO] LiveKitEgressAdapter: LIVEKIT_CONNECT_RELAY_FALLBACK session=77d00d32-d5b9-4bb0-a435-3817853e38aa attempt=2/3
2026-09-09 00:50:42+05:30 2026-09-08 19:20:42,623 [INFO] livekit: livekit_api::signal_client::signal_stream:53:livekit_api::signal_client::signal_stream - connecting to wss://ai-14ksodzi.livekit.cloud/rtc/v1
2026-09-09 00:50:43+05:30 2026-09-08 19:20:43,145 [INFO] VideoPublisher: VIDEO_PUBLISH_METRICS session=25bbf657-9d3c-4011-828e-a0f537558dcd windowMs=5035 frames=126 effectiveFps=25.0 liveFrames=0 repeatedLiveFrames=0 idleFrames=126 desyncPct=100.0 maxGapMs=44.3 maxCaptureMs=1.1
2026-09-09 00:50:46+05:30 [METRICS] GPU_util=0% GPU_temp=36C GPU_mem=4.0GB/44.4GB (reserved=6.7GB) RSS=15869MB CPU_user=66.9s CPU_sys=15.7s sessions=3 pool=3/3
2026-09-09 00:50:48+05:30 2026-09-08 19:20:48,184 [INFO] VideoPublisher: VIDEO_PUBLISH_METRICS session=25bbf657-9d3c-4011-828e-a0f537558dcd windowMs=5039 frames=126 effectiveFps=25.0 liveFrames=0 repeatedLiveFrames=0 idleFrames=126 desyncPct=100.0 maxGapMs=41.7 maxCaptureMs=1.2
2026-09-09 00:50:48+05:30 2026-09-08 19:20:48,429 [INFO] handler: WS_FRAME_RECEIVED session=77d00d32-d5b9-4bb0-a435-3817853e38aa type=1 size=34 ip=172.20.27.161
2026-09-09 00:50:48+05:30 2026-09-08 19:20:48,430 [INFO] handler: WS_SEND_RESPONSE session=77d00d32-d5b9-4bb0-a435-3817853e38aa type=pong ip=172.20.27.161
2026-09-09 00:50:48+05:30 2026-09-08 19:20:48,810 [WARNING] livekit: livekit::rtc_engine:529:livekit::rtc_engine - failed to connect: Connection("wait_pc_connection timed out"), retrying... (1/3)
2026-09-09 00:50:48+05:30 2026-09-08 19:20:48,828 [INFO] livekit: livekit_api::signal_client::signal_stream:53:livekit_api::signal_client::signal_stream - connecting to wss://ai-14ksodzi.livekit.cloud/rtc/v1
2026-09-09 00:50:51+05:30 [METRICS] GPU_util=0% GPU_temp=36C GPU_mem=4.0GB/44.4GB (reserved=6.7GB) RSS=15869MB CPU_user=69.2s CPU_sys=15.9s sessions=3 pool=3/3
2026-09-09 00:50:51+05:30 2026-09-08 19:20:51,553 [INFO] handler: WS_FRAME_RECEIVED session=25bbf657-9d3c-4011-828e-a0f537558dcd type=1 size=34 ip=172.20.27.161
2026-09-09 00:50:51+05:30 2026-09-08 19:20:51,554 [INFO] handler: WS_SEND_RESPONSE session=25bbf657-9d3c-4011-828e-a0f537558dcd type=pong ip=172.20.27.161
2026-09-09 00:50:51+05:30 2026-09-08 19:20:51,597 [WARNING] LiveKitEgressAdapter: LIVEKIT_CONNECT_SHIELDED_TIMEOUT session=77d00d32-d5b9-4bb0-a435-3817853e38aa attempt=2/3 outerTimeoutS=9.0
2026-09-09 00:50:51+05:30 2026-09-08 19:20:51,597 [WARNING] LiveKitEgressAdapter: LIVEKIT_CONNECT_ATTEMPT_FAILED session=77d00d32-d5b9-4bb0-a435-3817853e38aa attempt=2/3 elapsedMs=9001.6 error=LiveKit connect shielded timeout after 9.0s (attempt 2) iceTimeout=True shieldedTimeout=True
2026-09-09 00:50:52+05:30 2026-09-08 19:20:52,098 [INFO] LiveKitEgressAdapter: LIVEKIT_CONNECT_RELAY_FALLBACK session=77d00d32-d5b9-4bb0-a435-3817853e38aa attempt=3/3
2026-09-09 00:50:52+05:30 2026-09-08 19:20:52,122 [INFO] livekit: livekit_api::signal_client::signal_stream:53:livekit_api::signal_client::signal_stream - connecting to wss://ai-14ksodzi.livekit.cloud/rtc/v1
2026-09-09 00:50:53+05:30 2026-09-08 19:20:53,099 [INFO] streaming.orchestration.state_manager: [SM] Adaptive caps: p95_ms=1050 buffer=27 peak=51 MAX=66 TARGET=52
2026-09-09 00:50:53+05:30 2026-09-08 19:20:53,185 [INFO] VideoPublisher: VIDEO_PUBLISH_METRICS session=25bbf657-9d3c-4011-828e-a0f537558dcd windowMs=5000 frames=125 effectiveFps=25.0 liveFrames=0 repeatedLiveFrames=0 idleFrames=125 desyncPct=100.0 maxGapMs=42.6 maxCaptureMs=1.1
2026-09-09 00:50:53+05:30 2026-09-08 19:20:53,253 [WARNING] livekit: livekit::rtc_engine:529:livekit::rtc_engine - failed to connect: Connection("wait_pc_connection timed out"), retrying... (2/3)
2026-09-09 00:50:53+05:30 2026-09-08 19:20:53,271 [INFO] livekit: livekit_api::signal_client::signal_stream:53:livekit_api::signal_client::signal_stream - connecting to wss://ai-14ksodzi.livekit.cloud/rtc/v1
2026-09-09 00:50:53+05:30 2026-09-08 19:20:53,547 [INFO] handler: WS_FRAME_RECEIVED session=9d27a9fb-3ff0-4b83-8b98-54cb04e4a745 type=1 size=34 ip=172.20.27.161
2026-09-09 00:50:53+05:30 2026-09-08 19:20:53,548 [INFO] handler: WS_SEND_RESPONSE session=9d27a9fb-3ff0-4b83-8b98-54cb04e4a745 type=pong ip=172.20.27.161
2026-09-09 00:50:56+05:30 [METRICS] GPU_util=0% GPU_temp=36C GPU_mem=4.0GB/44.4GB (reserved=6.7GB) RSS=15869MB CPU_user=71.6s CPU_sys=16.2s sessions=3 pool=3/3
2026-09-09 00:50:57+05:30 2026-09-08 19:20:57,875 [WARNING] livekit: livekit::rtc_engine:529:livekit::rtc_engine - failed to connect: Connection("wait_pc_connection timed out"), retrying... (1/3)
2026-09-09 00:50:57+05:30 2026-09-08 19:20:57,893 [INFO] livekit: livekit_api::signal_client::signal_stream:53:livekit_api::signal_client::signal_stream - connecting to wss://ai-14ksodzi.livekit.cloud/rtc/v1
2026-09-09 00:50:58+05:30 2026-09-08 19:20:58,185 [INFO] VideoPublisher: VIDEO_PUBLISH_METRICS session=25bbf657-9d3c-4011-828e-a0f537558dcd windowMs=5000 frames=125 effectiveFps=25.0 liveFrames=0 repeatedLiveFrames=0 idleFrames=125 desyncPct=100.0 maxGapMs=41.4 maxCaptureMs=1.0
2026-09-09 00:50:58+05:30 2026-09-08 19:20:58,513 [INFO] LiveKitEgressAdapter: LIVEKIT_ROOM_STATE session=77d00d32-d5b9-4bb0-a435-3817853e38aa state=1
2026-09-09 00:50:58+05:30 2026-09-08 19:20:58,547 [INFO] LiveKitEgressAdapter: LIVEKIT_ROOM_STATE session=77d00d32-d5b9-4bb0-a435-3817853e38aa state=0
2026-09-09 00:50:58+05:30 2026-09-08 19:20:58,547 [INFO] LiveKitEgressAdapter: LIVEKIT_ROOM_DISCONNECTED session=77d00d32-d5b9-4bb0-a435-3817853e38aa reason=1
2026-09-09 00:51:01+05:30 2026-09-08 19:21:01,099 [WARNING] LiveKitEgressAdapter: LIVEKIT_CONNECT_SHIELDED_TIMEOUT session=77d00d32-d5b9-4bb0-a435-3817853e38aa attempt=3/3 outerTimeoutS=9.0
2026-09-09 00:51:01+05:30 2026-09-08 19:21:01,106 [WARNING] LiveKitEgressAdapter: LIVEKIT_CONNECT_ATTEMPT_FAILED session=77d00d32-d5b9-4bb0-a435-3817853e38aa attempt=3/3 elapsedMs=9008.0 error=LiveKit connect shielded timeout after 9.0s (attempt 3) iceTimeout=True shieldedTimeout=True
2026-09-09 00:51:01+05:30 2026-09-08 19:21:01,106 [INFO] BatchedStreamingEngine: Session 77d00d32-d5b9-4bb0-a435-3817853e38aa marked for drain (keep_alive=False)
2026-09-09 00:51:01+05:30 2026-09-08 19:21:01,106 [INFO] BatchedStreamingEngine: Session 77d00d32-d5b9-4bb0-a435-3817853e38aa removed (total=2)
2026-09-09 00:51:01+05:30 2026-09-08 19:21:01,107 [INFO] streaming.transport.websocket_server: Unregistered WebSocket session: 77d00d32-d5b9-4bb0-a435-3817853e38aa
2026-09-09 00:51:01+05:30 2026-09-08 19:21:01,107 [ERROR] handler: [handler] Streaming session failed for 77d00d32-d5b9-4bb0-a435-3817853e38aa after 31254.6ms error=TimeoutError
2026-09-09 00:51:01+05:30 [METRICS] GPU_util=0% GPU_temp=36C GPU_mem=4.0GB/44.4GB (reserved=6.7GB) RSS=15869MB CPU_user=74.1s CPU_sys=16.3s sessions=2 pool=3/3
2026-09-09 00:51:03+05:30 2026-09-08 19:21:03,224 [INFO] VideoPublisher: VIDEO_PUBLISH_METRICS session=25bbf657-9d3c-4011-828e-a0f537558dcd windowMs=5039 frames=126 effectiveFps=25.0 liveFrames=0 repeatedLiveFrames=0 idleFrames=126 desyncPct=100.0 maxGapMs=42.4 maxCaptureMs=1.0
2026-09-09 00:51:03+05:30 2026-09-08 19:21:03,994 [WARNING] livekit: livekit::rtc_engine:529:livekit::rtc_engine - failed to connect: Connection("wait_pc_connection timed out"), retrying... (2/3)
2026-09-09 00:51:04+05:30 2026-09-08 19:21:04,010 [INFO] livekit: livekit_api::signal_client::signal_stream:53:livekit_api::signal_client::signal_stream - connecting to wss://ai-14ksodzi.livekit.cloud/rtc/v1
2026-09-09 00:51:06+05:30 [METRICS] GPU_util=0% GPU_temp=36C GPU_mem=4.0GB/44.4GB (reserved=6.7GB) RSS=15869MB CPU_user=76.3s CPU_sys=16.5s sessions=2 pool=3/3
2026-09-09 00:51:06+05:30 2026-09-08 19:21:06,586 [INFO] handler: WS_FRAME_RECEIVED session=25bbf657-9d3c-4011-828e-a0f537558dcd type=1 size=34 ip=172.20.27.161
2026-09-09 00:51:06+05:30 2026-09-08 19:21:06,586 [INFO] handler: WS_SEND_RESPONSE session=25bbf657-9d3c-4011-828e-a0f537558dcd type=pong ip=172.20.27.161
2026-09-09 00:51:07+05:30 2026-09-08 19:21:07,379 [WARNING] livekit: livekit::rtc_engine:529:livekit::rtc_engine - failed to connect: Connection("wait_pc_connection timed out"), retrying... (1/3)
2026-09-09 00:51:07+05:30 2026-09-08 19:21:07,398 [INFO] livekit: livekit_api::signal_client::signal_stream:53:livekit_api::signal_client::signal_stream - connecting to wss://ai-14ksodzi.livekit.cloud/rtc/v1
2026-09-09 00:51:08+05:30 2026-09-08 19:21:08,036 [INFO] LiveKitEgressAdapter: LIVEKIT_ROOM_STATE session=77d00d32-d5b9-4bb0-a435-3817853e38aa state=1
2026-09-09 00:51:08+05:30 2026-09-08 19:21:08,067 [INFO] LiveKitEgressAdapter: LIVEKIT_ROOM_STATE session=77d00d32-d5b9-4bb0-a435-3817853e38aa state=0
2026-09-09 00:51:08+05:30 2026-09-08 19:21:08,070 [INFO] livekit: livekit::room:1788:livekit::room - Disconnected from room "manual-bae63cd8" with reason: ClientInitiated
2026-09-09 00:51:08+05:30 2026-09-08 19:21:08,225 [INFO] VideoPublisher: VIDEO_PUBLISH_METRICS session=25bbf657-9d3c-4011-828e-a0f537558dcd windowMs=5000 frames=125 effectiveFps=25.0 liveFrames=0 repeatedLiveFrames=0 idleFrames=125 desyncPct=100.0 maxGapMs=42.3 maxCaptureMs=1.1
2026-09-09 00:51:08+05:30 2026-09-08 19:21:08,513 [WARNING] livekit: livekit::rtc_engine:529:livekit::rtc_engine - failed to connect: Connection("wait_pc_connection timed out"), retrying... (3/3)
2026-09-09 00:51:08+05:30 2026-09-08 19:21:08,533 [INFO] livekit: livekit_api::signal_client::signal_stream:53:livekit_api::signal_client::signal_stream - connecting to wss://ai-14ksodzi.livekit.cloud/rtc/v1
2026-09-09 00:51:08+05:30 2026-09-08 19:21:08,545 [INFO] handler: WS_FRAME_RECEIVED session=9d27a9fb-3ff0-4b83-8b98-54cb04e4a745 type=1 size=34 ip=172.20.27.161
2026-09-09 00:51:08+05:30 2026-09-08 19:21:08,546 [INFO] handler: WS_SEND_RESPONSE session=9d27a9fb-3ff0-4b83-8b98-54cb04e4a745 type=pong ip=172.20.27.161
2026-09-09 00:51:11+05:30 [METRICS] GPU_util=0% GPU_temp=37C GPU_mem=4.0GB/44.4GB (reserved=6.7GB) RSS=15869MB CPU_user=78.7s CPU_sys=16.7s sessions=2 pool=3/3
2026-09-09 00:51:13+05:30 2026-09-08 19:21:13,265 [INFO] VideoPublisher: VIDEO_PUBLISH_METRICS session=25bbf657-9d3c-4011-828e-a0f537558dcd windowMs=5039 frames=126 effectiveFps=25.0 liveFrames=0 repeatedLiveFrames=0 idleFrames=126 desyncPct=100.0 maxGapMs=41.9 maxCaptureMs=1.0
2026-09-09 00:51:16+05:30 [METRICS] GPU_util=0% GPU_temp=37C GPU_mem=4.0GB/44.4GB (reserved=6.7GB) RSS=15869MB CPU_user=80.8s CPU_sys=16.9s sessions=2 pool=3/3
2026-09-09 00:51:18+05:30 2026-09-08 19:21:18,265 [INFO] VideoPublisher: VIDEO_PUBLISH_METRICS session=25bbf657-9d3c-4011-828e-a0f537558dcd windowMs=5000 frames=125 effectiveFps=25.0 liveFrames=0 repeatedLiveFrames=0 idleFrames=125 desyncPct=100.0 maxGapMs=41.9 maxCaptureMs=0.9
2026-09-09 00:51:19+05:30 2026-09-08 19:21:19,184 [WARNING] livekit: livekit::rtc_engine:529:livekit::rtc_engine - failed to connect: Connection("wait_pc_connection timed out"), retrying... (3/3)
2026-09-09 00:51:19+05:30 2026-09-08 19:21:19,201 [INFO] livekit: livekit_api::signal_client::signal_stream:53:livekit_api::signal_client::signal_stream - connecting to wss://ai-14ksodzi.livekit.cloud/rtc/v1
2026-09-09 00:51:21+05:30 [METRICS] GPU_util=0% GPU_temp=37C GPU_mem=4.0GB/44.4GB (reserved=6.7GB) RSS=15869MB CPU_user=83.1s CPU_sys=17.0s sessions=2 pool=3/3
2026-09-09 00:51:21+05:30 2026-09-08 19:21:21,577 [INFO] handler: WS_FRAME_RECEIVED session=25bbf657-9d3c-4011-828e-a0f537558dcd type=1 size=34 ip=172.20.27.161
2026-09-09 00:51:21+05:30 2026-09-08 19:21:21,577 [INFO] handler: WS_SEND_RESPONSE session=25bbf657-9d3c-4011-828e-a0f537558dcd type=pong ip=172.20.27.161
2026-09-09 00:51:23+05:30 2026-09-08 19:21:23,099 [INFO] streaming.orchestration.state_manager: [SM] Adaptive caps: p95_ms=700 buffer=18 peak=42 MAX=54 TARGET=43
2026-09-09 00:51:23+05:30 2026-09-08 19:21:23,305 [INFO] VideoPublisher: VIDEO_PUBLISH_METRICS session=25bbf657-9d3c-4011-828e-a0f537558dcd windowMs=5040 frames=126 effectiveFps=25.0 liveFrames=0 repeatedLiveFrames=0 idleFrames=126 desyncPct=100.0 maxGapMs=42.3 maxCaptureMs=1.2
2026-09-09 00:51:23+05:30 2026-09-08 19:21:23,556 [INFO] handler: WS_FRAME_RECEIVED session=9d27a9fb-3ff0-4b83-8b98-54cb04e4a745 type=1 size=34 ip=172.20.27.161
2026-09-09 00:51:23+05:30 2026-09-08 19:21:23,556 [INFO] handler: WS_SEND_RESPONSE session=9d27a9fb-3ff0-4b83-8b98-54cb04e4a745 type=pong ip=172.20.27.161
2026-09-09 00:51:23+05:30 2026-09-08 19:21:23,707 [ERROR] livekit: livekit_ffi::server::room:338:livekit_ffi::server::room - error while connecting to a room: engine: connection error: wait_pc_connection timed out
2026-09-09 00:51:26+05:30 [METRICS] GPU_util=0% GPU_temp=37C GPU_mem=4.0GB/44.4GB (reserved=6.7GB) RSS=15869MB CPU_user=85.2s CPU_sys=17.1s sessions=2 pool=3/3
2026-09-09 00:51:28+05:30 2026-09-08 19:21:28,345 [INFO] VideoPublisher: VIDEO_PUBLISH_METRICS session=25bbf657-9d3c-4011-828e-a0f537558dcd windowMs=5039 frames=126 effectiveFps=25.0 liveFrames=0 repeatedLiveFrames=0 idleFrames=126 desyncPct=100.0 maxGapMs=41.9 maxCaptureMs=1.1
2026-09-09 00:51:31+05:30 [METRICS] GPU_util=0% GPU_temp=37C GPU_mem=4.0GB/44.4GB (reserved=6.7GB) RSS=15869MB CPU_user=87.2s CPU_sys=17.2s sessions=2 pool=3/3
2026-09-09 00:51:33+05:30 2026-09-08 19:21:33,386 [INFO] VideoPublisher: VIDEO_PUBLISH_METRICS session=25bbf657-9d3c-4011-828e-a0f537558dcd windowMs=5041 frames=126 effectiveFps=25.0 liveFrames=0 repeatedLiveFrames=0 idleFrames=126 desyncPct=100.0 maxGapMs=42.2 maxCaptureMs=0.9
2026-09-09 00:51:33+05:30 2026-09-08 19:21:33,432 [INFO] handler: WS_INACTIVITY_TIMEOUT session=77d00d32-d5b9-4bb0-a435-3817853e38aa ip=172.20.27.161
2026-09-09 00:51:33+05:30 CONNECT /ws/77d00d32-d5b9-4bb0-a435-3817853e38aa -> 101 Switching Protocols  (duration: 61.8 s, execution: 61.6 s)
2026-09-09 00:51:34+05:30 2026-09-08 19:21:34,534 [ERROR] livekit: livekit_ffi::server::room:338:livekit_ffi::server::room - error while connecting to a room: engine: connection error: wait_pc_connection timed out
2026-09-09 00:51:34+05:30 2026-09-08 19:21:34,765 [INFO] handler: WS_CONNECTION_LOST session=77d00d32-d5b9-4bb0-a435-3817853e38aa closed=True close_code=1000 exception=None ip=172.20.27.161
2026-09-09 00:51:34+05:30 2026-09-08 19:21:34,765 [INFO] aiohttp.access: 172.20.27.161 [08/Sep/2026:19:20:32 +0000] "GET /ws/77d00d32-d5b9-4bb0-a435-3817853e38aa HTTP/1.1" 101 0 "-" "Python/3.12 aiohttp/3.13.5"
2026-09-09 00:51:36+05:30 [METRICS] GPU_util=0% GPU_temp=37C GPU_mem=4.0GB/44.4GB (reserved=6.7GB) RSS=15869MB CPU_user=89.5s CPU_sys=17.3s sessions=2 pool=3/3
2026-09-09 00:51:36+05:30 2026-09-08 19:21:36,574 [INFO] handler: WS_FRAME_RECEIVED session=25bbf657-9d3c-4011-828e-a0f537558dcd type=1 size=34 ip=172.20.27.161
2026-09-09 00:51:36+05:30 2026-09-08 19:21:36,574 [INFO] handler: WS_SEND_RESPONSE session=25bbf657-9d3c-4011-828e-a0f537558dcd type=pong ip=172.20.27.161
2026-09-09 00:51:38+05:30 2026-09-08 19:21:38,424 [INFO] VideoPublisher: VIDEO_PUBLISH_METRICS session=25bbf657-9d3c-4011-828e-a0f537558dcd windowMs=5038 frames=126 effectiveFps=25.0 liveFrames=0 repeatedLiveFrames=0 idleFrames=126 desyncPct=100.0 maxGapMs=41.5 maxCaptureMs=1.0
2026-09-09 00:51:38+05:30 2026-09-08 19:21:38,558 [INFO] handler: WS_FRAME_RECEIVED session=9d27a9fb-3ff0-4b83-8b98-54cb04e4a745 type=1 size=34 ip=172.20.27.161
2026-09-09 00:51:38+05:30 2026-09-08 19:21:38,558 [INFO] handler: WS_SEND_RESPONSE session=9d27a9fb-3ff0-4b83-8b98-54cb04e4a745 type=pong ip=172.20.27.161
2026-09-09 00:51:41+05:30 [METRICS] GPU_util=0% GPU_temp=37C GPU_mem=4.0GB/44.4GB (reserved=6.7GB) RSS=15869MB CPU_user=91.4s CPU_sys=17.4s sessions=2 pool=3/3
2026-09-09 00:51:43+05:30 2026-09-08 19:21:43,464 [INFO] VideoPublisher: VIDEO_PUBLISH_METRICS session=25bbf657-9d3c-4011-828e-a0f537558dcd windowMs=5040 frames=126 effectiveFps=25.0 liveFrames=0 repeatedLiveFrames=0 idleFrames=126 desyncPct=100.0 maxGapMs=41.5 maxCaptureMs=1.6
2026-09-09 00:51:46+05:30 [METRICS] GPU_util=0% GPU_temp=37C GPU_mem=4.0GB/44.4GB (reserved=6.7GB) RSS=15869MB CPU_user=93.4s CPU_sys=17.5s sessions=2 pool=3/3
2026-09-09 00:51:48+05:30 2026-09-08 19:21:48,504 [INFO] VideoPublisher: VIDEO_PUBLISH_METRICS session=25bbf657-9d3c-4011-828e-a0f537558dcd windowMs=5040 frames=126 effectiveFps=25.0 liveFrames=0 repeatedLiveFrames=0 idleFrames=126 desyncPct=100.0 maxGapMs=42.0 maxCaptureMs=1.0
2026-09-09 00:51:48+05:30 2026-09-08 19:21:48,534 [INFO] handler: WORKER_TERMINATION_REQUESTED session=77d00d32-d5b9-4bb0-a435-3817853e38aa reason=reconnect_grace_expired
2026-09-09 00:51:51+05:30 [METRICS] GPU_util=0% GPU_temp=37C GPU_mem=4.0GB/44.4GB (reserved=6.7GB) RSS=15869MB CPU_user=95.5s CPU_sys=17.6s sessions=2 pool=3/3
2026-09-09 00:51:51+05:30 2026-09-08 19:21:51,578 [INFO] handler: WS_FRAME_RECEIVED session=25bbf657-9d3c-4011-828e-a0f537558dcd type=1 size=34 ip=172.20.27.161
2026-09-09 00:51:51+05:30 2026-09-08 19:21:51,579 [INFO] handler: WS_SEND_RESPONSE session=25bbf657-9d3c-4011-828e-a0f537558dcd type=pong ip=172.20.27.161
2026-09-09 00:51:53+05:30 2026-09-08 19:21:53,139 [INFO] streaming.orchestration.state_manager: [SM] Adaptive caps: p95_ms=700 buffer=18 peak=42 MAX=54 TARGET=43
2026-09-09 00:51:53+05:30 2026-09-08 19:21:53,506 [INFO] VideoPublisher: VIDEO_PUBLISH_METRICS session=25bbf657-9d3c-4011-828e-a0f537558dcd windowMs=5001 frames=125 effectiveFps=25.0 liveFrames=0 repeatedLiveFrames=0 idleFrames=125 desyncPct=100.0 maxGapMs=42.1 maxCaptureMs=0.9
2026-09-09 00:51:53+05:30 2026-09-08 19:21:53,562 [INFO] handler: WS_FRAME_RECEIVED session=9d27a9fb-3ff0-4b83-8b98-54cb04e4a745 type=1 size=34 ip=172.20.27.161
2026-09-09 00:51:53+05:30 2026-09-08 19:21:53,562 [INFO] handler: WS_SEND_RESPONSE session=9d27a9fb-3ff0-4b83-8b98-54cb04e4a745 type=pong ip=172.20.27.161
2026-09-09 00:51:55+05:30 [HEARTBEAT-GATED] UDP response still blocked failures=10
2026-09-09 00:51:56+05:30 [METRICS] GPU_util=0% GPU_temp=37C GPU_mem=4.0GB/44.4GB (reserved=6.7GB) RSS=15869MB CPU_user=97.7s CPU_sys=17.7s sessions=2 pool=3/3
2026-09-09 00:51:58+05:30 2026-09-08 19:21:58,544 [INFO] VideoPublisher: VIDEO_PUBLISH_METRICS session=25bbf657-9d3c-4011-828e-a0f537558dcd windowMs=5039 frames=126 effectiveFps=25.0 liveFrames=0 repeatedLiveFrames=0 idleFrames=126 desyncPct=100.0 maxGapMs=41.7 maxCaptureMs=1.0
2026-09-09 00:52:01+05:30 [METRICS] GPU_util=0% GPU_temp=37C GPU_mem=4.0GB/44.4GB (reserved=6.7GB) RSS=15869MB CPU_user=99.6s CPU_sys=17.8s sessions=2 pool=3/3
2026-09-09 00:52:03+05:30 2026-09-08 19:22:03,584 [INFO] VideoPublisher: VIDEO_PUBLISH_METRICS session=25bbf657-9d3c-4011-828e-a0f537558dcd windowMs=5039 frames=126 effectiveFps=25.0 liveFrames=0 repeatedLiveFrames=0 idleFrames=126 desyncPct=100.0 maxGapMs=41.7 maxCaptureMs=1.0
2026-09-09 00:52:06+05:30 2026-09-08 19:22:06,585 [INFO] handler: WS_FRAME_RECEIVED session=25bbf657-9d3c-4011-828e-a0f537558dcd type=1 size=34 ip=172.20.27.161
2026-09-09 00:52:06+05:30 2026-09-08 19:22:06,586 [INFO] handler: WS_SEND_RESPONSE session=25bbf657-9d3c-4011-828e-a0f537558dcd type=pong ip=172.20.27.161
2026-09-09 00:52:06+05:30 [METRICS] GPU_util=0% GPU_temp=37C GPU_mem=4.0GB/44.4GB (reserved=6.7GB) RSS=15869MB CPU_user=101.7s CPU_sys=17.9s sessions=2 pool=3/3
2026-09-09 00:52:08+05:30 2026-09-08 19:22:08,585 [INFO] VideoPublisher: VIDEO_PUBLISH_METRICS session=25bbf657-9d3c-4011-828e-a0f537558dcd windowMs=5001 frames=125 effectiveFps=25.0 liveFrames=0 repeatedLiveFrames=0 idleFrames=125 desyncPct=100.0 maxGapMs=42.3 maxCaptureMs=1.0
2026-09-09 00:52:08+05:30 2026-09-08 19:22:08,588 [INFO] handler: WS_FRAME_RECEIVED session=9d27a9fb-3ff0-4b83-8b98-54cb04e4a745 type=1 size=34 ip=172.20.27.161
2026-09-09 00:52:08+05:30 2026-09-08 19:22:08,588 [INFO] handler: WS_SEND_RESPONSE session=9d27a9fb-3ff0-4b83-8b98-54cb04e4a745 type=pong ip=172.20.27.161
2026-09-09 00:52:11+05:30 [METRICS] GPU_util=0% GPU_temp=37C GPU_mem=4.0GB/44.4GB (reserved=6.7GB) RSS=15869MB CPU_user=103.6s CPU_sys=18.0s sessions=2 pool=3/3
2026-09-09 00:52:13+05:30 2026-09-08 19:22:13,625 [INFO] VideoPublisher: VIDEO_PUBLISH_METRICS session=25bbf657-9d3c-4011-828e-a0f537558dcd windowMs=5039 frames=126 effectiveFps=25.0 liveFrames=0 repeatedLiveFrames=0 idleFrames=126 desyncPct=100.0 maxGapMs=41.5 maxCaptureMs=0.9
2026-09-09 00:52:16+05:30 [METRICS] GPU_util=0% GPU_temp=38C GPU_mem=4.0GB/44.4GB (reserved=6.7GB) RSS=15869MB CPU_user=105.4s CPU_sys=18.1s sessions=2 pool=3/3
2026-09-09 00:52:18+05:30 2026-09-08 19:22:18,664 [INFO] VideoPublisher: VIDEO_PUBLISH_METRICS session=25bbf657-9d3c-4011-828e-a0f537558dcd windowMs=5039 frames=126 effectiveFps=25.0 liveFrames=0 repeatedLiveFrames=0 idleFrames=126 desyncPct=100.0 maxGapMs=41.8 maxCaptureMs=0.9
2026-09-09 00:52:21+05:30 2026-09-08 19:22:21,578 [INFO] handler: WS_FRAME_RECEIVED session=25bbf657-9d3c-4011-828e-a0f537558dcd type=1 size=34 ip=172.20.27.161
2026-09-09 00:52:21+05:30 2026-09-08 19:22:21,578 [INFO] handler: WS_SEND_RESPONSE session=25bbf657-9d3c-4011-828e-a0f537558dcd type=pong ip=172.20.27.161
2026-09-09 00:52:21+05:30 [METRICS] GPU_util=0% GPU_temp=38C GPU_mem=4.0GB/44.4GB (reserved=6.7GB) RSS=15869MB CPU_user=107.5s CPU_sys=18.3s sessions=2 pool=3/3
2026-09-09 00:52:23+05:30 2026-09-08 19:22:23,179 [INFO] streaming.orchestration.state_manager: [SM] Adaptive caps: p95_ms=700 buffer=18 peak=42 MAX=54 TARGET=43
2026-09-09 00:52:23+05:30 2026-09-08 19:22:23,589 [INFO] handler: WS_FRAME_RECEIVED session=9d27a9fb-3ff0-4b83-8b98-54cb04e4a745 type=1 size=34 ip=172.20.27.161
2026-09-09 00:52:23+05:30 2026-09-08 19:22:23,589 [INFO] handler: WS_SEND_RESPONSE session=9d27a9fb-3ff0-4b83-8b98-54cb04e4a745 type=pong ip=172.20.27.161
2026-09-09 00:52:23+05:30 2026-09-08 19:22:23,704 [INFO] VideoPublisher: VIDEO_PUBLISH_METRICS session=25bbf657-9d3c-4011-828e-a0f537558dcd windowMs=5040 frames=126 effectiveFps=25.0 liveFrames=0 repeatedLiveFrames=0 idleFrames=126 desyncPct=100.0 maxGapMs=41.7 maxCaptureMs=1.6
2026-09-09 00:52:26+05:30 [METRICS] GPU_util=0% GPU_temp=38C GPU_mem=4.0GB/44.4GB (reserved=6.7GB) RSS=15869MB CPU_user=109.7s CPU_sys=18.4s sessions=2 pool=3/3
2026-09-09 00:52:28+05:30 2026-09-08 19:22:28,705 [INFO] VideoPublisher: VIDEO_PUBLISH_METRICS session=25bbf657-9d3c-4011-828e-a0f537558dcd windowMs=5001 frames=125 effectiveFps=25.0 liveFrames=0 repeatedLiveFrames=0 idleFrames=125 desyncPct=100.0 maxGapMs=42.9 maxCaptureMs=0.8
2026-09-09 00:52:31+05:30 [METRICS] GPU_util=0% GPU_temp=38C GPU_mem=4.0GB/44.4GB (reserved=6.7GB) RSS=15869MB CPU_user=111.7s CPU_sys=18.5s sessions=2 pool=3/3
2026-09-09 00:52:33+05:30 2026-09-08 19:22:33,746 [INFO] VideoPublisher: VIDEO_PUBLISH_METRICS session=25bbf657-9d3c-4011-828e-a0f537558dcd windowMs=5040 frames=126 effectiveFps=25.0 liveFrames=0 repeatedLiveFrames=0 idleFrames=126 desyncPct=100.0 maxGapMs=42.1 maxCaptureMs=1.0
2026-09-09 00:52:36+05:30 2026-09-08 19:22:36,589 [INFO] handler: WS_FRAME_RECEIVED session=25bbf657-9d3c-4011-828e-a0f537558dcd type=1 size=34 ip=172.20.27.161
2026-09-09 00:52:36+05:30 2026-09-08 19:22:36,589 [INFO] handler: WS_SEND_RESPONSE session=25bbf657-9d3c-4011-828e-a0f537558dcd type=pong ip=172.20.27.161
2026-09-09 00:52:36+05:30 [METRICS] GPU_util=0% GPU_temp=38C GPU_mem=4.0GB/44.4GB (reserved=6.7GB) RSS=15869MB CPU_user=113.7s CPU_sys=18.5s sessions=2 pool=3/3
2026-09-09 00:52:38+05:30 2026-09-08 19:22:38,598 [INFO] handler: WS_FRAME_RECEIVED session=9d27a9fb-3ff0-4b83-8b98-54cb04e4a745 type=1 size=34 ip=172.20.27.161
2026-09-09 00:52:38+05:30 2026-09-08 19:22:38,598 [INFO] handler: WS_SEND_RESPONSE session=9d27a9fb-3ff0-4b83-8b98-54cb04e4a745 type=pong ip=172.20.27.161
2026-09-09 00:52:38+05:30 2026-09-08 19:22:38,784 [INFO] VideoPublisher: VIDEO_PUBLISH_METRICS session=25bbf657-9d3c-4011-828e-a0f537558dcd windowMs=5038 frames=126 effectiveFps=25.0 liveFrames=0 repeatedLiveFrames=0 idleFrames=126 desyncPct=100.0 maxGapMs=41.8 maxCaptureMs=1.0
2026-09-09 00:52:41+05:30 [METRICS] GPU_util=0% GPU_temp=38C GPU_mem=4.0GB/44.4GB (reserved=6.7GB) RSS=15869MB CPU_user=115.7s CPU_sys=18.6s sessions=2 pool=3/3
2026-09-09 00:52:43+05:30 2026-09-08 19:22:43,784 [INFO] VideoPublisher: VIDEO_PUBLISH_METRICS session=25bbf657-9d3c-4011-828e-a0f537558dcd windowMs=5001 frames=125 effectiveFps=25.0 liveFrames=0 repeatedLiveFrames=0 idleFrames=125 desyncPct=100.0 maxGapMs=41.9 maxCaptureMs=1.1
2026-09-09 00:52:45+05:30 [EXIT] Starting graceful shutdown
2026-09-09 00:52:45+05:30 [EXIT] Shutting down Modal serve runtime
2026-09-09 00:52:45+05:30 2026-09-08 19:22:45,829 [INFO] handler: WORKER_TERMINATION_REQUESTED session=25bbf657-9d3c-4011-828e-a0f537558dcd reason=worker_shutdown
2026-09-09 00:52:45+05:30 2026-09-08 19:22:45,829 [INFO] handler: WORKER_TERMINATION_REQUESTED session=9d27a9fb-3ff0-4b83-8b98-54cb04e4a745 reason=worker_shutdown
2026-09-09 00:52:45+05:30 2026-09-08 19:22:45,829 [INFO] batched_stream_processor: BATCHED_DRAIN_STARTED session=25bbf657-9d3c-4011-828e-a0f537558dcd keep_alive=False
2026-09-09 00:52:45+05:30 2026-09-08 19:22:45,829 [INFO] BatchedStreamingEngine: Session 25bbf657-9d3c-4011-828e-a0f537558dcd marked for drain (keep_alive=False)
2026-09-09 00:52:45+05:30 2026-09-08 19:22:45,829 [INFO] batched_stream_processor: BATCHED_DRAIN_STARTED session=9d27a9fb-3ff0-4b83-8b98-54cb04e4a745 keep_alive=False
2026-09-09 00:52:45+05:30 2026-09-08 19:22:45,830 [INFO] BatchedStreamingEngine: Session 9d27a9fb-3ff0-4b83-8b98-54cb04e4a745 marked for drain (keep_alive=False)
2026-09-09 00:52:45+05:30 2026-09-08 19:22:45,830 [INFO] BatchedStreamingEngine: Session 25bbf657-9d3c-4011-828e-a0f537558dcd removed (total=1)
2026-09-09 00:52:45+05:30 2026-09-08 19:22:45,830 [INFO] BatchedStreamingEngine: Session 9d27a9fb-3ff0-4b83-8b98-54cb04e4a745 removed (total=0)
2026-09-09 00:52:45+05:30 [EXIT] Signalled 2 active session(s)
2026-09-09 00:52:45+05:30 2026-09-08 19:22:45,831 [INFO] websockets.server: server closing
2026-09-09 00:52:45+05:30 2026-09-08 19:22:45,831 [INFO] websockets.server: server closed
2026-09-09 00:52:45+05:30 2026-09-08 19:22:45,831 [INFO] streaming.transport.websocket_server: WebSocket ingestion server stopped
2026-09-09 00:52:45+05:30 [EXIT] Draining 2 active session task(s)
2026-09-09 00:52:45+05:30 2026-09-08 19:22:45,931 [INFO] batched_stream_processor: BATCHED_DRAIN_COMPLETED session=25bbf657-9d3c-4011-828e-a0f537558dcd cycles=1 elapsed=101.5ms keep_alive=False
2026-09-09 00:52:45+05:30 2026-09-08 19:22:45,931 [INFO] batched_stream_processor: BATCHED_DRAIN_COMPLETED session=9d27a9fb-3ff0-4b83-8b98-54cb04e4a745 cycles=1 elapsed=101.6ms keep_alive=False
2026-09-09 00:52:45+05:30 2026-09-08 19:22:45,935 [INFO] streaming.transport.websocket_server: Unregistered WebSocket session: 9d27a9fb-3ff0-4b83-8b98-54cb04e4a745
2026-09-09 00:52:45+05:30 2026-09-08 19:22:45,947 [INFO] handler: [handler] run_batched_streaming_session() completed in 148526.1ms for 9d27a9fb-3ff0-4b83-8b98-54cb04e4a745
2026-09-09 00:52:45+05:30 2026-09-08 19:22:45,950 [INFO] livekit: livekit::rtc_engine::peer_transport:522:livekit::rtc_engine::peer_transport - Applying x-google-start-bitrate=1000 kbps (target_bps=Some(6000000))
2026-09-09 00:52:46+05:30 2026-09-08 19:22:46,147 [INFO] LiveKitEgressAdapter: LIVEKIT_ROOM_STATE session=25bbf657-9d3c-4011-828e-a0f537558dcd state=0
2026-09-09 00:52:46+05:30 2026-09-08 19:22:46,148 [INFO] LiveKitEgressAdapter: LIVEKIT_ROOM_DISCONNECTED session=25bbf657-9d3c-4011-828e-a0f537558dcd reason=1
2026-09-09 00:52:46+05:30 2026-09-08 19:22:46,149 [INFO] streaming.transport.websocket_server: Unregistered WebSocket session: 25bbf657-9d3c-4011-828e-a0f537558dcd
2026-09-09 00:52:46+05:30 2026-09-08 19:22:46,149 [INFO] livekit: livekit::room:1788:livekit::room - Disconnected from room "manual-c3e62359" with reason: ClientInitiated
2026-09-09 00:52:46+05:30 2026-09-08 19:22:46,158 [INFO] handler: [handler] run_batched_streaming_session() completed in 149040.1ms for 25bbf657-9d3c-4011-828e-a0f537558dcd
2026-09-09 00:52:46+05:30 2026-09-08 19:22:46,419 [INFO] handler: WS_CONNECTION_LOST session=25bbf657-9d3c-4011-828e-a0f537558dcd closed=True close_code=1000 exception=None ip=172.20.27.161
2026-09-09 00:52:46+05:30 2026-09-08 19:22:46,419 [INFO] aiohttp.access: 172.20.27.161 [08/Sep/2026:19:20:20 +0000] "GET /ws/25bbf657-9d3c-4011-828e-a0f537558dcd HTTP/1.1" 101 0 "-" "Python/3.12 aiohttp/3.13.5"
2026-09-09 00:52:46+05:30 2026-09-08 19:22:46,501 [INFO] handler: WS_CONNECTION_LOST session=9d27a9fb-3ff0-4b83-8b98-54cb04e4a745 closed=True close_code=1000 exception=None ip=172.20.27.161
2026-09-09 00:52:46+05:30 2026-09-08 19:22:46,501 [INFO] aiohttp.access: 172.20.27.161 [08/Sep/2026:19:20:22 +0000] "GET /ws/9d27a9fb-3ff0-4b83-8b98-54cb04e4a745 HTTP/1.1" 101 0 "-" "Python/3.12 aiohttp/3.13.5"
2026-09-09 00:52:48+05:30 [EXIT] Cancelling 2 orphaned reconnect-expiry task(s)
2026-09-09 00:52:48+05:30 [EXIT] Modal serve runtime shutdown complete
2026-09-09 00:52:48+05:30 2026-09-08 19:22:48,374 [INFO] BatchedStreamingEngine: Engine shutting down, draining remaining sessions...
2026-09-09 00:52:48+05:30 2026-09-08 19:22:48,376 [INFO] BatchedStreamingEngine: Engine drain complete: 1 cycles total
2026-09-09 00:52:48+05:30 2026-09-08 19:22:48,380 [INFO] BatchedStreamingEngine: BatchedStreamingEngine stopped
2026-09-09 00:52:48+05:30 [EXIT] BatchedStreamingEngine stopped
2026-09-09 00:52:48+05:30 [EXIT] Graceful shutdown complete
