2026-08-03 15:49:55+05:30 Restoring Function from memory snapshot.
2026-08-03 15:50:19+05:30 Transient snapshot error: failed to restore container from snapshot with exit code 139. Will retry with no snapshots.
2026-08-03 15:50:26+05:30 
2026-08-03 15:50:26+05:30 =============
2026-08-03 15:50:26+05:30 == PyTorch ==
2026-08-03 15:50:26+05:30 =============
2026-08-03 15:50:26+05:30 
2026-08-03 15:50:26+05:30 NVIDIA Release 26.05 (build 313520559)
2026-08-03 15:50:26+05:30 PyTorch Version 2.12.0a0+5aff392
2026-08-03 15:50:26+05:30 Container image Copyright (c) 2026, NVIDIA CORPORATION & AFFILIATES. All rights reserved.
2026-08-03 15:50:26+05:30 Copyright (c) 2014-2024 Facebook Inc.
2026-08-03 15:50:26+05:30 Copyright (c) 2011-2014 Idiap Research Institute (Ronan Collobert)
2026-08-03 15:50:26+05:30 Copyright (c) 2012-2014 Deepmind Technologies    (Koray Kavukcuoglu)
2026-08-03 15:50:26+05:30 Copyright (c) 2011-2012 NEC Laboratories America (Koray Kavukcuoglu)
2026-08-03 15:50:26+05:30 Copyright (c) 2011-2013 NYU                      (Clement Farabet)
2026-08-03 15:50:26+05:30 Copyright (c) 2006-2010 NEC Laboratories America (Ronan Collobert, Leon Bottou, Iain Melvin, Jason Weston)
2026-08-03 15:50:26+05:30 Copyright (c) 2006      Idiap Research Institute (Samy Bengio)
2026-08-03 15:50:26+05:30 Copyright (c) 2001-2004 Idiap Research Institute (Ronan Collobert, Samy Bengio, Johnny Mariethoz)
2026-08-03 15:50:26+05:30 Copyright (c) 2015      Google Inc.
2026-08-03 15:50:26+05:30 Copyright (c) 2015      Yangqing Jia
2026-08-03 15:50:26+05:30 Copyright (c) 2013-2016 The Caffe contributors
2026-08-03 15:50:26+05:30 All rights reserved.
2026-08-03 15:50:26+05:30 
2026-08-03 15:50:26+05:30 Various files include modifications (c) NVIDIA CORPORATION & AFFILIATES.  All rights reserved.
2026-08-03 15:50:26+05:30 
2026-08-03 15:50:26+05:30 GOVERNING TERMS: The software and materials are governed by the NVIDIA Software License Agreement
2026-08-03 15:50:26+05:30 (found at https://www.nvidia.com/en-us/agreements/enterprise-software/nvidia-software-license-agreement/)
2026-08-03 15:50:26+05:30 and the Product-Specific Terms for NVIDIA AI Products
2026-08-03 15:50:26+05:30 (found at https://www.nvidia.com/en-us/agreements/enterprise-software/product-specific-terms-for-ai-products/).
2026-08-03 15:50:27+05:30 
2026-08-03 15:50:27+05:30 WARNING: CUDA Minor Version Compatibility mode ENABLED.
2026-08-03 15:50:27+05:30   Using driver version 580.95.05 which has support for CUDA 13.0.  This container
2026-08-03 15:50:27+05:30   was built with CUDA 13.2 and will be run in Minor Version Compatibility mode.
2026-08-03 15:50:27+05:30   CUDA Forward Compatibility is preferred over Minor Version Compatibility for use
2026-08-03 15:50:27+05:30   with this container but was unavailable:
2026-08-03 15:50:27+05:30   [[]]
2026-08-03 15:50:27+05:30   See https://docs.nvidia.com/deploy/cuda-compatibility/ for details.
2026-08-03 15:50:27+05:30 
2026-08-03 15:50:30+05:30 [SNAP_CREATE] Starting GPU snapshot load
2026-08-03 15:50:33+05:30 [SNAP_CREATE_START] pid=2 cuda_available=True allocated=0 reserved=0 memory_snapshot_segments=0
2026-08-03 15:50:46+05:30 W0803 10:20:46.529000 2 torch/utils/_pytree.py:630] <enum 'KernelPreference'> is an Enum subclass and is now natively supported by torch.compile as an opaque value type. Calling register_constant() on Enum subclasses is deprecated and will be an error in a future release.
2026-08-03 15:50:46+05:30 W0803 10:20:46.627000 2 torch/utils/_pytree.py:630] <enum 'ScaleCalculationMode'> is an Enum subclass and is now natively supported by torch.compile as an opaque value type. Calling register_constant() on Enum subclasses is deprecated and will be an error in a future release.
2026-08-03 15:50:46+05:30 Unable to import `torchao` Tensor objects. This may affect loading checkpoints serialized with `torchao`
2026-08-03 15:50:56+05:30 Matplotlib is building the font cache; this may take a moment.
2026-08-03 15:51:01+05:30 [SNAP_CREATE] Loading FlashHead pipeline on GPU...
2026-08-03 15:51:01+05:30 2026-08-03 10:21:01.876 | INFO     | flash_head.inference:get_pipeline:21 - ulysses_degree: 1, ring_degree: 1, device: cuda
2026-08-03 15:51:05+05:30 There are modules in CausalVideoAutoencoder that should be kept in float32: []. Casting directly with `to()` can lead to inconsistent results; set `torch_dtype` in `from_pretrained()` instead to keep these modules in float32.
2026-08-03 15:51:08+05:30 There are modules in WanModelAudioProject that should be kept in float32: []. Casting directly with `to()` can lead to inconsistent results; set `torch_dtype` in `from_pretrained()` instead to keep these modules in float32.
2026-08-03 15:51:10+05:30 Some weights of Wav2Vec2Model were not initialized from the model checkpoint at /app/models/wav2vec2-base-960h and are newly initialized: ['masked_spec_embed']
2026-08-03 15:51:10+05:30 You should probably TRAIN this model on a down-stream task to be able to use it for predictions and inference.
2026-08-03 15:51:10+05:30 2026-08-03 10:21:10.560 | INFO     | flash_head.src.pipeline.flash_head_pipeline:get_cached_lite_components:102 - Cached Lite model components for reuse
2026-08-03 15:51:10+05:30 [SNAP_CREATE] Pipeline loaded in 8683.3ms
2026-08-03 15:51:10+05:30 [SNAP_CREATE_POST_PIPELINE_LOAD] pid=2 cuda_available=True allocated=4294345216 reserved=4578082816 memory_snapshot_segments=0
2026-08-03 15:51:10+05:30 [SNAP_CREATE] Running warmup inference on GPU...
2026-08-03 15:51:15+05:30 2026-08-03 10:21:15.345 | INFO     | flash_head.src.pipeline.flash_head_pipeline:generate:392 - [generate] DENOISE_STEPS total=3021.9ms steps=[s0=2696.9 s1=109.7 s2=107.3 s3=108.0] n_steps=4
2026-08-03 15:51:15+05:30 [SNAP_CREATE] Warmup completed in 4790.0ms
2026-08-03 15:51:15+05:30 [SNAP_CREATE_POST_WARMUP] pid=2 cuda_available=True allocated=4306209792 reserved=5941231616 memory_snapshot_segments=0
2026-08-03 15:51:15+05:30 [SNAP_CREATE_AFTER_CLEANUP] pid=2 cuda_available=True allocated=4303916032 reserved=4580179968 memory_snapshot_segments=0
2026-08-03 15:51:15+05:30 [SNAP_PRE_RESET] SIGSEGV handler: <function crash_handler at 0x2b466d12f420>
2026-08-03 15:51:15+05:30 [SNAP_PRE_RESET] SIGABRT handler: <function crash_handler at 0x2b466d12f420>
2026-08-03 15:51:15+05:30 [SNAP_PRE_RESET] SIGBUS handler: <function crash_handler at 0x2b466d12f420>
2026-08-03 15:51:15+05:30 [SNAP_PRE_RESET] SIGFPE handler: <function crash_handler at 0x2b466d12f420>
2026-08-03 15:51:15+05:30 [SNAP] Resetting signal 11 from <function crash_handler at 0x2b466d12f420> to SIG_DFL
2026-08-03 15:51:15+05:30 [SNAP] Resetting signal 6 from <function crash_handler at 0x2b466d12f420> to SIG_DFL
2026-08-03 15:51:15+05:30 [SNAP] Resetting signal 7 from <function crash_handler at 0x2b466d12f420> to SIG_DFL
2026-08-03 15:51:15+05:30 [SNAP] Resetting signal 8 from <function crash_handler at 0x2b466d12f420> to SIG_DFL
2026-08-03 15:51:15+05:30 [SNAP_POST_RESET] SIGSEGV handler: 0
2026-08-03 15:51:15+05:30 [SNAP_POST_RESET] SIGABRT handler: 0
2026-08-03 15:51:15+05:30 [SNAP_POST_RESET] SIGBUS handler: 0
2026-08-03 15:51:15+05:30 [SNAP_POST_RESET] SIGFPE handler: 0
2026-08-03 15:51:15+05:30 [SNAP_CREATE] Ready for GPU snapshot (memory optimized)
2026-08-03 15:51:15+05:30 [RESTORE] Starting GPU snapshot restore
2026-08-03 15:51:15+05:30 [RESTORE_START] pid=2 cuda_available=True allocated=4303916032 reserved=4580179968 memory_snapshot_segments=0
2026-08-03 15:51:15+05:30 [RESTORE] cuda.is_available=True dist.is_initialized=False
2026-08-03 15:51:15+05:30 [RESTORE] allocated=4303916032 reserved=4580179968 memory_snapshot_segments=0
2026-08-03 15:51:15+05:30 [RESTORE] snap_pipeline exists: device=cuda
2026-08-03 15:51:15+05:30 [RESTORE_POST] SIGSEGV handler: 0
2026-08-03 15:51:15+05:30 [RESTORE_POST] SIGABRT handler: 0
2026-08-03 15:51:15+05:30 [RESTORE_POST] SIGBUS handler: 0
2026-08-03 15:51:15+05:30 [RESTORE_POST] SIGFPE handler: 0
2026-08-03 15:51:15+05:30 [RESTORE_FINAL] pid=2 cuda_available=True allocated=4303916032 reserved=4580179968 memory_snapshot_segments=0
2026-08-03 15:51:15+05:30 [RESTORE] GPU snapshot restore complete
2026-08-03 15:51:16+05:30 2026-08-03 10:21:16.332 | INFO     | flash_head.inference:get_pipeline:21 - ulysses_degree: 1, ring_degree: 1, device: cuda
2026-08-03 15:51:16+05:30 2026-08-03 10:21:16.332 | INFO     | flash_head.src.pipeline.flash_head_pipeline:get_cached_lite_components:68 - Reusing cached Lite model components
2026-08-03 15:51:16+05:30 2026-08-03 10:21:16.332 | INFO     | flash_head.inference:get_pipeline:21 - ulysses_degree: 1, ring_degree: 1, device: cuda
2026-08-03 15:51:16+05:30 2026-08-03 10:21:16.333 | INFO     | flash_head.src.pipeline.flash_head_pipeline:get_cached_lite_components:68 - Reusing cached Lite model components
2026-08-03 15:51:16+05:30 2026-08-03 10:21:16.333 | INFO     | flash_head.inference:get_pipeline:21 - ulysses_degree: 1, ring_degree: 1, device: cuda
2026-08-03 15:51:16+05:30 2026-08-03 10:21:16.333 | INFO     | flash_head.src.pipeline.flash_head_pipeline:get_cached_lite_components:68 - Reusing cached Lite model components
2026-08-03 15:51:16+05:30 [SERVE] Starting serve() post-restore
2026-08-03 15:51:16+05:30 2026-08-03 10:21:16,334 [INFO] BatchedStreamingEngine: BatchedStreamingEngine background thread started
2026-08-03 15:51:16+05:30 [SERVE] BatchedStreamingEngine started (wait_window=20ms)
2026-08-03 15:51:16+05:30 2026-08-03 10:21:16,338 [INFO] default_avatar_cache: [default-avatar-cache] Manifest not found at /app/config/default_avatars.manifest.json. Falling back to per-session URL fetch.
2026-08-03 15:51:16+05:30 [modal] Default avatar manifest not found at /app/config/default_avatars.manifest.json - falling back to per-session URL fetch
2026-08-03 15:51:16+05:30 [modal] Default idle cache: cachedIdleVideoCount=0 failed=0
2026-08-03 15:51:16+05:30 [SERVE] Snapshot pipeline in model_pool: current_size=3 available=3
2026-08-03 15:51:16+05:30 2026-08-03 10:21:16,339 [INFO] modal_app: aiohttp background thread started ident=47589035587264
2026-08-03 15:51:16+05:30 2026-08-03 10:21:16,340 [INFO] streaming.websocket_server: Starting WebSocket ingestion server on ws://0.0.0.0:8765
2026-08-03 15:51:16+05:30 2026-08-03 10:21:16,347 [INFO] websockets.server: server listening on 0.0.0.0:8765
2026-08-03 15:51:16+05:30 [SERVE] Models already on GPU from snapshot - marking ready immediately
2026-08-03 15:51:16+05:30 [SERVE_START] pid=2 cuda_available=True allocated=4303916032 reserved=4580179968 memory_snapshot_segments=0
2026-08-03 15:51:17+05:30 [prewarm] Connecting to wss://ai-14ksodzi.livekit.cloud room=prewarm-49bf238e slot=1/3 attempt=1/required...
2026-08-03 15:51:17+05:30 Nvidia Decoder is supported.
2026-08-03 15:51:17+05:30 2026-08-03 10:21:17,916 [INFO] livekit: livekit_api::signal_client::signal_stream:104:livekit_api::signal_client::signal_stream - connecting to wss://ai-14ksodzi.livekit.cloud/rtc/v1
2026-08-03 15:51:18+05:30 [prewarm] Connected slot=1/3 in 1443.9 ms, adding to pool
2026-08-03 15:51:18+05:30 2026-08-03 10:21:18,588 [INFO] modal_app: aiohttp site started thread=47589035587264 event_loop=47587685365520
2026-08-03 15:51:18+05:30 [prewarm] Connecting to wss://ai-14ksodzi.livekit.cloud room=prewarm-bfeb752b slot=2/3 attempt=1/3...
2026-08-03 15:51:18+05:30 [prewarm] Connecting to wss://ai-14ksodzi.livekit.cloud room=prewarm-5675b786 slot=3/3 attempt=1/3...
2026-08-03 15:51:18+05:30 [METRICS] GPU_util=0% GPU_temp=37C GPU_mem=4.0GB/22.0GB (reserved=4.3GB) RSS=11767MB CPU_user=36.5s CPU_sys=10.5s sessions=0 pool=3/3
2026-08-03 15:51:18+05:30 2026-08-03 10:21:18,734 [INFO] aiohttp.access: 172.20.3.244 [03/Aug/2026:10:21:18 +0000] "GET /readyz HTTP/1.1" 200 398 "-" "Mozilla/5.0 (Windows NT; Windows NT 10.0; en-IN) WindowsPowerShell/5.1.26100.7705"
2026-08-03 15:51:18+05:30 2026-08-03 10:21:18,754 [INFO] aiohttp.access: 172.20.3.244 [03/Aug/2026:10:21:18 +0000] "GET /readyz HTTP/1.1" 200 398 "-" "Mozilla/5.0 (Windows NT; Windows NT 10.0; en-IN) WindowsPowerShell/5.1.26100.7705"
2026-08-03 15:51:18+05:30 2026-08-03 10:21:18,863 [INFO] livekit: livekit_api::signal_client::signal_stream:104:livekit_api::signal_client::signal_stream - connecting to wss://ai-14ksodzi.livekit.cloud/rtc/v1
2026-08-03 15:51:18+05:30 2026-08-03 10:21:18,866 [INFO] livekit: livekit_api::signal_client::signal_stream:104:livekit_api::signal_client::signal_stream - connecting to wss://ai-14ksodzi.livekit.cloud/rtc/v1
2026-08-03 15:51:19+05:30 [prewarm] Connected slot=3/3 in 630.1 ms, adding to pool
2026-08-03 15:51:19+05:30     GET /readyz -> 200 OK  (duration: 69.2 s, execution: 424.2 ms)
2026-08-03 15:51:19+05:30 [prewarm] Connected slot=2/3 in 675.4 ms, adding to pool
2026-08-03 15:51:19+05:30 [prewarm] Background fill finished: 3/3 rooms connected, 3/3 rooms available
2026-08-03 15:51:23+05:30 [METRICS] GPU_util=0% GPU_temp=37C GPU_mem=4.0GB/22.0GB (reserved=4.3GB) RSS=11767MB CPU_user=41.0s CPU_sys=11.0s sessions=0 pool=3/3
2026-08-03 15:51:26+05:30 2026-08-03 10:21:26,755 [INFO] handler: [claim_room] Claimed room prewarm-49bf238e for new session
2026-08-03 15:51:26+05:30 2026-08-03 10:21:26,756 [INFO] aiohttp.access: 172.20.3.244 [03/Aug/2026:10:21:26 +0000] "POST /room/claim HTTP/1.1" 200 965 "-" "node"
2026-08-03 15:51:27+05:30    POST /room/claim -> 200 OK  (duration: 282.8 ms, execution: 191.0 ms)
2026-08-03 15:51:28+05:30 [METRICS] GPU_util=0% GPU_temp=37C GPU_mem=4.0GB/22.0GB (reserved=4.3GB) RSS=11767MB CPU_user=45.2s CPU_sys=11.2s sessions=0 pool=3/3
2026-08-03 15:51:29+05:30 2026-08-03 10:21:29,075 [INFO] handler: [pod_session_start] Received session=2a06f9af-1bd7-4cb7-8355-25a21b40a591 room=prewarm-49bf238e ingestion=websocket hasIdleAsset=True
2026-08-03 15:51:29+05:30 2026-08-03 10:21:29,075 [INFO] streaming.websocket_server: Registered WebSocket session: 2a06f9af-1bd7-4cb7-8355-25a21b40a591
2026-08-03 15:51:29+05:30 2026-08-03 10:21:29,076 [INFO] aiohttp.access: 172.20.3.244 [03/Aug/2026:10:21:29 +0000] "POST /sessions/start HTTP/1.1" 202 308 "-" "node"
2026-08-03 15:51:29+05:30 2026-08-03 10:21:29,076 [INFO] handler: [handler] Reusing pre-warmed LiveKit room prewarm-49bf238e connection_state=1 identity=prewarm-prewarm-49bf238e
2026-08-03 15:51:29+05:30 2026-08-03 10:21:29,077 [INFO] batched_stream_processor: [BATCHED-DIAG] threading context: thread_id=47589035587264 thread_name=modal-aiohttp-server event_loop_id=47587685365520
2026-08-03 15:51:29+05:30 2026-08-03 10:21:29,077 [INFO] batched_stream_processor: Connecting to LiveKit room=prewarm-49bf238e url=wss://ai-14ksodzi.livekit.cloud session=2a06f9af-1bd7-4cb7-8355-25a21b40a591
2026-08-03 15:51:29+05:30 2026-08-03 10:21:29,077 [INFO] batched_stream_processor: Reusing pre-connected LiveKit room=prewarm-49bf238e session=2a06f9af-1bd7-4cb7-8355-25a21b40a591 connection_state=1
2026-08-03 15:51:29+05:30 2026-08-03 10:21:29,078 [INFO] streaming.idle_video: Downloading idle video asset
2026-08-03 15:51:29+05:30 2026-08-03 10:21:29,192 [INFO] handler: WS_REQUEST_RECEIVED session=2a06f9af-1bd7-4cb7-8355-25a21b40a591 origin= ip=172.20.3.244
2026-08-03 15:51:29+05:30 2026-08-03 10:21:29,192 [INFO] handler: WS_CONNECT session=2a06f9af-1bd7-4cb7-8355-25a21b40a591 origin= ip=172.20.3.244 handlerMs=0.6
2026-08-03 15:51:29+05:30    POST /sessions/start -> 202 Accepted  (duration: 282.7 ms, execution: 193.8 ms)
2026-08-03 15:51:29+05:30 2026-08-03 10:21:29,336 [INFO] streaming.idle_video: Loading idle video frames from /tmp/tmpv8xqiokc.mp4
2026-08-03 15:51:29+05:30 2026-08-03 10:21:29,896 [INFO] streaming.idle_video: Loaded 375 frames for idle loop
2026-08-03 15:51:29+05:30 2026-08-03 10:21:29,896 [INFO] batched_stream_processor: Registering session 2a06f9af-1bd7-4cb7-8355-25a21b40a591 with BatchedStreamingEngine
2026-08-03 15:51:29+05:30 2026-08-03 10:21:29,897 [INFO] BatchedStreamingEngine: Session 2a06f9af-1bd7-4cb7-8355-25a21b40a591 added (total=1)
2026-08-03 15:51:30+05:30 2026-08-03 10:21:30,177 [INFO] batched_stream_processor: Session 2a06f9af-1bd7-4cb7-8355-25a21b40a591 registered with engine in 280.5 ms (avatar prepared)
2026-08-03 15:51:30+05:30 2026-08-03 10:21:30,177 [INFO] streaming.state_manager: [SM] Adaptive caps: p95_ms=350 buffer=9 peak=33 MAX=42 TARGET=33
2026-08-03 15:51:30+05:30 2026-08-03 10:21:30,177 [INFO] streaming.state_manager: [SM] Adaptive caps: p95_ms=350 buffer=9 peak=33 MAX=42 TARGET=33
2026-08-03 15:51:30+05:30 2026-08-03 10:21:30,178 [INFO] VideoPublisher: [VP-DIAG] First non-None frame received after 0 None ticks (~0.0s). Creating track...
2026-08-03 15:51:30+05:30 2026-08-03 10:21:30,178 [INFO] VideoPublisher: [VP-DIAG] Creating video track 512x512
2026-08-03 15:51:30+05:30 2026-08-03 10:21:30,180 [INFO] VideoPublisher: [VP-DIAG] Calling publish_track()...
2026-08-03 15:51:30+05:30 2026-08-03 10:21:30,208 [INFO] VideoPublisher: [VP-DIAG] publish_track() completed in 27.5 ms
2026-08-03 15:51:30+05:30 2026-08-03 10:21:30,213 [INFO] livekit: livekit::room::e2ee::manager:179:livekit::room::e2ee::manager - packet_trailer not enabled for published track TR_VCXv83GNEcA9oy from prewarm-prewarm-49bf238e
2026-08-03 15:51:30+05:30 2026-08-03 10:21:30,217 [INFO] batched_stream_processor: [BATCHED-DIAG] {'event': 'local_track_published', 't': 1.14, 'sid': 'TR_VCXv83GNEcA9oy', 'kind': 2}
2026-08-03 15:51:30+05:30 2026-08-03 10:21:30,217 [INFO] batched_stream_processor: IDLE_TRACK_PUBLISHED session=2a06f9af-1bd7-4cb7-8355-25a21b40a591 room=prewarm-49bf238e
2026-08-03 15:51:30+05:30 2026-08-03 10:21:30,240 [INFO] livekit: livekit::rtc_engine::peer_transport:447:livekit::rtc_engine::peer_transport - Applying x-google-start-bitrate=2700 kbps (ultimate_bps=Some(3000000))
2026-08-03 15:51:30+05:30 2026-08-03 10:21:30,241 [INFO] livekit: livekit::rtc_engine::peer_transport:455:livekit::rtc_engine::peer_transport - SDP munged successfully for video codec
2026-08-03 15:51:33+05:30 [METRICS] GPU_util=0% GPU_temp=37C GPU_mem=4.0GB/22.0GB (reserved=5.5GB) RSS=11767MB CPU_user=52.1s CPU_sys=12.7s sessions=1 pool=3/3
2026-08-03 15:51:35+05:30 2026-08-03 10:21:35,182 [INFO] VideoPublisher: VIDEO_PUBLISH_METRICS windowMs=5005 frames=126 effectiveFps=25.2 liveFrames=0 repeatedLiveFrames=0 idleFrames=126 desyncPct=100.0 maxGapMs=42.7 maxCaptureMs=1.4
2026-08-03 15:51:38+05:30 [METRICS] GPU_util=0% GPU_temp=38C GPU_mem=4.0GB/22.0GB (reserved=5.5GB) RSS=11767MB CPU_user=56.7s CPU_sys=12.9s sessions=1 pool=3/3
2026-08-03 15:51:40+05:30 2026-08-03 10:21:40,222 [INFO] VideoPublisher: VIDEO_PUBLISH_METRICS windowMs=5040 frames=126 effectiveFps=25.0 liveFrames=0 repeatedLiveFrames=0 idleFrames=126 desyncPct=100.0 maxGapMs=42.4 maxCaptureMs=1.0
2026-08-03 15:51:43+05:30 [METRICS] GPU_util=0% GPU_temp=38C GPU_mem=4.0GB/22.0GB (reserved=5.5GB) RSS=11767MB CPU_user=61.2s CPU_sys=13.0s sessions=1 pool=3/3
2026-08-03 15:51:44+05:30 2026-08-03 10:21:44,951 [INFO] streaming.idle_video: [idle] loop flow crossfade 8 frames in 90.8ms
2026-08-03 15:51:44+05:30 2026-08-03 10:21:44,954 [WARNING] VideoPublisher: VIDEO_PUBLISH_GAP gapMs=132.4 targetFps=25 frameSource=idle
2026-08-03 15:51:45+05:30 2026-08-03 10:21:45,262 [INFO] VideoPublisher: VIDEO_PUBLISH_METRICS windowMs=5039 frames=126 effectiveFps=25.0 liveFrames=0 repeatedLiveFrames=0 idleFrames=126 desyncPct=100.0 maxGapMs=132.4 maxCaptureMs=0.8
2026-08-03 15:51:48+05:30 [METRICS] GPU_util=0% GPU_temp=38C GPU_mem=4.0GB/22.0GB (reserved=5.5GB) RSS=11767MB CPU_user=66.5s CPU_sys=13.6s sessions=1 pool=3/3
2026-08-03 15:51:50+05:30 2026-08-03 10:21:50,262 [INFO] VideoPublisher: VIDEO_PUBLISH_METRICS windowMs=5000 frames=125 effectiveFps=25.0 liveFrames=0 repeatedLiveFrames=0 idleFrames=125 desyncPct=100.0 maxGapMs=42.3 maxCaptureMs=0.9
2026-08-03 15:51:53+05:30 2026-08-03 10:21:53.118 | INFO     | flash_head.src.pipeline.flash_head_pipeline:generate_batch:538 - [generate_batch] GPU_BREAKDOWN denoise=435.3ms decode=54.9ms color+encode=250.0ms total=740.7ms batch_size=1
2026-08-03 15:51:53+05:30 2026-08-03 10:21:53.118 | INFO     | flash_head.src.pipeline.flash_head_pipeline:generate_batch:545 - [generate_batch] DENOISE_STEPS total=435.3ms steps=[s0=104.4 s1=110.8 s2=109.9 s3=110.3] n_steps=4 batch_size=1
2026-08-03 15:51:53+05:30 2026-08-03 10:21:53,184 [INFO] AudioPublisher: [AP-DIAG] Calling publish_track()...
2026-08-03 15:51:53+05:30 2026-08-03 10:21:53,209 [INFO] AudioPublisher: [AP-DIAG] publish_track() completed in 24.9 ms (16000 Hz, 1 ch)
2026-08-03 15:51:53+05:30 2026-08-03 10:21:53,212 [INFO] batched_stream_processor: [BATCHED-DIAG] {'event': 'local_track_published', 't': 24.135, 'sid': 'TR_AMfHvxvqyYxAF2', 'kind': 1}
2026-08-03 15:51:53+05:30 2026-08-03 10:21:53,218 [INFO] streaming.state_manager: [SM] IDLE -> TRANSITION_TO_LIVE (crossfade 8 frames, queue=24)
2026-08-03 15:51:53+05:30 2026-08-03 10:21:53,245 [INFO] livekit: livekit::rtc_engine::peer_transport:447:livekit::rtc_engine::peer_transport - Applying x-google-start-bitrate=2700 kbps (ultimate_bps=Some(3000000))
2026-08-03 15:51:53+05:30 2026-08-03 10:21:53,345 [INFO] streaming.idle_video: [idle] from-idle flow crossfade 8 frames in 125.7ms
2026-08-03 15:51:53+05:30 2026-08-03 10:21:53,350 [WARNING] VideoPublisher: VIDEO_PUBLISH_GAP gapMs=168.5 targetFps=25 frameSource=transition_to_live
2026-08-03 15:51:53+05:30 2026-08-03 10:21:53,539 [INFO] streaming.state_manager: [SM] TRANSITION_TO_LIVE -> LIVE
2026-08-03 15:51:53+05:30 [METRICS] GPU_util=99% GPU_temp=43C GPU_mem=4.2GB/22.0GB (reserved=5.6GB) RSS=11767MB CPU_user=72.7s CPU_sys=14.2s sessions=1 pool=3/3
2026-08-03 15:51:54+05:30 2026-08-03 10:21:54.087 | INFO     | flash_head.src.pipeline.flash_head_pipeline:generate_batch:538 - [generate_batch] GPU_BREAKDOWN denoise=437.4ms decode=18.4ms color+encode=251.6ms total=707.7ms batch_size=1
2026-08-03 15:51:54+05:30 2026-08-03 10:21:54.087 | INFO     | flash_head.src.pipeline.flash_head_pipeline:generate_batch:545 - [generate_batch] DENOISE_STEPS total=437.4ms steps=[s0=104.2 s1=110.5 s2=110.1 s3=112.6] n_steps=4 batch_size=1
2026-08-03 15:51:54+05:30 2026-08-03 10:21:54.986 | INFO     | flash_head.src.pipeline.flash_head_pipeline:generate_batch:538 - [generate_batch] GPU_BREAKDOWN denoise=434.4ms decode=14.7ms color+encode=259.2ms total=708.7ms batch_size=1
2026-08-03 15:51:54+05:30 2026-08-03 10:21:54.986 | INFO     | flash_head.src.pipeline.flash_head_pipeline:generate_batch:545 - [generate_batch] DENOISE_STEPS total=434.4ms steps=[s0=102.7 s1=109.0 s2=110.1 s3=112.7] n_steps=4 batch_size=1
2026-08-03 15:51:55+05:30 2026-08-03 10:21:55,302 [INFO] VideoPublisher: VIDEO_PUBLISH_METRICS windowMs=5039 frames=126 effectiveFps=25.0 liveFrames=45 repeatedLiveFrames=0 idleFrames=81 desyncPct=64.3 maxGapMs=168.5 maxCaptureMs=1.6
2026-08-03 15:51:55+05:30 2026-08-03 10:21:55.951 | INFO     | flash_head.src.pipeline.flash_head_pipeline:generate_batch:538 - [generate_batch] GPU_BREAKDOWN denoise=435.2ms decode=16.0ms color+encode=260.7ms total=712.3ms batch_size=1
2026-08-03 15:51:55+05:30 2026-08-03 10:21:55.951 | INFO     | flash_head.src.pipeline.flash_head_pipeline:generate_batch:545 - [generate_batch] DENOISE_STEPS total=435.2ms steps=[s0=100.2 s1=112.0 s2=110.6 s3=112.4] n_steps=4 batch_size=1
2026-08-03 15:51:56+05:30 2026-08-03 10:21:56.920 | INFO     | flash_head.src.pipeline.flash_head_pipeline:generate_batch:538 - [generate_batch] GPU_BREAKDOWN denoise=449.2ms decode=17.6ms color+encode=255.0ms total=722.5ms batch_size=1
2026-08-03 15:51:56+05:30 2026-08-03 10:21:56.920 | INFO     | flash_head.src.pipeline.flash_head_pipeline:generate_batch:545 - [generate_batch] DENOISE_STEPS total=449.2ms steps=[s0=112.5 s1=112.5 s2=110.1 s3=114.1] n_steps=4 batch_size=1
2026-08-03 15:51:57+05:30 2026-08-03 10:21:57.868 | INFO     | flash_head.src.pipeline.flash_head_pipeline:generate_batch:538 - [generate_batch] GPU_BREAKDOWN denoise=439.7ms decode=19.7ms color+encode=253.6ms total=713.5ms batch_size=1
2026-08-03 15:51:57+05:30 2026-08-03 10:21:57.868 | INFO     | flash_head.src.pipeline.flash_head_pipeline:generate_batch:545 - [generate_batch] DENOISE_STEPS total=439.7ms steps=[s0=109.5 s1=110.0 s2=109.9 s3=110.3] n_steps=4 batch_size=1
2026-08-03 15:51:58+05:30 2026-08-03 10:21:58.831 | INFO     | flash_head.src.pipeline.flash_head_pipeline:generate_batch:538 - [generate_batch] GPU_BREAKDOWN denoise=439.8ms decode=15.1ms color+encode=258.5ms total=713.7ms batch_size=1
2026-08-03 15:51:58+05:30 2026-08-03 10:21:58.831 | INFO     | flash_head.src.pipeline.flash_head_pipeline:generate_batch:545 - [generate_batch] DENOISE_STEPS total=439.8ms steps=[s0=103.5 s1=111.5 s2=109.9 s3=114.9] n_steps=4 batch_size=1
2026-08-03 15:51:58+05:30 [METRICS] GPU_util=99% GPU_temp=46C GPU_mem=4.0GB/22.0GB (reserved=5.6GB) RSS=11767MB CPU_user=79.7s CPU_sys=14.5s sessions=1 pool=3/3
2026-08-03 15:51:59+05:30 2026-08-03 10:21:59.795 | INFO     | flash_head.src.pipeline.flash_head_pipeline:generate_batch:538 - [generate_batch] GPU_BREAKDOWN denoise=439.9ms decode=18.2ms color+encode=260.5ms total=719.4ms batch_size=1
2026-08-03 15:51:59+05:30 2026-08-03 10:21:59.795 | INFO     | flash_head.src.pipeline.flash_head_pipeline:generate_batch:545 - [generate_batch] DENOISE_STEPS total=439.9ms steps=[s0=102.0 s1=114.5 s2=112.0 s3=111.5] n_steps=4 batch_size=1
2026-08-03 15:52:00+05:30 2026-08-03 10:22:00,181 [INFO] streaming.state_manager: [SM] Adaptive caps: p95_ms=863 buffer=22 peak=46 MAX=59 TARGET=47
2026-08-03 15:52:00+05:30 2026-08-03 10:22:00,344 [INFO] VideoPublisher: VIDEO_PUBLISH_METRICS windowMs=5042 frames=126 effectiveFps=25.0 liveFrames=126 repeatedLiveFrames=0 idleFrames=0 desyncPct=0.0 maxGapMs=46.9 maxCaptureMs=6.8
2026-08-03 15:52:00+05:30 2026-08-03 10:22:00.766 | INFO     | flash_head.src.pipeline.flash_head_pipeline:generate_batch:538 - [generate_batch] GPU_BREAKDOWN denoise=451.2ms decode=28.1ms color+encode=242.0ms total=722.3ms batch_size=1
2026-08-03 15:52:00+05:30 2026-08-03 10:22:00.766 | INFO     | flash_head.src.pipeline.flash_head_pipeline:generate_batch:545 - [generate_batch] DENOISE_STEPS total=451.2ms steps=[s0=109.6 s1=110.1 s2=110.3 s3=121.3] n_steps=4 batch_size=1
2026-08-03 15:52:01+05:30 2026-08-03 10:22:01.814 | INFO     | flash_head.src.pipeline.flash_head_pipeline:generate_batch:538 - [generate_batch] GPU_BREAKDOWN denoise=540.5ms decode=22.8ms color+encode=248.4ms total=813.0ms batch_size=1
2026-08-03 15:52:01+05:30 2026-08-03 10:22:01.814 | INFO     | flash_head.src.pipeline.flash_head_pipeline:generate_batch:545 - [generate_batch] DENOISE_STEPS total=540.5ms steps=[s0=163.5 s1=138.6 s2=122.9 s3=115.5] n_steps=4 batch_size=1
2026-08-03 15:52:01+05:30 2026-08-03 10:22:01,904 [INFO] BatchedStreamingEngine: cycle=10 batch=1 sessions=['2a06f9af-1bd7-4cb7-8355-25a21b40a591'] embed=21.4ms infer=813.8ms xfer=89.1ms total=924.3ms
2026-08-03 15:52:02+05:30 2026-08-03 10:22:02,520 [INFO] handler: UTTERANCE_END_RECEIVED session=2a06f9af-1bd7-4cb7-8355-25a21b40a591
2026-08-03 15:52:02+05:30 2026-08-03 10:22:02,521 [INFO] batched_stream_processor: BATCHED_DRAIN_STARTED session=2a06f9af-1bd7-4cb7-8355-25a21b40a591 keep_alive=True
2026-08-03 15:52:02+05:30 2026-08-03 10:22:02,521 [INFO] BatchedStreamingEngine: Session 2a06f9af-1bd7-4cb7-8355-25a21b40a591 marked for drain (keep_alive=True)
2026-08-03 15:52:02+05:30 2026-08-03 10:22:02.747 | INFO     | flash_head.src.pipeline.flash_head_pipeline:generate_batch:538 - [generate_batch] GPU_BREAKDOWN denoise=511.4ms decode=20.2ms color+encode=253.3ms total=785.2ms batch_size=1
2026-08-03 15:52:02+05:30 2026-08-03 10:22:02.747 | INFO     | flash_head.src.pipeline.flash_head_pipeline:generate_batch:545 - [generate_batch] DENOISE_STEPS total=511.4ms steps=[s0=136.5 s1=114.5 s2=116.4 s3=144.0] n_steps=4 batch_size=1
2026-08-03 15:52:03+05:30 2026-08-03 10:22:03.652 | INFO     | flash_head.src.pipeline.flash_head_pipeline:generate_batch:538 - [generate_batch] GPU_BREAKDOWN denoise=448.4ms decode=26.0ms color+encode=249.5ms total=724.3ms batch_size=1
2026-08-03 15:52:03+05:30 2026-08-03 10:22:03.653 | INFO     | flash_head.src.pipeline.flash_head_pipeline:generate_batch:545 - [generate_batch] DENOISE_STEPS total=448.4ms steps=[s0=106.6 s1=109.9 s2=121.7 s3=110.1] n_steps=4 batch_size=1
2026-08-03 15:52:04+05:30 [METRICS] GPU_util=1% GPU_temp=44C GPU_mem=4.1GB/22.0GB (reserved=5.6GB) RSS=11767MB CPU_user=87.3s CPU_sys=15.0s sessions=1 pool=3/3
2026-08-03 15:52:04+05:30 2026-08-03 10:22:04.672 | INFO     | flash_head.src.pipeline.flash_head_pipeline:generate_batch:538 - [generate_batch] GPU_BREAKDOWN denoise=470.6ms decode=15.4ms color+encode=267.3ms total=753.7ms batch_size=1
2026-08-03 15:52:04+05:30 2026-08-03 10:22:04.672 | INFO     | flash_head.src.pipeline.flash_head_pipeline:generate_batch:545 - [generate_batch] DENOISE_STEPS total=470.6ms steps=[s0=125.0 s1=110.7 s2=123.2 s3=111.8] n_steps=4 batch_size=1
2026-08-03 15:52:05+05:30 2026-08-03 10:22:05,346 [INFO] VideoPublisher: VIDEO_PUBLISH_METRICS windowMs=5001 frames=125 effectiveFps=25.0 liveFrames=124 repeatedLiveFrames=1 idleFrames=0 desyncPct=0.8 maxGapMs=58.3 maxCaptureMs=7.0
2026-08-03 15:52:05+05:30 2026-08-03 10:22:05.626 | INFO     | flash_head.src.pipeline.flash_head_pipeline:generate_batch:538 - [generate_batch] GPU_BREAKDOWN denoise=510.1ms decode=21.2ms color+encode=251.2ms total=782.8ms batch_size=1
2026-08-03 15:52:05+05:30 2026-08-03 10:22:05.628 | INFO     | flash_head.src.pipeline.flash_head_pipeline:generate_batch:545 - [generate_batch] DENOISE_STEPS total=510.1ms steps=[s0=105.8 s1=128.8 s2=155.8 s3=119.7] n_steps=4 batch_size=1
2026-08-03 15:52:06+05:30 2026-08-03 10:22:06.558 | INFO     | flash_head.src.pipeline.flash_head_pipeline:generate_batch:538 - [generate_batch] GPU_BREAKDOWN denoise=481.4ms decode=25.8ms color+encode=245.2ms total=752.7ms batch_size=1
2026-08-03 15:52:06+05:30 2026-08-03 10:22:06.559 | INFO     | flash_head.src.pipeline.flash_head_pipeline:generate_batch:545 - [generate_batch] DENOISE_STEPS total=481.4ms steps=[s0=113.1 s1=112.6 s2=117.7 s3=137.9] n_steps=4 batch_size=1
2026-08-03 15:52:07+05:30 2026-08-03 10:22:07.526 | INFO     | flash_head.src.pipeline.flash_head_pipeline:generate_batch:538 - [generate_batch] GPU_BREAKDOWN denoise=483.1ms decode=27.0ms color+encode=246.2ms total=757.3ms batch_size=1
2026-08-03 15:52:07+05:30 2026-08-03 10:22:07.526 | INFO     | flash_head.src.pipeline.flash_head_pipeline:generate_batch:545 - [generate_batch] DENOISE_STEPS total=483.1ms steps=[s0=125.1 s1=113.1 s2=116.7 s3=128.1] n_steps=4 batch_size=1
2026-08-03 15:52:08+05:30 2026-08-03 10:22:08.478 | INFO     | flash_head.src.pipeline.flash_head_pipeline:generate_batch:538 - [generate_batch] GPU_BREAKDOWN denoise=469.1ms decode=15.6ms color+encode=267.5ms total=752.6ms batch_size=1
2026-08-03 15:52:08+05:30 2026-08-03 10:22:08.478 | INFO     | flash_head.src.pipeline.flash_head_pipeline:generate_batch:545 - [generate_batch] DENOISE_STEPS total=469.1ms steps=[s0=106.9 s1=117.4 s2=133.4 s3=111.4] n_steps=4 batch_size=1
2026-08-03 15:52:09+05:30 [METRICS] GPU_util=36% GPU_temp=46C GPU_mem=4.1GB/22.0GB (reserved=5.6GB) RSS=11767MB CPU_user=94.6s CPU_sys=15.3s sessions=1 pool=3/3
2026-08-03 15:52:09+05:30 2026-08-03 10:22:09.543 | INFO     | flash_head.src.pipeline.flash_head_pipeline:generate_batch:538 - [generate_batch] GPU_BREAKDOWN denoise=580.1ms decode=16.4ms color+encode=263.2ms total=860.5ms batch_size=1
2026-08-03 15:52:09+05:30 2026-08-03 10:22:09.543 | INFO     | flash_head.src.pipeline.flash_head_pipeline:generate_batch:545 - [generate_batch] DENOISE_STEPS total=580.1ms steps=[s0=126.1 s1=210.0 s2=128.9 s3=115.1] n_steps=4 batch_size=1
2026-08-03 15:52:10+05:30 2026-08-03 10:22:10,383 [INFO] VideoPublisher: VIDEO_PUBLISH_METRICS windowMs=5035 frames=126 effectiveFps=25.0 liveFrames=125 repeatedLiveFrames=1 idleFrames=0 desyncPct=0.8 maxGapMs=51.5 maxCaptureMs=4.7
2026-08-03 15:52:10+05:30 2026-08-03 10:22:10.389 | INFO     | flash_head.src.pipeline.flash_head_pipeline:generate_batch:538 - [generate_batch] GPU_BREAKDOWN denoise=469.7ms decode=15.1ms color+encode=258.9ms total=744.3ms batch_size=1
2026-08-03 15:52:10+05:30 2026-08-03 10:22:10.389 | INFO     | flash_head.src.pipeline.flash_head_pipeline:generate_batch:545 - [generate_batch] DENOISE_STEPS total=469.7ms steps=[s0=128.8 s1=114.9 s2=115.1 s3=110.9] n_steps=4 batch_size=1
2026-08-03 15:52:11+05:30 2026-08-03 10:22:11.305 | INFO     | flash_head.src.pipeline.flash_head_pipeline:generate_batch:538 - [generate_batch] GPU_BREAKDOWN denoise=434.2ms decode=15.3ms color+encode=257.3ms total=707.3ms batch_size=1
2026-08-03 15:52:11+05:30 2026-08-03 10:22:11.305 | INFO     | flash_head.src.pipeline.flash_head_pipeline:generate_batch:545 - [generate_batch] DENOISE_STEPS total=434.2ms steps=[s0=101.4 s1=111.6 s2=110.6 s3=110.6] n_steps=4 batch_size=1
2026-08-03 15:52:11+05:30 2026-08-03 10:22:11,388 [INFO] BatchedStreamingEngine: cycle=20 batch=1 sessions=['2a06f9af-1bd7-4cb7-8355-25a21b40a591'] embed=14.0ms infer=707.9ms xfer=81.9ms total=803.9ms
2026-08-03 15:52:12+05:30 2026-08-03 10:22:12.276 | INFO     | flash_head.src.pipeline.flash_head_pipeline:generate_batch:538 - [generate_batch] GPU_BREAKDOWN denoise=441.6ms decode=17.0ms color+encode=257.7ms total=716.6ms batch_size=1
2026-08-03 15:52:12+05:30 2026-08-03 10:22:12.276 | INFO     | flash_head.src.pipeline.flash_head_pipeline:generate_batch:545 - [generate_batch] DENOISE_STEPS total=441.6ms steps=[s0=106.6 s1=112.6 s2=111.7 s3=110.7] n_steps=4 batch_size=1
2026-08-03 15:52:13+05:30 2026-08-03 10:22:13.228 | INFO     | flash_head.src.pipeline.flash_head_pipeline:generate_batch:538 - [generate_batch] GPU_BREAKDOWN denoise=433.9ms decode=16.0ms color+encode=258.6ms total=708.9ms batch_size=1
2026-08-03 15:52:13+05:30 2026-08-03 10:22:13.228 | INFO     | flash_head.src.pipeline.flash_head_pipeline:generate_batch:545 - [generate_batch] DENOISE_STEPS total=433.9ms steps=[s0=102.5 s1=109.7 s2=111.6 s3=110.2] n_steps=4 batch_size=1
2026-08-03 15:52:14+05:30 [METRICS] GPU_util=100% GPU_temp=50C GPU_mem=4.2GB/22.0GB (reserved=5.6GB) RSS=11767MB CPU_user=101.4s CPU_sys=15.5s sessions=1 pool=3/3
2026-08-03 15:52:14+05:30 2026-08-03 10:22:14.189 | INFO     | flash_head.src.pipeline.flash_head_pipeline:generate_batch:538 - [generate_batch] GPU_BREAKDOWN denoise=435.4ms decode=16.4ms color+encode=257.9ms total=709.9ms batch_size=1
2026-08-03 15:52:14+05:30 2026-08-03 10:22:14.189 | INFO     | flash_head.src.pipeline.flash_head_pipeline:generate_batch:545 - [generate_batch] DENOISE_STEPS total=435.4ms steps=[s0=101.9 s1=113.2 s2=110.3 s3=109.9] n_steps=4 batch_size=1
2026-08-03 15:52:15+05:30 2026-08-03 10:22:15.149 | INFO     | flash_head.src.pipeline.flash_head_pipeline:generate_batch:538 - [generate_batch] GPU_BREAKDOWN denoise=436.0ms decode=14.6ms color+encode=258.7ms total=709.7ms batch_size=1
2026-08-03 15:52:15+05:30 2026-08-03 10:22:15.149 | INFO     | flash_head.src.pipeline.flash_head_pipeline:generate_batch:545 - [generate_batch] DENOISE_STEPS total=436.0ms steps=[s0=101.6 s1=111.2 s2=112.4 s3=110.7] n_steps=4 batch_size=1
2026-08-03 15:52:15+05:30 2026-08-03 10:22:15,424 [INFO] VideoPublisher: VIDEO_PUBLISH_METRICS windowMs=5041 frames=126 effectiveFps=25.0 liveFrames=126 repeatedLiveFrames=0 idleFrames=0 desyncPct=0.0 maxGapMs=43.0 maxCaptureMs=1.6
2026-08-03 15:52:16+05:30 2026-08-03 10:22:16.107 | INFO     | flash_head.src.pipeline.flash_head_pipeline:generate_batch:538 - [generate_batch] GPU_BREAKDOWN denoise=434.4ms decode=15.3ms color+encode=259.3ms total=709.4ms batch_size=1
2026-08-03 15:52:16+05:30 2026-08-03 10:22:16.108 | INFO     | flash_head.src.pipeline.flash_head_pipeline:generate_batch:545 - [generate_batch] DENOISE_STEPS total=434.4ms steps=[s0=102.1 s1=111.4 s2=111.6 s3=109.4] n_steps=4 batch_size=1
2026-08-03 15:52:17+05:30 2026-08-03 10:22:17.074 | INFO     | flash_head.src.pipeline.flash_head_pipeline:generate_batch:538 - [generate_batch] GPU_BREAKDOWN denoise=439.0ms decode=15.5ms color+encode=261.3ms total=716.2ms batch_size=1
2026-08-03 15:52:17+05:30 2026-08-03 10:22:17.075 | INFO     | flash_head.src.pipeline.flash_head_pipeline:generate_batch:545 - [generate_batch] DENOISE_STEPS total=439.0ms steps=[s0=108.1 s1=110.9 s2=109.1 s3=110.9] n_steps=4 batch_size=1
2026-08-03 15:52:18+05:30 2026-08-03 10:22:18.026 | INFO     | flash_head.src.pipeline.flash_head_pipeline:generate_batch:538 - [generate_batch] GPU_BREAKDOWN denoise=432.9ms decode=15.2ms color+encode=260.1ms total=708.5ms batch_size=1
2026-08-03 15:52:18+05:30 2026-08-03 10:22:18.027 | INFO     | flash_head.src.pipeline.flash_head_pipeline:generate_batch:545 - [generate_batch] DENOISE_STEPS total=432.9ms steps=[s0=100.5 s1=112.2 s2=110.5 s3=109.6] n_steps=4 batch_size=1
2026-08-03 15:52:18+05:30 2026-08-03 10:22:18,109 [INFO] BatchedStreamingEngine: Session 2a06f9af-1bd7-4cb7-8355-25a21b40a591 reactivated (keep_alive)
2026-08-03 15:52:19+05:30 [METRICS] GPU_util=0% GPU_temp=46C GPU_mem=4.0GB/22.0GB (reserved=5.6GB) RSS=11767MB CPU_user=107.8s CPU_sys=15.8s sessions=1 pool=3/3
2026-08-03 15:52:19+05:30 2026-08-03 10:22:19,764 [INFO] streaming.idle_video: [idle] best-match frame 329/375 in 24.8ms
2026-08-03 15:52:19+05:30 2026-08-03 10:22:19,852 [INFO] streaming.idle_video: [idle] to-idle flow crossfade 8 frames in 88.0ms
2026-08-03 15:52:19+05:30 2026-08-03 10:22:19,852 [INFO] streaming.state_manager: [SM] LIVE -> TRANSITION_TO_IDLE (crossfade 8 frames)
2026-08-03 15:52:19+05:30 2026-08-03 10:22:19,855 [WARNING] VideoPublisher: VIDEO_PUBLISH_GAP gapMs=154.1 targetFps=25 frameSource=transition_to_idle
2026-08-03 15:52:20+05:30 2026-08-03 10:22:20,059 [INFO] streaming.state_manager: [SM] TRANSITION_TO_IDLE -> IDLE
2026-08-03 15:52:20+05:30 2026-08-03 10:22:20,223 [INFO] batched_stream_processor: BATCHED_DRAIN_COMPLETED session=2a06f9af-1bd7-4cb7-8355-25a21b40a591 cycles=154 elapsed=17702.1ms keep_alive=True
2026-08-03 15:52:20+05:30 2026-08-03 10:22:20,461 [INFO] VideoPublisher: VIDEO_PUBLISH_METRICS windowMs=5036 frames=126 effectiveFps=25.0 liveFrames=95 repeatedLiveFrames=12 idleFrames=19 desyncPct=24.6 maxGapMs=154.1 maxCaptureMs=1.4
2026-08-03 15:52:24+05:30 [METRICS] GPU_util=0% GPU_temp=45C GPU_mem=4.0GB/22.0GB (reserved=5.6GB) RSS=11767MB CPU_user=113.3s CPU_sys=16.3s sessions=1 pool=3/3
2026-08-03 15:52:25+05:30 2026-08-03 10:22:25,462 [INFO] VideoPublisher: VIDEO_PUBLISH_METRICS windowMs=5001 frames=125 effectiveFps=25.0 liveFrames=0 repeatedLiveFrames=0 idleFrames=125 desyncPct=100.0 maxGapMs=42.9 maxCaptureMs=1.0
2026-08-03 15:52:28+05:30 2026-08-03 10:22:28,109 [INFO] BatchedStreamingEngine: Session 2a06f9af-1bd7-4cb7-8355-25a21b40a591 idle timeout (10s), removing
2026-08-03 15:52:28+05:30 2026-08-03 10:22:28,110 [INFO] BatchedStreamingEngine: Session 2a06f9af-1bd7-4cb7-8355-25a21b40a591 removed (total=0)
2026-08-03 15:52:28+05:30 2026-08-03 10:22:28,657 [INFO] livekit: livekit::room:1687:livekit::room - disconnected from room with reason: ClientInitiated
2026-08-03 15:52:28+05:30 2026-08-03 10:22:28,667 [INFO] livekit: livekit::room:1687:livekit::room - disconnected from room with reason: ClientInitiated
2026-08-03 15:52:29+05:30 [METRICS] GPU_util=0% GPU_temp=45C GPU_mem=4.0GB/22.0GB (reserved=5.6GB) RSS=11767MB CPU_user=118.7s CPU_sys=16.6s sessions=1 pool=3/3
2026-08-03 15:52:30+05:30 2026-08-03 10:22:30,220 [INFO] streaming.state_manager: [SM] Adaptive caps: p95_ms=916 buffer=23 peak=47 MAX=61 TARGET=48
2026-08-03 15:52:30+05:30 2026-08-03 10:22:30,501 [INFO] VideoPublisher: VIDEO_PUBLISH_METRICS windowMs=5038 frames=126 effectiveFps=25.0 liveFrames=0 repeatedLiveFrames=0 idleFrames=126 desyncPct=100.0 maxGapMs=42.9 maxCaptureMs=2.5
2026-08-03 15:52:34+05:30 [METRICS] GPU_util=0% GPU_temp=45C GPU_mem=4.0GB/22.0GB (reserved=5.6GB) RSS=11767MB CPU_user=123.3s CPU_sys=16.8s sessions=1 pool=3/3
2026-08-03 15:52:35+05:30 2026-08-03 10:22:35,502 [INFO] VideoPublisher: VIDEO_PUBLISH_METRICS windowMs=5000 frames=125 effectiveFps=25.0 liveFrames=0 repeatedLiveFrames=0 idleFrames=125 desyncPct=100.0 maxGapMs=42.1 maxCaptureMs=1.1
2026-08-03 15:52:39+05:30 [METRICS] GPU_util=0% GPU_temp=44C GPU_mem=4.0GB/22.0GB (reserved=5.6GB) RSS=11767MB CPU_user=127.9s CPU_sys=17.1s sessions=1 pool=3/3
2026-08-03 15:52:40+05:30 2026-08-03 10:22:40,503 [INFO] VideoPublisher: VIDEO_PUBLISH_METRICS windowMs=5000 frames=125 effectiveFps=25.0 liveFrames=0 repeatedLiveFrames=0 idleFrames=125 desyncPct=100.0 maxGapMs=42.1 maxCaptureMs=0.7
2026-08-03 15:52:44+05:30 [METRICS] GPU_util=0% GPU_temp=44C GPU_mem=4.0GB/22.0GB (reserved=5.6GB) RSS=11767MB CPU_user=132.8s CPU_sys=17.3s sessions=1 pool=3/3
2026-08-03 15:52:45+05:30 2026-08-03 10:22:45,541 [INFO] VideoPublisher: VIDEO_PUBLISH_METRICS windowMs=5038 frames=126 effectiveFps=25.0 liveFrames=0 repeatedLiveFrames=0 idleFrames=126 desyncPct=100.0 maxGapMs=43.2 maxCaptureMs=1.3
2026-08-03 15:52:49+05:30 [METRICS] GPU_util=0% GPU_temp=44C GPU_mem=4.0GB/22.0GB (reserved=5.6GB) RSS=11767MB CPU_user=137.5s CPU_sys=17.7s sessions=1 pool=3/3
2026-08-03 15:52:50+05:30 2026-08-03 10:22:50,581 [INFO] VideoPublisher: VIDEO_PUBLISH_METRICS windowMs=5040 frames=126 effectiveFps=25.0 liveFrames=0 repeatedLiveFrames=0 idleFrames=126 desyncPct=100.0 maxGapMs=42.7 maxCaptureMs=4.5
2026-08-03 15:52:54+05:30 2026-08-03 10:22:54,191 [INFO] handler: UTTERANCE_END_RECEIVED session=2a06f9af-1bd7-4cb7-8355-25a21b40a591
2026-08-03 15:52:54+05:30 2026-08-03 10:22:54,191 [INFO] batched_stream_processor: BATCHED_DRAIN_STARTED session=2a06f9af-1bd7-4cb7-8355-25a21b40a591 keep_alive=True
2026-08-03 15:52:54+05:30 2026-08-03 10:22:54,191 [INFO] batched_stream_processor: BATCHED_DRAIN_COMPLETED session=2a06f9af-1bd7-4cb7-8355-25a21b40a591 cycles=0 elapsed=0.1ms keep_alive=True
2026-08-03 15:52:54+05:30 [METRICS] GPU_util=0% GPU_temp=43C GPU_mem=4.0GB/22.0GB (reserved=5.6GB) RSS=11767MB CPU_user=142.3s CPU_sys=18.1s sessions=1 pool=3/3
2026-08-03 15:52:55+05:30 2026-08-03 10:22:55,583 [INFO] VideoPublisher: VIDEO_PUBLISH_METRICS windowMs=5001 frames=125 effectiveFps=25.0 liveFrames=0 repeatedLiveFrames=0 idleFrames=125 desyncPct=100.0 maxGapMs=42.5 maxCaptureMs=0.9
2026-08-03 15:52:59+05:30 [METRICS] GPU_util=0% GPU_temp=43C GPU_mem=4.0GB/22.0GB (reserved=5.6GB) RSS=11767MB CPU_user=147.1s CPU_sys=18.4s sessions=1 pool=3/3
2026-08-03 15:53:00+05:30 2026-08-03 10:23:00,259 [INFO] streaming.state_manager: [SM] Adaptive caps: p95_ms=916 buffer=23 peak=47 MAX=61 TARGET=48
2026-08-03 15:53:00+05:30 2026-08-03 10:23:00,621 [INFO] VideoPublisher: VIDEO_PUBLISH_METRICS windowMs=5038 frames=126 effectiveFps=25.0 liveFrames=0 repeatedLiveFrames=0 idleFrames=126 desyncPct=100.0 maxGapMs=43.2 maxCaptureMs=2.5
2026-08-03 15:53:04+05:30 [METRICS] GPU_util=0% GPU_temp=43C GPU_mem=4.0GB/22.0GB (reserved=5.6GB) RSS=11767MB CPU_user=152.1s CPU_sys=18.7s sessions=1 pool=3/3
2026-08-03 15:53:05+05:30 2026-08-03 10:23:05,662 [INFO] VideoPublisher: VIDEO_PUBLISH_METRICS windowMs=5040 frames=126 effectiveFps=25.0 liveFrames=0 repeatedLiveFrames=0 idleFrames=126 desyncPct=100.0 maxGapMs=42.7 maxCaptureMs=1.0
2026-08-03 15:53:09+05:30 [METRICS] GPU_util=0% GPU_temp=43C GPU_mem=4.0GB/22.0GB (reserved=5.6GB) RSS=11767MB CPU_user=156.8s CPU_sys=18.9s sessions=1 pool=3/3
2026-08-03 15:53:10+05:30 2026-08-03 10:23:10,702 [INFO] VideoPublisher: VIDEO_PUBLISH_METRICS windowMs=5039 frames=126 effectiveFps=25.0 liveFrames=0 repeatedLiveFrames=0 idleFrames=126 desyncPct=100.0 maxGapMs=42.8 maxCaptureMs=0.6
2026-08-03 15:53:14+05:30 [METRICS] GPU_util=0% GPU_temp=43C GPU_mem=4.0GB/22.0GB (reserved=5.6GB) RSS=11767MB CPU_user=161.9s CPU_sys=19.2s sessions=1 pool=3/3
2026-08-03 15:53:15+05:30 2026-08-03 10:23:15,744 [INFO] VideoPublisher: VIDEO_PUBLISH_METRICS windowMs=5042 frames=126 effectiveFps=25.0 liveFrames=0 repeatedLiveFrames=0 idleFrames=126 desyncPct=100.0 maxGapMs=43.6 maxCaptureMs=1.1
2026-08-03 15:53:19+05:30 [METRICS] GPU_util=0% GPU_temp=43C GPU_mem=4.0GB/22.0GB (reserved=5.6GB) RSS=11767MB CPU_user=166.8s CPU_sys=19.5s sessions=1 pool=3/3
2026-08-03 15:53:19+05:30 2026-08-03 10:23:19,730 [INFO] handler: UTTERANCE_END_RECEIVED session=2a06f9af-1bd7-4cb7-8355-25a21b40a591
2026-08-03 15:53:19+05:30 2026-08-03 10:23:19,730 [INFO] batched_stream_processor: BATCHED_DRAIN_STARTED session=2a06f9af-1bd7-4cb7-8355-25a21b40a591 keep_alive=True
2026-08-03 15:53:19+05:30 2026-08-03 10:23:19,730 [INFO] batched_stream_processor: BATCHED_DRAIN_COMPLETED session=2a06f9af-1bd7-4cb7-8355-25a21b40a591 cycles=0 elapsed=0.1ms keep_alive=True
2026-08-03 15:53:20+05:30 2026-08-03 10:23:20,781 [INFO] VideoPublisher: VIDEO_PUBLISH_METRICS windowMs=5036 frames=126 effectiveFps=25.0 liveFrames=0 repeatedLiveFrames=0 idleFrames=126 desyncPct=100.0 maxGapMs=43.1 maxCaptureMs=1.2
2026-08-03 15:53:24+05:30 [METRICS] GPU_util=0% GPU_temp=42C GPU_mem=4.0GB/22.0GB (reserved=5.6GB) RSS=11767MB CPU_user=171.5s CPU_sys=19.8s sessions=1 pool=3/3
2026-08-03 15:53:25+05:30 2026-08-03 10:23:25,821 [INFO] VideoPublisher: VIDEO_PUBLISH_METRICS windowMs=5040 frames=126 effectiveFps=25.0 liveFrames=0 repeatedLiveFrames=0 idleFrames=126 desyncPct=100.0 maxGapMs=42.9 maxCaptureMs=0.7
2026-08-03 15:53:29+05:30 [METRICS] GPU_util=0% GPU_temp=41C GPU_mem=4.0GB/22.0GB (reserved=5.6GB) RSS=11767MB CPU_user=176.3s CPU_sys=20.1s sessions=1 pool=3/3
2026-08-03 15:53:30+05:30 2026-08-03 10:23:30,261 [INFO] streaming.state_manager: [SM] Adaptive caps: p95_ms=916 buffer=23 peak=47 MAX=61 TARGET=48
2026-08-03 15:53:30+05:30 2026-08-03 10:23:30,864 [INFO] VideoPublisher: VIDEO_PUBLISH_METRICS windowMs=5042 frames=126 effectiveFps=25.0 liveFrames=0 repeatedLiveFrames=0 idleFrames=126 desyncPct=100.0 maxGapMs=42.6 maxCaptureMs=1.4
2026-08-03 15:53:34+05:30 [METRICS] GPU_util=0% GPU_temp=41C GPU_mem=4.0GB/22.0GB (reserved=5.6GB) RSS=11767MB CPU_user=180.9s CPU_sys=20.4s sessions=1 pool=3/3
2026-08-03 15:53:35+05:30 2026-08-03 10:23:35,902 [INFO] VideoPublisher: VIDEO_PUBLISH_METRICS windowMs=5037 frames=126 effectiveFps=25.0 liveFrames=0 repeatedLiveFrames=0 idleFrames=126 desyncPct=100.0 maxGapMs=43.7 maxCaptureMs=0.8
2026-08-03 15:53:39+05:30 2026-08-03 10:23:39,104 [INFO] handler: SESSION_END_RECEIVED session=2a06f9af-1bd7-4cb7-8355-25a21b40a591
2026-08-03 15:53:39+05:30 2026-08-03 10:23:39,105 [INFO] batched_stream_processor: BATCHED_DRAIN_STARTED session=2a06f9af-1bd7-4cb7-8355-25a21b40a591 keep_alive=False
2026-08-03 15:53:39+05:30 2026-08-03 10:23:39,105 [INFO] batched_stream_processor: BATCHED_DRAIN_COMPLETED session=2a06f9af-1bd7-4cb7-8355-25a21b40a591 cycles=0 elapsed=0.4ms keep_alive=False
2026-08-03 15:53:39+05:30 2026-08-03 10:23:39,106 [INFO] streaming.websocket_server: Unregistered WebSocket session: 2a06f9af-1bd7-4cb7-8355-25a21b40a591
2026-08-03 15:53:39+05:30 CONNECT /ws/2a06f9af-1bd7-4cb7-8355-25a21b40a591 -> 101 Switching Protocols  (duration: 130.2 s, execution: 130.0 s)
2026-08-03 15:53:39+05:30 2026-08-03 10:23:39,315 [INFO] batched_stream_processor: [BATCHED-DIAG] {'event': 'connection_state_changed', 't': 130.238, 'state': '0'}
2026-08-03 15:53:39+05:30 2026-08-03 10:23:39,316 [INFO] batched_stream_processor: [BATCHED-DIAG] {'event': 'disconnected', 't': 130.239, 'state': '0', 'reason': '1'}
2026-08-03 15:53:39+05:30 2026-08-03 10:23:39,319 [INFO] livekit: livekit::room:1687:livekit::room - disconnected from room with reason: ClientInitiated
2026-08-03 15:53:39+05:30 2026-08-03 10:23:39,321 [INFO] handler: [handler] run_batched_streaming_session() completed in 130244.3ms for 2a06f9af-1bd7-4cb7-8355-25a21b40a591
2026-08-03 15:53:39+05:30 2026-08-03 10:23:39,321 [INFO] handler: WS_SESSION_ENDED session=2a06f9af-1bd7-4cb7-8355-25a21b40a591 ip=172.20.3.244
2026-08-03 15:53:39+05:30 2026-08-03 10:23:39,322 [INFO] aiohttp.access: 172.20.3.244 [03/Aug/2026:10:21:29 +0000] "GET /ws/2a06f9af-1bd7-4cb7-8355-25a21b40a591 HTTP/1.1" 101 0 "-" "Python/3.12 aiohttp/3.14.3"
2026-08-03 15:53:39+05:30 [METRICS] GPU_util=0% GPU_temp=40C GPU_mem=4.0GB/22.0GB (reserved=5.6GB) RSS=11767MB CPU_user=185.6s CPU_sys=20.8s sessions=0 pool=3/3
2026-08-03 15:53:41+05:30 2026-08-03 10:23:41,514 [INFO] aiohttp.access: 172.20.3.244 [03/Aug/2026:10:23:41 +0000] "POST /sessions/2a06f9af-1bd7-4cb7-8355-25a21b40a591/end HTTP/1.1" 404 261 "-" "node"
2026-08-03 15:53:41+05:30    POST /sessions/2a06f9af-1bd7-4cb7-8355-25a21b40a591/end -> 404 Not Found  (duration: 233.2 ms, execution: 136.4 ms)
2026-08-03 15:53:44+05:30 [METRICS] GPU_util=0% GPU_temp=40C GPU_mem=4.0GB/22.0GB (reserved=5.6GB) RSS=11767MB CPU_user=189.7s CPU_sys=20.8s sessions=0 pool=3/3
2026-08-03 15:53:49+05:30 [METRICS] GPU_util=0% GPU_temp=40C GPU_mem=4.0GB/22.0GB (reserved=5.6GB) RSS=11767MB CPU_user=193.8s CPU_sys=20.8s sessions=0 pool=3/3
2026-08-03 15:53:54+05:30 [METRICS] GPU_util=0% GPU_temp=40C GPU_mem=4.0GB/22.0GB (reserved=5.6GB) RSS=11767MB CPU_user=198.0s CPU_sys=20.9s sessions=0 pool=3/3
2026-08-03 15:53:59+05:30 [METRICS] GPU_util=0% GPU_temp=39C GPU_mem=4.0GB/22.0GB (reserved=5.6GB) RSS=11767MB CPU_user=202.1s CPU_sys=21.0s sessions=0 pool=3/3
2026-08-03 15:54:04+05:30 [METRICS] GPU_util=0% GPU_temp=39C GPU_mem=4.0GB/22.0GB (reserved=5.6GB) RSS=11767MB CPU_user=206.0s CPU_sys=21.1s sessions=0 pool=3/3
2026-08-03 15:54:09+05:30 [METRICS] GPU_util=0% GPU_temp=39C GPU_mem=4.0GB/22.0GB (reserved=5.6GB) RSS=11767MB CPU_user=210.2s CPU_sys=21.2s sessions=0 pool=3/3
2026-08-03 15:54:15+05:30 [METRICS] GPU_util=0% GPU_temp=39C GPU_mem=4.0GB/22.0GB (reserved=5.6GB) RSS=11767MB CPU_user=214.1s CPU_sys=21.2s sessions=0 pool=3/3
