2026-08-03 17:59:47+05:30 Creating GPU memory snapshot for Function.
2026-08-03 17:59:54+05:30 
2026-08-03 17:59:54+05:30 =============
2026-08-03 17:59:54+05:30 == PyTorch ==
2026-08-03 17:59:54+05:30 =============
2026-08-03 17:59:54+05:30 
2026-08-03 17:59:54+05:30 NVIDIA Release 26.05 (build 313520559)
2026-08-03 17:59:54+05:30 PyTorch Version 2.12.0a0+5aff392
2026-08-03 17:59:54+05:30 Container image Copyright (c) 2026, NVIDIA CORPORATION & AFFILIATES. All rights reserved.
2026-08-03 17:59:54+05:30 Copyright (c) 2014-2024 Facebook Inc.
2026-08-03 17:59:54+05:30 Copyright (c) 2011-2014 Idiap Research Institute (Ronan Collobert)
2026-08-03 17:59:54+05:30 Copyright (c) 2012-2014 Deepmind Technologies    (Koray Kavukcuoglu)
2026-08-03 17:59:54+05:30 Copyright (c) 2011-2012 NEC Laboratories America (Koray Kavukcuoglu)
2026-08-03 17:59:54+05:30 Copyright (c) 2011-2013 NYU                      (Clement Farabet)
2026-08-03 17:59:54+05:30 Copyright (c) 2006-2010 NEC Laboratories America (Ronan Collobert, Leon Bottou, Iain Melvin, Jason Weston)
2026-08-03 17:59:54+05:30 Copyright (c) 2006      Idiap Research Institute (Samy Bengio)
2026-08-03 17:59:54+05:30 Copyright (c) 2001-2004 Idiap Research Institute (Ronan Collobert, Samy Bengio, Johnny Mariethoz)
2026-08-03 17:59:54+05:30 Copyright (c) 2015      Google Inc.
2026-08-03 17:59:54+05:30 Copyright (c) 2015      Yangqing Jia
2026-08-03 17:59:54+05:30 Copyright (c) 2013-2016 The Caffe contributors
2026-08-03 17:59:54+05:30 All rights reserved.
2026-08-03 17:59:54+05:30 
2026-08-03 17:59:54+05:30 Various files include modifications (c) NVIDIA CORPORATION & AFFILIATES.  All rights reserved.
2026-08-03 17:59:54+05:30 
2026-08-03 17:59:54+05:30 GOVERNING TERMS: The software and materials are governed by the NVIDIA Software License Agreement
2026-08-03 17:59:54+05:30 (found at https://www.nvidia.com/en-us/agreements/enterprise-software/nvidia-software-license-agreement/)
2026-08-03 17:59:54+05:30 and the Product-Specific Terms for NVIDIA AI Products
2026-08-03 17:59:54+05:30 (found at https://www.nvidia.com/en-us/agreements/enterprise-software/product-specific-terms-for-ai-products/).
2026-08-03 17:59:54+05:30 
2026-08-03 17:59:54+05:30 WARNING: CUDA Minor Version Compatibility mode ENABLED.
2026-08-03 17:59:54+05:30   Using driver version 580.95.05 which has support for CUDA 13.0.  This container
2026-08-03 17:59:54+05:30   was built with CUDA 13.2 and will be run in Minor Version Compatibility mode.
2026-08-03 17:59:54+05:30   CUDA Forward Compatibility is preferred over Minor Version Compatibility for use
2026-08-03 17:59:54+05:30   with this container but was unavailable:
2026-08-03 17:59:54+05:30   [[]]
2026-08-03 17:59:54+05:30   See https://docs.nvidia.com/deploy/cuda-compatibility/ for details.
2026-08-03 17:59:55+05:30 
2026-08-03 17:59:56+05:30 [SNAP_CREATE] Starting GPU snapshot load
2026-08-03 17:59:59+05:30 [SNAP_CREATE_START] pid=2 cuda_available=True allocated=0 reserved=0 memory_snapshot_segments=0
2026-08-03 18:00:10+05:30 W0803 12:30:10.572000 2 torch/utils/_pytree.py:630] <enum 'KernelPreference'> is an Enum subclass and is now natively supported by torch.compile as an opaque value type. Calling register_constant() on Enum subclasses is deprecated and will be an error in a future release.
2026-08-03 18:00:10+05:30 W0803 12:30:10.660000 2 torch/utils/_pytree.py:630] <enum 'ScaleCalculationMode'> is an Enum subclass and is now natively supported by torch.compile as an opaque value type. Calling register_constant() on Enum subclasses is deprecated and will be an error in a future release.
2026-08-03 18:00:10+05:30 Unable to import `torchao` Tensor objects. This may affect loading checkpoints serialized with `torchao`
2026-08-03 18:00:20+05:30 Matplotlib is building the font cache; this may take a moment.
2026-08-03 18:00:26+05:30 [SNAP_CREATE] Loading FlashHead pipeline on GPU...
2026-08-03 18:00:26+05:30 2026-08-03 12:30:26.165 | INFO     | flash_head.inference:get_pipeline:21 - ulysses_degree: 1, ring_degree: 1, device: cuda
2026-08-03 18:00:29+05:30 There are modules in CausalVideoAutoencoder that should be kept in float32: []. Casting directly with `to()` can lead to inconsistent results; set `torch_dtype` in `from_pretrained()` instead to keep these modules in float32.
2026-08-03 18:00:31+05:30 There are modules in WanModelAudioProject that should be kept in float32: []. Casting directly with `to()` can lead to inconsistent results; set `torch_dtype` in `from_pretrained()` instead to keep these modules in float32.
2026-08-03 18:00:34+05:30 Some weights of Wav2Vec2Model were not initialized from the model checkpoint at /app/models/wav2vec2-base-960h and are newly initialized: ['masked_spec_embed']
2026-08-03 18:00:34+05:30 You should probably TRAIN this model on a down-stream task to be able to use it for predictions and inference.
2026-08-03 18:00:34+05:30 2026-08-03 12:30:34.256 | INFO     | flash_head.src.pipeline.flash_head_pipeline:get_cached_lite_components:102 - Cached Lite model components for reuse
2026-08-03 18:00:34+05:30 [SNAP_CREATE] Pipeline loaded in 8091.3ms
2026-08-03 18:00:34+05:30 [SNAP_CREATE_POST_PIPELINE_LOAD] pid=2 cuda_available=True allocated=4294345216 reserved=4578082816 memory_snapshot_segments=0
2026-08-03 18:00:34+05:30 [SNAP_CREATE] Running warmup inference on GPU...
2026-08-03 18:00:38+05:30 2026-08-03 12:30:38.829 | INFO     | flash_head.src.pipeline.flash_head_pipeline:generate:392 - [generate] DENOISE_STEPS total=2909.3ms steps=[s0=2583.3 s1=108.8 s2=108.7 s3=108.5] n_steps=4
2026-08-03 18:00:38+05:30 [SNAP_CREATE] Warmup completed in 4577.6ms
2026-08-03 18:00:38+05:30 [SNAP_CREATE_POST_WARMUP] pid=2 cuda_available=True allocated=4306209792 reserved=5941231616 memory_snapshot_segments=0
2026-08-03 18:00:39+05:30 [SNAP_CREATE_AFTER_CLEANUP] pid=2 cuda_available=True allocated=4303916032 reserved=4580179968 memory_snapshot_segments=0
2026-08-03 18:00:39+05:30 [SNAP_PRE_RESET] SIGSEGV handler: <function crash_handler at 0x2b3bff32ef20>
2026-08-03 18:00:39+05:30 [SNAP_PRE_RESET] SIGABRT handler: <function crash_handler at 0x2b3bff32ef20>
2026-08-03 18:00:39+05:30 [SNAP_PRE_RESET] SIGBUS handler: <function crash_handler at 0x2b3bff32ef20>
2026-08-03 18:00:39+05:30 [SNAP_PRE_RESET] SIGFPE handler: <function crash_handler at 0x2b3bff32ef20>
2026-08-03 18:00:39+05:30 [SNAP] Resetting signal 11 from <function crash_handler at 0x2b3bff32ef20> to SIG_DFL
2026-08-03 18:00:39+05:30 [SNAP] Resetting signal 6 from <function crash_handler at 0x2b3bff32ef20> to SIG_DFL
2026-08-03 18:00:39+05:30 [SNAP] Resetting signal 7 from <function crash_handler at 0x2b3bff32ef20> to SIG_DFL
2026-08-03 18:00:39+05:30 [SNAP] Resetting signal 8 from <function crash_handler at 0x2b3bff32ef20> to SIG_DFL
2026-08-03 18:00:39+05:30 [SNAP_POST_RESET] SIGSEGV handler: 0
2026-08-03 18:00:39+05:30 [SNAP_POST_RESET] SIGABRT handler: 0
2026-08-03 18:00:39+05:30 [SNAP_POST_RESET] SIGBUS handler: 0
2026-08-03 18:00:39+05:30 [SNAP_POST_RESET] SIGFPE handler: 0
2026-08-03 18:00:39+05:30 [SNAP_CREATE] Ready for GPU snapshot (memory optimized)
2026-08-03 18:01:02+05:30 Snapshot created. Restoring Function from memory snapshot.
2026-08-03 18:01:03+05:30 Restoring Function from memory snapshot.
2026-08-03 18:01:14+05:30 [RESTORE] Starting GPU snapshot restore
2026-08-03 18:01:14+05:30 [RESTORE_START] pid=2 cuda_available=True allocated=4303916032 reserved=4580179968 memory_snapshot_segments=0
2026-08-03 18:01:14+05:30 [RESTORE] cuda.is_available=True dist.is_initialized=False
2026-08-03 18:01:14+05:30 [RESTORE] allocated=4303916032 reserved=4580179968 memory_snapshot_segments=0
2026-08-03 18:01:14+05:30 [RESTORE] snap_pipeline exists: device=cuda
2026-08-03 18:01:14+05:30 [RESTORE_POST] SIGSEGV handler: 0
2026-08-03 18:01:14+05:30 [RESTORE_POST] SIGABRT handler: 0
2026-08-03 18:01:14+05:30 [RESTORE_POST] SIGBUS handler: 0
2026-08-03 18:01:14+05:30 [RESTORE_POST] SIGFPE handler: 0
2026-08-03 18:01:14+05:30 [RESTORE_FINAL] pid=2 cuda_available=True allocated=4303916032 reserved=4580179968 memory_snapshot_segments=0
2026-08-03 18:01:14+05:30 [RESTORE] GPU snapshot restore complete
2026-08-03 18:01:15+05:30 2026-08-03 12:31:15.849 | INFO     | flash_head.inference:get_pipeline:21 - ulysses_degree: 1, ring_degree: 1, device: cuda
2026-08-03 18:01:15+05:30 2026-08-03 12:31:15.849 | INFO     | flash_head.src.pipeline.flash_head_pipeline:get_cached_lite_components:68 - Reusing cached Lite model components
2026-08-03 18:01:15+05:30 2026-08-03 12:31:15.850 | INFO     | flash_head.inference:get_pipeline:21 - ulysses_degree: 1, ring_degree: 1, device: cuda
2026-08-03 18:01:15+05:30 2026-08-03 12:31:15.850 | INFO     | flash_head.src.pipeline.flash_head_pipeline:get_cached_lite_components:68 - Reusing cached Lite model components
2026-08-03 18:01:15+05:30 2026-08-03 12:31:15.850 | INFO     | flash_head.inference:get_pipeline:21 - ulysses_degree: 1, ring_degree: 1, device: cuda
2026-08-03 18:01:15+05:30 2026-08-03 12:31:15.850 | INFO     | flash_head.src.pipeline.flash_head_pipeline:get_cached_lite_components:68 - Reusing cached Lite model components
2026-08-03 18:01:15+05:30 [SERVE] Starting serve() post-restore
2026-08-03 18:01:15+05:30 2026-08-03 12:31:15,852 [INFO] BatchedStreamingEngine: BatchedStreamingEngine background thread started
2026-08-03 18:01:15+05:30 [SERVE] BatchedStreamingEngine started (wait_window=20ms)
2026-08-03 18:01:15+05:30 2026-08-03 12:31:15,856 [INFO] default_avatar_cache: [default-avatar-cache] Manifest not found at /app/config/default_avatars.manifest.json. Falling back to per-session URL fetch.
2026-08-03 18:01:15+05:30 [modal] Default avatar manifest not found at /app/config/default_avatars.manifest.json - falling back to per-session URL fetch
2026-08-03 18:01:15+05:30 [modal] Default idle cache: cachedIdleVideoCount=0 failed=0
2026-08-03 18:01:15+05:30 [SERVE] Snapshot pipeline in model_pool: current_size=3 available=3
2026-08-03 18:01:15+05:30 2026-08-03 12:31:15,857 [INFO] modal_app: aiohttp background thread started ident=47542935934656
2026-08-03 18:01:15+05:30 2026-08-03 12:31:15,859 [INFO] streaming.websocket_server: Starting WebSocket ingestion server on ws://0.0.0.0:8765
2026-08-03 18:01:15+05:30 2026-08-03 12:31:15,868 [INFO] websockets.server: server listening on 0.0.0.0:8765
2026-08-03 18:01:15+05:30 [SERVE] Models already on GPU from snapshot - marking ready immediately
2026-08-03 18:01:15+05:30 [SERVE_START] pid=2 cuda_available=True allocated=4303916032 reserved=4580179968 memory_snapshot_segments=0
2026-08-03 18:01:16+05:30 [prewarm] Connecting to wss://ai-14ksodzi.livekit.cloud room=prewarm-ef39cb95 slot=1/3 attempt=1/required...
2026-08-03 18:01:17+05:30 Nvidia Decoder is supported.
2026-08-03 18:01:17+05:30 2026-08-03 12:31:17,781 [INFO] livekit: livekit_api::signal_client::signal_stream:104:livekit_api::signal_client::signal_stream - connecting to wss://ai-14ksodzi.livekit.cloud/rtc/v1
2026-08-03 18:01:18+05:30 [prewarm] Connected slot=1/3 in 1572.2 ms, adding to pool
2026-08-03 18:01:18+05:30 2026-08-03 12:31:18,414 [INFO] modal_app: aiohttp site started thread=47542935934656 event_loop=47544243111648
2026-08-03 18:01:18+05:30 [prewarm] Connecting to wss://ai-14ksodzi.livekit.cloud room=prewarm-f4154cba slot=2/3 attempt=1/3...
2026-08-03 18:01:18+05:30 [prewarm] Connecting to wss://ai-14ksodzi.livekit.cloud room=prewarm-96352093 slot=3/3 attempt=1/3...
2026-08-03 18:01:18+05:30 [METRICS] GPU_util=0% GPU_temp=47C GPU_mem=4.0GB/22.0GB (reserved=4.3GB) RSS=11957MB CPU_user=35.4s CPU_sys=12.2s sessions=0 pool=3/3
2026-08-03 18:01:18+05:30 2026-08-03 12:31:18,549 [INFO] aiohttp.access: 172.20.69.215 [03/Aug/2026:12:31:18 +0000] "GET /readyz HTTP/1.1" 200 398 "-" "Mozilla/5.0 (Windows NT; Windows NT 10.0; en-IN) WindowsPowerShell/5.1.26100.7705"
2026-08-03 18:01:18+05:30 2026-08-03 12:31:18,624 [INFO] livekit: livekit_api::signal_client::signal_stream:104:livekit_api::signal_client::signal_stream - connecting to wss://ai-14ksodzi.livekit.cloud/rtc/v1
2026-08-03 18:01:18+05:30 2026-08-03 12:31:18,628 [INFO] livekit: livekit_api::signal_client::signal_stream:104:livekit_api::signal_client::signal_stream - connecting to wss://ai-14ksodzi.livekit.cloud/rtc/v1
2026-08-03 18:01:18+05:30     GET /readyz -> 200 OK  (duration: 93.5 s, execution: 402.9 ms)
2026-08-03 18:01:18+05:30 [prewarm] Connected slot=2/3 in 570.9 ms, adding to pool
2026-08-03 18:01:23+05:30 [METRICS] GPU_util=0% GPU_temp=47C GPU_mem=4.0GB/22.0GB (reserved=4.3GB) RSS=11957MB CPU_user=40.5s CPU_sys=12.4s sessions=0 pool=3/3
2026-08-03 18:01:28+05:30 [METRICS] GPU_util=0% GPU_temp=47C GPU_mem=4.0GB/22.0GB (reserved=4.3GB) RSS=11957MB CPU_user=45.1s CPU_sys=12.6s sessions=0 pool=3/3
2026-08-03 18:01:29+05:30 2026-08-03 12:31:29,867 [INFO] handler: [claim_room] Claimed room prewarm-ef39cb95 for new session
2026-08-03 18:01:29+05:30 2026-08-03 12:31:29,868 [INFO] aiohttp.access: 172.20.69.215 [03/Aug/2026:12:31:29 +0000] "POST /room/claim HTTP/1.1" 200 965 "-" "node"
2026-08-03 18:01:30+05:30    POST /room/claim -> 200 OK  (duration: 284.9 ms, execution: 189.8 ms)
2026-08-03 18:01:31+05:30 2026-08-03 12:31:31,907 [INFO] handler: [pod_session_start] Received session=2916efbd-c1c3-4505-97a1-01681c10e70c room=prewarm-ef39cb95 ingestion=websocket hasIdleAsset=True
2026-08-03 18:01:31+05:30 2026-08-03 12:31:31,907 [INFO] streaming.websocket_server: Registered WebSocket session: 2916efbd-c1c3-4505-97a1-01681c10e70c
2026-08-03 18:01:31+05:30 2026-08-03 12:31:31,908 [INFO] aiohttp.access: 172.20.69.215 [03/Aug/2026:12:31:31 +0000] "POST /sessions/start HTTP/1.1" 202 308 "-" "node"
2026-08-03 18:01:31+05:30 2026-08-03 12:31:31,909 [INFO] handler: [handler] Reusing pre-warmed LiveKit room prewarm-ef39cb95 connection_state=1 identity=prewarm-prewarm-ef39cb95
2026-08-03 18:01:31+05:30 2026-08-03 12:31:31,910 [INFO] batched_stream_processor: [BATCHED-DIAG] threading context: thread_id=47542935934656 thread_name=modal-aiohttp-server event_loop_id=47544243111648
2026-08-03 18:01:31+05:30 2026-08-03 12:31:31,910 [INFO] batched_stream_processor: Connecting to LiveKit room=prewarm-ef39cb95 url=wss://ai-14ksodzi.livekit.cloud session=2916efbd-c1c3-4505-97a1-01681c10e70c
2026-08-03 18:01:31+05:30 2026-08-03 12:31:31,910 [INFO] batched_stream_processor: Reusing pre-connected LiveKit room=prewarm-ef39cb95 session=2916efbd-c1c3-4505-97a1-01681c10e70c connection_state=1
2026-08-03 18:01:31+05:30 2026-08-03 12:31:31,911 [INFO] streaming.idle_video: Downloading idle video asset
2026-08-03 18:01:32+05:30    POST /sessions/start -> 202 Accepted  (duration: 289.8 ms, execution: 195.8 ms)
2026-08-03 18:01:32+05:30 2026-08-03 12:31:32,181 [INFO] streaming.idle_video: Loading idle video frames from /tmp/tmp2eu6tj0i.mp4
2026-08-03 18:01:32+05:30 2026-08-03 12:31:32,278 [INFO] handler: WS_REQUEST_RECEIVED session=2916efbd-c1c3-4505-97a1-01681c10e70c origin= ip=172.20.69.215
2026-08-03 18:01:32+05:30 2026-08-03 12:31:32,279 [INFO] handler: WS_CONNECT session=2916efbd-c1c3-4505-97a1-01681c10e70c origin= ip=172.20.69.215 handlerMs=0.9
2026-08-03 18:01:32+05:30 2026-08-03 12:31:32,839 [INFO] streaming.idle_video: Loaded 375 frames for idle loop
2026-08-03 18:01:32+05:30 2026-08-03 12:31:32,840 [INFO] batched_stream_processor: Registering session 2916efbd-c1c3-4505-97a1-01681c10e70c with BatchedStreamingEngine
2026-08-03 18:01:32+05:30 2026-08-03 12:31:32,842 [INFO] BatchedStreamingEngine: Session 2916efbd-c1c3-4505-97a1-01681c10e70c added (total=1)
2026-08-03 18:01:33+05:30 2026-08-03 12:31:33,314 [INFO] batched_stream_processor: Session 2916efbd-c1c3-4505-97a1-01681c10e70c registered with engine in 474.0 ms (avatar prepared)
2026-08-03 18:01:33+05:30 2026-08-03 12:31:33,315 [INFO] streaming.state_manager: [SM] Adaptive caps: p95_ms=350 buffer=9 peak=33 MAX=42 TARGET=33
2026-08-03 18:01:33+05:30 2026-08-03 12:31:33,315 [INFO] streaming.state_manager: [SM] Adaptive caps: p95_ms=350 buffer=9 peak=33 MAX=42 TARGET=33
2026-08-03 18:01:33+05:30 2026-08-03 12:31:33,315 [INFO] VideoPublisher: [VP-DIAG] First non-None frame received after 0 None ticks (~0.0s). Creating track...
2026-08-03 18:01:33+05:30 2026-08-03 12:31:33,315 [INFO] VideoPublisher: [VP-DIAG] Creating video track 512x512
2026-08-03 18:01:33+05:30 2026-08-03 12:31:33,319 [INFO] VideoPublisher: [VP-DIAG] Calling publish_track()...
2026-08-03 18:01:33+05:30 2026-08-03 12:31:33,346 [INFO] VideoPublisher: [VP-DIAG] publish_track() completed in 26.8 ms
2026-08-03 18:01:33+05:30 2026-08-03 12:31:33,354 [INFO] livekit: livekit::room::e2ee::manager:179:livekit::room::e2ee::manager - packet_trailer not enabled for published track TR_VCkEvPv2crY2j6 from prewarm-prewarm-ef39cb95
2026-08-03 18:01:33+05:30 2026-08-03 12:31:33,356 [INFO] batched_stream_processor: [BATCHED-DIAG] {'event': 'local_track_published', 't': 1.446, 'sid': 'TR_VCkEvPv2crY2j6', 'kind': 2}
2026-08-03 18:01:33+05:30 2026-08-03 12:31:33,356 [INFO] batched_stream_processor: IDLE_TRACK_PUBLISHED session=2916efbd-c1c3-4505-97a1-01681c10e70c room=prewarm-ef39cb95
2026-08-03 18:01:33+05:30 2026-08-03 12:31:33,373 [INFO] livekit: livekit::rtc_engine::peer_transport:447:livekit::rtc_engine::peer_transport - Applying x-google-start-bitrate=2700 kbps (ultimate_bps=Some(3000000))
2026-08-03 18:01:33+05:30 2026-08-03 12:31:33,374 [INFO] livekit: livekit::rtc_engine::peer_transport:455:livekit::rtc_engine::peer_transport - SDP munged successfully for video codec
2026-08-03 18:01:33+05:30 [METRICS] GPU_util=86% GPU_temp=48C GPU_mem=4.0GB/22.0GB (reserved=5.5GB) RSS=11957MB CPU_user=51.8s CPU_sys=14.2s sessions=1 pool=3/3
2026-08-03 18:01:33+05:30 2026-08-03 12:31:33,737 [WARNING] livekit: livekit::rtc_engine:516:livekit::rtc_engine - failed to connect: Connection("wait_pc_connection timed out"), retrying... (1/3)
2026-08-03 18:01:33+05:30 2026-08-03 12:31:33,788 [INFO] livekit: livekit_api::signal_client::signal_stream:104:livekit_api::signal_client::signal_stream - connecting to wss://ai-14ksodzi.livekit.cloud/rtc/v1
2026-08-03 18:01:38+05:30 2026-08-03 12:31:38,320 [INFO] VideoPublisher: VIDEO_PUBLISH_METRICS windowMs=5005 frames=126 effectiveFps=25.2 liveFrames=0 repeatedLiveFrames=0 idleFrames=126 desyncPct=100.0 maxGapMs=43.6 maxCaptureMs=3.2
2026-08-03 18:01:38+05:30 [METRICS] GPU_util=0% GPU_temp=46C GPU_mem=4.0GB/22.0GB (reserved=5.5GB) RSS=11957MB CPU_user=57.5s CPU_sys=14.8s sessions=1 pool=3/3
2026-08-03 18:01:43+05:30 2026-08-03 12:31:43,321 [INFO] VideoPublisher: VIDEO_PUBLISH_METRICS windowMs=5001 frames=125 effectiveFps=25.0 liveFrames=0 repeatedLiveFrames=0 idleFrames=125 desyncPct=100.0 maxGapMs=45.4 maxCaptureMs=1.4
2026-08-03 18:01:43+05:30 [METRICS] GPU_util=0% GPU_temp=46C GPU_mem=4.0GB/22.0GB (reserved=5.5GB) RSS=11957MB CPU_user=62.8s CPU_sys=15.0s sessions=1 pool=3/3
2026-08-03 18:01:48+05:30 2026-08-03 12:31:48,360 [INFO] VideoPublisher: VIDEO_PUBLISH_METRICS windowMs=5039 frames=126 effectiveFps=25.0 liveFrames=0 repeatedLiveFrames=0 idleFrames=126 desyncPct=100.0 maxGapMs=46.2 maxCaptureMs=1.3
2026-08-03 18:01:48+05:30 [METRICS] GPU_util=0% GPU_temp=46C GPU_mem=4.0GB/22.0GB (reserved=5.5GB) RSS=11957MB CPU_user=68.3s CPU_sys=15.3s sessions=1 pool=3/3
2026-08-03 18:01:48+05:30 2026-08-03 12:31:48,960 [WARNING] livekit: livekit::rtc_engine:516:livekit::rtc_engine - failed to connect: Connection("wait_pc_connection timed out"), retrying... (2/3)
2026-08-03 18:01:49+05:30 2026-08-03 12:31:49,005 [INFO] livekit: livekit_api::signal_client::signal_stream:104:livekit_api::signal_client::signal_stream - connecting to wss://ai-14ksodzi.livekit.cloud/rtc/v1
2026-08-03 18:01:53+05:30 2026-08-03 12:31:53,399 [INFO] VideoPublisher: VIDEO_PUBLISH_METRICS windowMs=5038 frames=126 effectiveFps=25.0 liveFrames=0 repeatedLiveFrames=0 idleFrames=126 desyncPct=100.0 maxGapMs=44.3 maxCaptureMs=1.3
2026-08-03 18:01:53+05:30 [METRICS] GPU_util=0% GPU_temp=46C GPU_mem=4.0GB/22.0GB (reserved=5.5GB) RSS=11957MB CPU_user=73.8s CPU_sys=15.6s sessions=1 pool=3/3
2026-08-03 18:01:58+05:30 2026-08-03 12:31:58,439 [INFO] VideoPublisher: VIDEO_PUBLISH_METRICS windowMs=5039 frames=126 effectiveFps=25.0 liveFrames=0 repeatedLiveFrames=0 idleFrames=126 desyncPct=100.0 maxGapMs=43.9 maxCaptureMs=1.0
2026-08-03 18:01:58+05:30 [METRICS] GPU_util=0% GPU_temp=46C GPU_mem=4.0GB/22.0GB (reserved=5.5GB) RSS=11957MB CPU_user=79.2s CPU_sys=15.8s sessions=1 pool=3/3
2026-08-03 18:02:03+05:30 2026-08-03 12:32:03,317 [INFO] streaming.state_manager: [SM] Adaptive caps: p95_ms=350 buffer=9 peak=33 MAX=42 TARGET=33
2026-08-03 18:02:03+05:30 2026-08-03 12:32:03,483 [INFO] VideoPublisher: VIDEO_PUBLISH_METRICS windowMs=5043 frames=126 effectiveFps=25.0 liveFrames=0 repeatedLiveFrames=0 idleFrames=126 desyncPct=100.0 maxGapMs=46.3 maxCaptureMs=1.6
2026-08-03 18:02:03+05:30 [METRICS] GPU_util=0% GPU_temp=47C GPU_mem=4.0GB/22.0GB (reserved=5.5GB) RSS=11957MB CPU_user=84.5s CPU_sys=16.1s sessions=1 pool=3/3
2026-08-03 18:02:04+05:30 2026-08-03 12:32:04,199 [WARNING] livekit: livekit::rtc_engine:516:livekit::rtc_engine - failed to connect: Connection("wait_pc_connection timed out"), retrying... (3/3)
2026-08-03 18:02:04+05:30 2026-08-03 12:32:04,241 [INFO] livekit: livekit_api::signal_client::signal_stream:104:livekit_api::signal_client::signal_stream - connecting to wss://ai-14ksodzi.livekit.cloud/rtc/v1
2026-08-03 18:02:04+05:30 [prewarm] Connected slot=3/3 in 46333.0 ms, adding to pool
2026-08-03 18:02:04+05:30 [prewarm] Background fill finished: 3/3 rooms connected, 2/3 rooms available
2026-08-03 18:02:08+05:30 2026-08-03 12:32:08,520 [INFO] VideoPublisher: VIDEO_PUBLISH_METRICS windowMs=5036 frames=126 effectiveFps=25.0 liveFrames=0 repeatedLiveFrames=0 idleFrames=126 desyncPct=100.0 maxGapMs=43.7 maxCaptureMs=1.1
2026-08-03 18:02:08+05:30 [METRICS] GPU_util=0% GPU_temp=47C GPU_mem=4.0GB/22.0GB (reserved=5.5GB) RSS=11957MB CPU_user=89.7s CPU_sys=16.4s sessions=1 pool=3/3
2026-08-03 18:02:11+05:30 2026-08-03 12:32:11.562 | INFO     | flash_head.src.pipeline.flash_head_pipeline:generate_batch:538 - [generate_batch] GPU_BREAKDOWN denoise=465.2ms decode=48.1ms color+encode=259.6ms total=773.2ms batch_size=1
2026-08-03 18:02:11+05:30 2026-08-03 12:32:11.562 | INFO     | flash_head.src.pipeline.flash_head_pipeline:generate_batch:545 - [generate_batch] DENOISE_STEPS total=465.2ms steps=[s0=136.1 s1=110.4 s2=109.0 s3=109.7] n_steps=4 batch_size=1
2026-08-03 18:02:11+05:30 2026-08-03 12:32:11,611 [INFO] AudioPublisher: [AP-DIAG] Calling publish_track()...
2026-08-03 18:02:11+05:30 2026-08-03 12:32:11,635 [INFO] AudioPublisher: [AP-DIAG] publish_track() completed in 24.1 ms (16000 Hz, 1 ch)
2026-08-03 18:02:11+05:30 2026-08-03 12:32:11,640 [INFO] batched_stream_processor: [BATCHED-DIAG] {'event': 'local_track_published', 't': 39.73, 'sid': 'TR_AMt4zKwqB3FNsZ', 'kind': 1}
2026-08-03 18:02:11+05:30 2026-08-03 12:32:11,641 [INFO] streaming.state_manager: [SM] IDLE -> TRANSITION_TO_LIVE (crossfade 8 frames, queue=24)
2026-08-03 18:02:11+05:30 2026-08-03 12:32:11,667 [INFO] livekit: livekit::rtc_engine::peer_transport:447:livekit::rtc_engine::peer_transport - Applying x-google-start-bitrate=2700 kbps (ultimate_bps=Some(3000000))
2026-08-03 18:02:11+05:30 2026-08-03 12:32:11,956 [INFO] streaming.state_manager: [SM] TRANSITION_TO_LIVE -> LIVE
2026-08-03 18:02:12+05:30 2026-08-03 12:32:12.489 | INFO     | flash_head.src.pipeline.flash_head_pipeline:generate_batch:538 - [generate_batch] GPU_BREAKDOWN denoise=436.6ms decode=18.8ms color+encode=255.6ms total=711.3ms batch_size=1
2026-08-03 18:02:12+05:30 2026-08-03 12:32:12.489 | INFO     | flash_head.src.pipeline.flash_head_pipeline:generate_batch:545 - [generate_batch] DENOISE_STEPS total=436.6ms steps=[s0=102.9 s1=111.9 s2=110.7 s3=111.1] n_steps=4 batch_size=1
2026-08-03 18:02:13+05:30 2026-08-03 12:32:13.389 | INFO     | flash_head.src.pipeline.flash_head_pipeline:generate_batch:538 - [generate_batch] GPU_BREAKDOWN denoise=430.6ms decode=17.2ms color+encode=253.7ms total=701.9ms batch_size=1
2026-08-03 18:02:13+05:30 2026-08-03 12:32:13.389 | INFO     | flash_head.src.pipeline.flash_head_pipeline:generate_batch:545 - [generate_batch] DENOISE_STEPS total=430.6ms steps=[s0=100.9 s1=109.6 s2=109.4 s3=110.7] n_steps=4 batch_size=1
2026-08-03 18:02:13+05:30 2026-08-03 12:32:13,521 [INFO] VideoPublisher: VIDEO_PUBLISH_METRICS windowMs=5000 frames=125 effectiveFps=25.0 liveFrames=40 repeatedLiveFrames=0 idleFrames=85 desyncPct=68.0 maxGapMs=48.5 maxCaptureMs=2.3
2026-08-03 18:02:13+05:30 [METRICS] GPU_util=80% GPU_temp=53C GPU_mem=4.1GB/22.0GB (reserved=5.6GB) RSS=11957MB CPU_user=96.0s CPU_sys=16.8s sessions=1 pool=3/3
2026-08-03 18:02:14+05:30 2026-08-03 12:32:14.382 | INFO     | flash_head.src.pipeline.flash_head_pipeline:generate_batch:538 - [generate_batch] GPU_BREAKDOWN denoise=471.5ms decode=18.8ms color+encode=254.0ms total=744.9ms batch_size=1
2026-08-03 18:02:14+05:30 2026-08-03 12:32:14.382 | INFO     | flash_head.src.pipeline.flash_head_pipeline:generate_batch:545 - [generate_batch] DENOISE_STEPS total=471.5ms steps=[s0=141.8 s1=106.5 s2=109.6 s3=113.5] n_steps=4 batch_size=1
2026-08-03 18:02:15+05:30 2026-08-03 12:32:15.338 | INFO     | flash_head.src.pipeline.flash_head_pipeline:generate_batch:538 - [generate_batch] GPU_BREAKDOWN denoise=460.9ms decode=17.3ms color+encode=259.7ms total=738.2ms batch_size=1
2026-08-03 18:02:15+05:30 2026-08-03 12:32:15.338 | INFO     | flash_head.src.pipeline.flash_head_pipeline:generate_batch:545 - [generate_batch] DENOISE_STEPS total=460.9ms steps=[s0=113.3 s1=113.1 s2=113.9 s3=120.6] n_steps=4 batch_size=1
2026-08-03 18:02:16+05:30 2026-08-03 12:32:16.294 | INFO     | flash_head.src.pipeline.flash_head_pipeline:generate_batch:538 - [generate_batch] GPU_BREAKDOWN denoise=453.4ms decode=19.7ms color+encode=261.4ms total=734.9ms batch_size=1
2026-08-03 18:02:16+05:30 2026-08-03 12:32:16.294 | INFO     | flash_head.src.pipeline.flash_head_pipeline:generate_batch:545 - [generate_batch] DENOISE_STEPS total=453.4ms steps=[s0=113.6 s1=112.8 s2=116.1 s3=110.9] n_steps=4 batch_size=1
2026-08-03 18:02:17+05:30 2026-08-03 12:32:17.272 | INFO     | flash_head.src.pipeline.flash_head_pipeline:generate_batch:538 - [generate_batch] GPU_BREAKDOWN denoise=443.0ms decode=20.5ms color+encode=253.6ms total=717.5ms batch_size=1
2026-08-03 18:02:17+05:30 2026-08-03 12:32:17.272 | INFO     | flash_head.src.pipeline.flash_head_pipeline:generate_batch:545 - [generate_batch] DENOISE_STEPS total=443.0ms steps=[s0=113.0 s1=109.0 s2=110.5 s3=110.5] n_steps=4 batch_size=1
2026-08-03 18:02:18+05:30 2026-08-03 12:32:18.234 | INFO     | flash_head.src.pipeline.flash_head_pipeline:generate_batch:538 - [generate_batch] GPU_BREAKDOWN denoise=475.3ms decode=16.9ms color+encode=256.9ms total=749.5ms batch_size=1
2026-08-03 18:02:18+05:30 2026-08-03 12:32:18.235 | INFO     | flash_head.src.pipeline.flash_head_pipeline:generate_batch:545 - [generate_batch] DENOISE_STEPS total=475.3ms steps=[s0=127.0 s1=113.2 s2=109.1 s3=126.0] n_steps=4 batch_size=1
2026-08-03 18:02:18+05:30 2026-08-03 12:32:18,560 [INFO] VideoPublisher: VIDEO_PUBLISH_METRICS windowMs=5039 frames=126 effectiveFps=25.0 liveFrames=126 repeatedLiveFrames=0 idleFrames=0 desyncPct=0.0 maxGapMs=46.0 maxCaptureMs=1.7
2026-08-03 18:02:19+05:30 [METRICS] GPU_util=88% GPU_temp=55C GPU_mem=4.2GB/22.0GB (reserved=5.6GB) RSS=11957MB CPU_user=103.3s CPU_sys=17.1s sessions=1 pool=3/3
2026-08-03 18:02:19+05:30 2026-08-03 12:32:19.183 | INFO     | flash_head.src.pipeline.flash_head_pipeline:generate_batch:538 - [generate_batch] GPU_BREAKDOWN denoise=460.6ms decode=23.7ms color+encode=254.4ms total=739.0ms batch_size=1
2026-08-03 18:02:19+05:30 2026-08-03 12:32:19.183 | INFO     | flash_head.src.pipeline.flash_head_pipeline:generate_batch:545 - [generate_batch] DENOISE_STEPS total=460.6ms steps=[s0=101.0 s1=141.1 s2=106.3 s3=112.2] n_steps=4 batch_size=1
2026-08-03 18:02:20+05:30 2026-08-03 12:32:20.130 | INFO     | flash_head.src.pipeline.flash_head_pipeline:generate_batch:538 - [generate_batch] GPU_BREAKDOWN denoise=449.0ms decode=21.7ms color+encode=259.4ms total=730.8ms batch_size=1
2026-08-03 18:02:20+05:30 2026-08-03 12:32:20.130 | INFO     | flash_head.src.pipeline.flash_head_pipeline:generate_batch:545 - [generate_batch] DENOISE_STEPS total=449.0ms steps=[s0=110.5 s1=116.5 s2=112.2 s3=109.8] n_steps=4 batch_size=1
2026-08-03 18:02:20+05:30 2026-08-03 12:32:20,272 [INFO] BatchedStreamingEngine: cycle=10 batch=1 sessions=['2916efbd-c1c3-4505-97a1-01681c10e70c'] embed=16.3ms infer=731.2ms xfer=141.6ms total=889.2ms
2026-08-03 18:02:21+05:30 2026-08-03 12:32:21.071 | INFO     | flash_head.src.pipeline.flash_head_pipeline:generate_batch:538 - [generate_batch] GPU_BREAKDOWN denoise=441.0ms decode=15.8ms color+encode=254.2ms total=711.8ms batch_size=1
2026-08-03 18:02:21+05:30 2026-08-03 12:32:21.071 | INFO     | flash_head.src.pipeline.flash_head_pipeline:generate_batch:545 - [generate_batch] DENOISE_STEPS total=441.0ms steps=[s0=105.1 s1=113.3 s2=112.3 s3=110.3] n_steps=4 batch_size=1
2026-08-03 18:02:21+05:30 2026-08-03 12:32:21,110 [INFO] handler: UTTERANCE_END_RECEIVED session=2916efbd-c1c3-4505-97a1-01681c10e70c
2026-08-03 18:02:21+05:30 2026-08-03 12:32:21,110 [INFO] batched_stream_processor: BATCHED_DRAIN_STARTED session=2916efbd-c1c3-4505-97a1-01681c10e70c keep_alive=True
2026-08-03 18:02:21+05:30 2026-08-03 12:32:21,110 [INFO] BatchedStreamingEngine: Session 2916efbd-c1c3-4505-97a1-01681c10e70c marked for drain (keep_alive=True)
2026-08-03 18:02:22+05:30 2026-08-03 12:32:22.030 | INFO     | flash_head.src.pipeline.flash_head_pipeline:generate_batch:538 - [generate_batch] GPU_BREAKDOWN denoise=435.9ms decode=19.4ms color+encode=254.4ms total=711.3ms batch_size=1
2026-08-03 18:02:22+05:30 2026-08-03 12:32:22.031 | INFO     | flash_head.src.pipeline.flash_head_pipeline:generate_batch:545 - [generate_batch] DENOISE_STEPS total=435.9ms steps=[s0=102.1 s1=113.8 s2=109.1 s3=110.8] n_steps=4 batch_size=1
2026-08-03 18:02:22+05:30 2026-08-03 12:32:22.985 | INFO     | flash_head.src.pipeline.flash_head_pipeline:generate_batch:538 - [generate_batch] GPU_BREAKDOWN denoise=433.7ms decode=21.9ms color+encode=249.0ms total=705.1ms batch_size=1
2026-08-03 18:02:22+05:30 2026-08-03 12:32:22.985 | INFO     | flash_head.src.pipeline.flash_head_pipeline:generate_batch:545 - [generate_batch] DENOISE_STEPS total=433.7ms steps=[s0=103.8 s1=109.9 s2=109.6 s3=110.4] n_steps=4 batch_size=1
2026-08-03 18:02:23+05:30 2026-08-03 12:32:23,561 [INFO] VideoPublisher: VIDEO_PUBLISH_METRICS windowMs=5001 frames=125 effectiveFps=25.0 liveFrames=125 repeatedLiveFrames=0 idleFrames=0 desyncPct=0.0 maxGapMs=44.5 maxCaptureMs=1.8
2026-08-03 18:02:23+05:30 2026-08-03 12:32:23.952 | INFO     | flash_head.src.pipeline.flash_head_pipeline:generate_batch:538 - [generate_batch] GPU_BREAKDOWN denoise=441.3ms decode=16.9ms color+encode=255.3ms total=714.0ms batch_size=1
2026-08-03 18:02:23+05:30 2026-08-03 12:32:23.953 | INFO     | flash_head.src.pipeline.flash_head_pipeline:generate_batch:545 - [generate_batch] DENOISE_STEPS total=441.3ms steps=[s0=109.0 s1=111.6 s2=110.0 s3=110.7] n_steps=4 batch_size=1
2026-08-03 18:02:24+05:30 [METRICS] GPU_util=100% GPU_temp=57C GPU_mem=4.0GB/22.0GB (reserved=5.6GB) RSS=11957MB CPU_user=110.4s CPU_sys=17.4s sessions=1 pool=3/3
2026-08-03 18:02:24+05:30 2026-08-03 12:32:24.915 | INFO     | flash_head.src.pipeline.flash_head_pipeline:generate_batch:538 - [generate_batch] GPU_BREAKDOWN denoise=445.6ms decode=15.9ms color+encode=254.7ms total=716.6ms batch_size=1
2026-08-03 18:02:24+05:30 2026-08-03 12:32:24.915 | INFO     | flash_head.src.pipeline.flash_head_pipeline:generate_batch:545 - [generate_batch] DENOISE_STEPS total=445.6ms steps=[s0=106.5 s1=109.5 s2=119.5 s3=110.1] n_steps=4 batch_size=1
2026-08-03 18:02:25+05:30 2026-08-03 12:32:25.871 | INFO     | flash_head.src.pipeline.flash_head_pipeline:generate_batch:538 - [generate_batch] GPU_BREAKDOWN denoise=434.2ms decode=19.7ms color+encode=258.6ms total=712.9ms batch_size=1
2026-08-03 18:02:25+05:30 2026-08-03 12:32:25.871 | INFO     | flash_head.src.pipeline.flash_head_pipeline:generate_batch:545 - [generate_batch] DENOISE_STEPS total=434.2ms steps=[s0=103.9 s1=110.0 s2=109.4 s3=111.0] n_steps=4 batch_size=1
2026-08-03 18:02:26+05:30 2026-08-03 12:32:26.823 | INFO     | flash_head.src.pipeline.flash_head_pipeline:generate_batch:538 - [generate_batch] GPU_BREAKDOWN denoise=431.8ms decode=18.5ms color+encode=252.9ms total=704.1ms batch_size=1
2026-08-03 18:02:26+05:30 2026-08-03 12:32:26.823 | INFO     | flash_head.src.pipeline.flash_head_pipeline:generate_batch:545 - [generate_batch] DENOISE_STEPS total=431.8ms steps=[s0=103.0 s1=110.7 s2=109.2 s3=108.9] n_steps=4 batch_size=1
2026-08-03 18:02:27+05:30 2026-08-03 12:32:27.785 | INFO     | flash_head.src.pipeline.flash_head_pipeline:generate_batch:538 - [generate_batch] GPU_BREAKDOWN denoise=434.3ms decode=18.6ms color+encode=252.9ms total=706.1ms batch_size=1
2026-08-03 18:02:27+05:30 2026-08-03 12:32:27.785 | INFO     | flash_head.src.pipeline.flash_head_pipeline:generate_batch:545 - [generate_batch] DENOISE_STEPS total=434.3ms steps=[s0=103.5 s1=110.1 s2=110.2 s3=110.5] n_steps=4 batch_size=1
2026-08-03 18:02:28+05:30 2026-08-03 12:32:28,600 [INFO] VideoPublisher: VIDEO_PUBLISH_METRICS windowMs=5038 frames=126 effectiveFps=25.0 liveFrames=126 repeatedLiveFrames=0 idleFrames=0 desyncPct=0.0 maxGapMs=43.7 maxCaptureMs=1.3
2026-08-03 18:02:28+05:30 2026-08-03 12:32:28.768 | INFO     | flash_head.src.pipeline.flash_head_pipeline:generate_batch:538 - [generate_batch] GPU_BREAKDOWN denoise=456.9ms decode=15.3ms color+encode=254.4ms total=727.8ms batch_size=1
2026-08-03 18:02:28+05:30 2026-08-03 12:32:28.768 | INFO     | flash_head.src.pipeline.flash_head_pipeline:generate_batch:545 - [generate_batch] DENOISE_STEPS total=456.9ms steps=[s0=100.2 s1=112.1 s2=117.1 s3=127.5] n_steps=4 batch_size=1
2026-08-03 18:02:29+05:30 [METRICS] GPU_util=23% GPU_temp=58C GPU_mem=4.1GB/22.0GB (reserved=5.6GB) RSS=11957MB CPU_user=117.0s CPU_sys=17.8s sessions=1 pool=3/3
2026-08-03 18:02:29+05:30 2026-08-03 12:32:29.705 | INFO     | flash_head.src.pipeline.flash_head_pipeline:generate_batch:538 - [generate_batch] GPU_BREAKDOWN denoise=437.2ms decode=27.5ms color+encode=243.2ms total=708.2ms batch_size=1
2026-08-03 18:02:29+05:30 2026-08-03 12:32:29.706 | INFO     | flash_head.src.pipeline.flash_head_pipeline:generate_batch:545 - [generate_batch] DENOISE_STEPS total=437.2ms steps=[s0=104.8 s1=111.7 s2=110.0 s3=110.7] n_steps=4 batch_size=1
2026-08-03 18:02:29+05:30 2026-08-03 12:32:29,786 [INFO] BatchedStreamingEngine: cycle=20 batch=1 sessions=['2916efbd-c1c3-4505-97a1-01681c10e70c'] embed=14.2ms infer=708.7ms xfer=80.7ms total=803.5ms
2026-08-03 18:02:30+05:30 2026-08-03 12:32:30.666 | INFO     | flash_head.src.pipeline.flash_head_pipeline:generate_batch:538 - [generate_batch] GPU_BREAKDOWN denoise=433.2ms decode=19.2ms color+encode=252.5ms total=705.3ms batch_size=1
2026-08-03 18:02:30+05:30 2026-08-03 12:32:30.666 | INFO     | flash_head.src.pipeline.flash_head_pipeline:generate_batch:545 - [generate_batch] DENOISE_STEPS total=433.2ms steps=[s0=102.4 s1=110.7 s2=109.9 s3=110.1] n_steps=4 batch_size=1
2026-08-03 18:02:31+05:30 2026-08-03 12:32:31.622 | INFO     | flash_head.src.pipeline.flash_head_pipeline:generate_batch:538 - [generate_batch] GPU_BREAKDOWN denoise=430.5ms decode=18.4ms color+encode=252.8ms total=702.0ms batch_size=1
2026-08-03 18:02:31+05:30 2026-08-03 12:32:31.622 | INFO     | flash_head.src.pipeline.flash_head_pipeline:generate_batch:545 - [generate_batch] DENOISE_STEPS total=430.5ms steps=[s0=100.8 s1=110.3 s2=108.2 s3=111.1] n_steps=4 batch_size=1
2026-08-03 18:02:32+05:30 2026-08-03 12:32:32.586 | INFO     | flash_head.src.pipeline.flash_head_pipeline:generate_batch:538 - [generate_batch] GPU_BREAKDOWN denoise=435.1ms decode=18.3ms color+encode=253.6ms total=707.4ms batch_size=1
2026-08-03 18:02:32+05:30 2026-08-03 12:32:32.586 | INFO     | flash_head.src.pipeline.flash_head_pipeline:generate_batch:545 - [generate_batch] DENOISE_STEPS total=435.1ms steps=[s0=103.9 s1=111.4 s2=110.0 s3=109.8] n_steps=4 batch_size=1
2026-08-03 18:02:33+05:30 2026-08-03 12:32:33,318 [INFO] streaming.state_manager: [SM] Adaptive caps: p95_ms=888 buffer=23 peak=47 MAX=61 TARGET=48
2026-08-03 18:02:33+05:30 2026-08-03 12:32:33.545 | INFO     | flash_head.src.pipeline.flash_head_pipeline:generate_batch:538 - [generate_batch] GPU_BREAKDOWN denoise=434.1ms decode=19.2ms color+encode=252.1ms total=705.7ms batch_size=1
2026-08-03 18:02:33+05:30 2026-08-03 12:32:33.545 | INFO     | flash_head.src.pipeline.flash_head_pipeline:generate_batch:545 - [generate_batch] DENOISE_STEPS total=434.1ms steps=[s0=103.8 s1=109.9 s2=109.8 s3=110.6] n_steps=4 batch_size=1
2026-08-03 18:02:33+05:30 2026-08-03 12:32:33,601 [INFO] VideoPublisher: VIDEO_PUBLISH_METRICS windowMs=5000 frames=125 effectiveFps=25.0 liveFrames=125 repeatedLiveFrames=0 idleFrames=0 desyncPct=0.0 maxGapMs=43.7 maxCaptureMs=1.5
2026-08-03 18:02:34+05:30 [METRICS] GPU_util=99% GPU_temp=60C GPU_mem=4.0GB/22.0GB (reserved=5.6GB) RSS=11957MB CPU_user=123.5s CPU_sys=18.1s sessions=1 pool=3/3
2026-08-03 18:02:34+05:30 2026-08-03 12:32:34.515 | INFO     | flash_head.src.pipeline.flash_head_pipeline:generate_batch:538 - [generate_batch] GPU_BREAKDOWN denoise=435.0ms decode=24.9ms color+encode=254.9ms total=715.2ms batch_size=1
2026-08-03 18:02:34+05:30 2026-08-03 12:32:34.515 | INFO     | flash_head.src.pipeline.flash_head_pipeline:generate_batch:545 - [generate_batch] DENOISE_STEPS total=435.0ms steps=[s0=103.2 s1=111.0 s2=109.5 s3=111.4] n_steps=4 batch_size=1
2026-08-03 18:02:35+05:30 2026-08-03 12:32:35.469 | INFO     | flash_head.src.pipeline.flash_head_pipeline:generate_batch:538 - [generate_batch] GPU_BREAKDOWN denoise=431.8ms decode=19.6ms color+encode=259.0ms total=710.7ms batch_size=1
2026-08-03 18:02:35+05:30 2026-08-03 12:32:35.469 | INFO     | flash_head.src.pipeline.flash_head_pipeline:generate_batch:545 - [generate_batch] DENOISE_STEPS total=431.8ms steps=[s0=103.1 s1=109.8 s2=109.9 s3=109.1] n_steps=4 batch_size=1
2026-08-03 18:02:36+05:30 2026-08-03 12:32:36.427 | INFO     | flash_head.src.pipeline.flash_head_pipeline:generate_batch:538 - [generate_batch] GPU_BREAKDOWN denoise=435.3ms decode=18.7ms color+encode=253.5ms total=707.8ms batch_size=1
2026-08-03 18:02:36+05:30 2026-08-03 12:32:36.427 | INFO     | flash_head.src.pipeline.flash_head_pipeline:generate_batch:545 - [generate_batch] DENOISE_STEPS total=435.3ms steps=[s0=103.7 s1=110.7 s2=110.1 s3=110.7] n_steps=4 batch_size=1
2026-08-03 18:02:37+05:30 2026-08-03 12:32:37.385 | INFO     | flash_head.src.pipeline.flash_head_pipeline:generate_batch:538 - [generate_batch] GPU_BREAKDOWN denoise=434.7ms decode=20.0ms color+encode=251.8ms total=706.8ms batch_size=1
2026-08-03 18:02:37+05:30 2026-08-03 12:32:37.385 | INFO     | flash_head.src.pipeline.flash_head_pipeline:generate_batch:545 - [generate_batch] DENOISE_STEPS total=434.7ms steps=[s0=103.4 s1=110.8 s2=110.5 s3=109.9] n_steps=4 batch_size=1
2026-08-03 18:02:37+05:30 2026-08-03 12:32:37,465 [INFO] BatchedStreamingEngine: Session 2916efbd-c1c3-4505-97a1-01681c10e70c reactivated (keep_alive)
2026-08-03 18:02:38+05:30 2026-08-03 12:32:38,642 [INFO] VideoPublisher: VIDEO_PUBLISH_METRICS windowMs=5041 frames=126 effectiveFps=25.0 liveFrames=123 repeatedLiveFrames=3 idleFrames=0 desyncPct=2.4 maxGapMs=43.8 maxCaptureMs=1.7
2026-08-03 18:02:39+05:30 2026-08-03 12:32:39,063 [INFO] streaming.idle_video: [idle] best-match frame 0/375
2026-08-03 18:02:39+05:30 2026-08-03 12:32:39,071 [INFO] streaming.state_manager: [SM] LIVE -> TRANSITION_TO_IDLE (crossfade 8 frames)
2026-08-03 18:02:39+05:30 [METRICS] GPU_util=0% GPU_temp=55C GPU_mem=4.0GB/22.0GB (reserved=5.6GB) RSS=11957MB CPU_user=129.6s CPU_sys=18.3s sessions=1 pool=3/3
2026-08-03 18:02:39+05:30 2026-08-03 12:32:39,356 [INFO] streaming.state_manager: [SM] TRANSITION_TO_IDLE -> IDLE
2026-08-03 18:02:39+05:30 2026-08-03 12:32:39,522 [INFO] batched_stream_processor: BATCHED_DRAIN_COMPLETED session=2916efbd-c1c3-4505-97a1-01681c10e70c cycles=162 elapsed=18411.6ms keep_alive=True
2026-08-03 18:02:43+05:30 2026-08-03 12:32:43,681 [INFO] VideoPublisher: VIDEO_PUBLISH_METRICS windowMs=5038 frames=126 effectiveFps=25.0 liveFrames=0 repeatedLiveFrames=9 idleFrames=117 desyncPct=100.0 maxGapMs=71.7 maxCaptureMs=1.1
2026-08-03 18:02:44+05:30 [METRICS] GPU_util=0% GPU_temp=54C GPU_mem=4.0GB/22.0GB (reserved=5.6GB) RSS=11957MB CPU_user=134.8s CPU_sys=18.6s sessions=1 pool=3/3
2026-08-03 18:02:45+05:30 2026-08-03 12:32:45.911 | INFO     | flash_head.src.pipeline.flash_head_pipeline:generate_batch:538 - [generate_batch] GPU_BREAKDOWN denoise=433.5ms decode=17.1ms color+encode=254.9ms total=705.9ms batch_size=1
2026-08-03 18:02:45+05:30 2026-08-03 12:32:45.911 | INFO     | flash_head.src.pipeline.flash_head_pipeline:generate_batch:545 - [generate_batch] DENOISE_STEPS total=433.5ms steps=[s0=101.8 s1=110.1 s2=109.9 s3=111.7] n_steps=4 batch_size=1
2026-08-03 18:02:46+05:30 2026-08-03 12:32:46,007 [INFO] streaming.state_manager: [SM] IDLE -> TRANSITION_TO_LIVE (crossfade 8 frames, queue=24)
2026-08-03 18:02:46+05:30 2026-08-03 12:32:46,316 [INFO] streaming.state_manager: [SM] TRANSITION_TO_LIVE -> LIVE
2026-08-03 18:02:46+05:30 2026-08-03 12:32:46.734 | INFO     | flash_head.src.pipeline.flash_head_pipeline:generate_batch:538 - [generate_batch] GPU_BREAKDOWN denoise=437.6ms decode=20.6ms color+encode=250.1ms total=708.6ms batch_size=1
2026-08-03 18:02:46+05:30 2026-08-03 12:32:46.734 | INFO     | flash_head.src.pipeline.flash_head_pipeline:generate_batch:545 - [generate_batch] DENOISE_STEPS total=437.6ms steps=[s0=105.8 s1=109.5 s2=110.8 s3=111.5] n_steps=4 batch_size=1
2026-08-03 18:02:46+05:30 2026-08-03 12:32:46,812 [INFO] BatchedStreamingEngine: cycle=30 batch=1 sessions=['2916efbd-c1c3-4505-97a1-01681c10e70c'] embed=34.9ms infer=709.1ms xfer=78.4ms total=822.4ms
2026-08-03 18:02:47+05:30 2026-08-03 12:32:47.672 | INFO     | flash_head.src.pipeline.flash_head_pipeline:generate_batch:538 - [generate_batch] GPU_BREAKDOWN denoise=432.9ms decode=19.5ms color+encode=250.3ms total=703.0ms batch_size=1
2026-08-03 18:02:47+05:30 2026-08-03 12:32:47.672 | INFO     | flash_head.src.pipeline.flash_head_pipeline:generate_batch:545 - [generate_batch] DENOISE_STEPS total=432.9ms steps=[s0=102.0 s1=111.1 s2=109.6 s3=110.1] n_steps=4 batch_size=1
2026-08-03 18:02:48+05:30 2026-08-03 12:32:48.659 | INFO     | flash_head.src.pipeline.flash_head_pipeline:generate_batch:538 - [generate_batch] GPU_BREAKDOWN denoise=436.0ms decode=15.6ms color+encode=276.8ms total=729.4ms batch_size=1
2026-08-03 18:02:48+05:30 2026-08-03 12:32:48.659 | INFO     | flash_head.src.pipeline.flash_head_pipeline:generate_batch:545 - [generate_batch] DENOISE_STEPS total=436.0ms steps=[s0=101.2 s1=110.9 s2=110.0 s3=113.9] n_steps=4 batch_size=1
2026-08-03 18:02:48+05:30 2026-08-03 12:32:48,721 [INFO] VideoPublisher: VIDEO_PUBLISH_METRICS windowMs=5040 frames=126 effectiveFps=25.0 liveFrames=61 repeatedLiveFrames=0 idleFrames=65 desyncPct=51.6 maxGapMs=58.9 maxCaptureMs=1.2
2026-08-03 18:02:48+05:30 2026-08-03 12:32:48,726 [INFO] handler: UTTERANCE_END_RECEIVED session=2916efbd-c1c3-4505-97a1-01681c10e70c
2026-08-03 18:02:48+05:30 2026-08-03 12:32:48,727 [INFO] batched_stream_processor: BATCHED_DRAIN_STARTED session=2916efbd-c1c3-4505-97a1-01681c10e70c keep_alive=True
2026-08-03 18:02:48+05:30 2026-08-03 12:32:48,727 [INFO] BatchedStreamingEngine: Session 2916efbd-c1c3-4505-97a1-01681c10e70c marked for drain (keep_alive=True)
2026-08-03 18:02:49+05:30 [METRICS] GPU_util=99% GPU_temp=60C GPU_mem=4.1GB/22.0GB (reserved=5.6GB) RSS=11957MB CPU_user=141.5s CPU_sys=18.8s sessions=1 pool=3/3
2026-08-03 18:02:49+05:30 2026-08-03 12:32:49.590 | INFO     | flash_head.src.pipeline.flash_head_pipeline:generate_batch:538 - [generate_batch] GPU_BREAKDOWN denoise=431.5ms decode=16.8ms color+encode=254.2ms total=702.7ms batch_size=1
2026-08-03 18:02:49+05:30 2026-08-03 12:32:49.590 | INFO     | flash_head.src.pipeline.flash_head_pipeline:generate_batch:545 - [generate_batch] DENOISE_STEPS total=431.5ms steps=[s0=101.6 s1=110.0 s2=110.3 s3=109.5] n_steps=4 batch_size=1
2026-08-03 18:02:50+05:30 2026-08-03 12:32:50.564 | INFO     | flash_head.src.pipeline.flash_head_pipeline:generate_batch:538 - [generate_batch] GPU_BREAKDOWN denoise=430.5ms decode=15.5ms color+encode=260.3ms total=706.5ms batch_size=1
2026-08-03 18:02:50+05:30 2026-08-03 12:32:50.564 | INFO     | flash_head.src.pipeline.flash_head_pipeline:generate_batch:545 - [generate_batch] DENOISE_STEPS total=430.5ms steps=[s0=100.6 s1=110.6 s2=109.7 s3=109.6] n_steps=4 batch_size=1
2026-08-03 18:02:51+05:30 2026-08-03 12:32:51.510 | INFO     | flash_head.src.pipeline.flash_head_pipeline:generate_batch:538 - [generate_batch] GPU_BREAKDOWN denoise=430.4ms decode=19.1ms color+encode=252.7ms total=702.5ms batch_size=1
2026-08-03 18:02:51+05:30 2026-08-03 12:32:51.510 | INFO     | flash_head.src.pipeline.flash_head_pipeline:generate_batch:545 - [generate_batch] DENOISE_STEPS total=430.4ms steps=[s0=100.7 s1=110.1 s2=109.8 s3=109.7] n_steps=4 batch_size=1
2026-08-03 18:02:52+05:30 2026-08-03 12:32:52.476 | INFO     | flash_head.src.pipeline.flash_head_pipeline:generate_batch:538 - [generate_batch] GPU_BREAKDOWN denoise=436.1ms decode=15.9ms color+encode=255.4ms total=707.7ms batch_size=1
2026-08-03 18:02:52+05:30 2026-08-03 12:32:52.476 | INFO     | flash_head.src.pipeline.flash_head_pipeline:generate_batch:545 - [generate_batch] DENOISE_STEPS total=436.1ms steps=[s0=101.9 s1=111.7 s2=110.5 s3=112.0] n_steps=4 batch_size=1
2026-08-03 18:02:53+05:30 2026-08-03 12:32:53.438 | INFO     | flash_head.src.pipeline.flash_head_pipeline:generate_batch:538 - [generate_batch] GPU_BREAKDOWN denoise=435.3ms decode=17.3ms color+encode=256.4ms total=709.3ms batch_size=1
2026-08-03 18:02:53+05:30 2026-08-03 12:32:53.439 | INFO     | flash_head.src.pipeline.flash_head_pipeline:generate_batch:545 - [generate_batch] DENOISE_STEPS total=435.3ms steps=[s0=101.0 s1=113.4 s2=110.3 s3=110.6] n_steps=4 batch_size=1
2026-08-03 18:02:53+05:30 2026-08-03 12:32:53,760 [INFO] VideoPublisher: VIDEO_PUBLISH_METRICS windowMs=5039 frames=126 effectiveFps=25.0 liveFrames=126 repeatedLiveFrames=0 idleFrames=0 desyncPct=0.0 maxGapMs=43.8 maxCaptureMs=1.6
2026-08-03 18:02:54+05:30 [METRICS] GPU_util=99% GPU_temp=61C GPU_mem=4.2GB/22.0GB (reserved=5.6GB) RSS=11957MB CPU_user=148.2s CPU_sys=19.0s sessions=1 pool=3/3
2026-08-03 18:02:54+05:30 2026-08-03 12:32:54.397 | INFO     | flash_head.src.pipeline.flash_head_pipeline:generate_batch:538 - [generate_batch] GPU_BREAKDOWN denoise=436.1ms decode=16.1ms color+encode=255.6ms total=708.3ms batch_size=1
2026-08-03 18:02:54+05:30 2026-08-03 12:32:54.397 | INFO     | flash_head.src.pipeline.flash_head_pipeline:generate_batch:545 - [generate_batch] DENOISE_STEPS total=436.1ms steps=[s0=103.3 s1=111.7 s2=111.0 s3=110.2] n_steps=4 batch_size=1
2026-08-03 18:02:55+05:30 2026-08-03 12:32:55.364 | INFO     | flash_head.src.pipeline.flash_head_pipeline:generate_batch:538 - [generate_batch] GPU_BREAKDOWN denoise=436.0ms decode=15.4ms color+encode=258.2ms total=709.9ms batch_size=1
2026-08-03 18:02:55+05:30 2026-08-03 12:32:55.364 | INFO     | flash_head.src.pipeline.flash_head_pipeline:generate_batch:545 - [generate_batch] DENOISE_STEPS total=436.0ms steps=[s0=101.9 s1=111.8 s2=112.1 s3=110.1] n_steps=4 batch_size=1
2026-08-03 18:02:55+05:30 2026-08-03 12:32:55,442 [INFO] BatchedStreamingEngine: Session 2916efbd-c1c3-4505-97a1-01681c10e70c reactivated (keep_alive)
2026-08-03 18:02:57+05:30 2026-08-03 12:32:57,105 [INFO] streaming.idle_video: [idle] best-match frame 337/375
2026-08-03 18:02:57+05:30 2026-08-03 12:32:57,113 [INFO] streaming.state_manager: [SM] LIVE -> TRANSITION_TO_IDLE (crossfade 8 frames)
2026-08-03 18:02:57+05:30 2026-08-03 12:32:57,396 [INFO] streaming.state_manager: [SM] TRANSITION_TO_IDLE -> IDLE
2026-08-03 18:02:57+05:30 2026-08-03 12:32:57,565 [INFO] batched_stream_processor: BATCHED_DRAIN_COMPLETED session=2916efbd-c1c3-4505-97a1-01681c10e70c cycles=67 elapsed=8838.2ms keep_alive=True
2026-08-03 18:02:58+05:30 2026-08-03 12:32:58,801 [INFO] VideoPublisher: VIDEO_PUBLISH_METRICS windowMs=5041 frames=126 effectiveFps=25.0 liveFrames=70 repeatedLiveFrames=12 idleFrames=44 desyncPct=44.4 maxGapMs=75.9 maxCaptureMs=1.5
2026-08-03 18:02:59+05:30 [METRICS] GPU_util=0% GPU_temp=56C GPU_mem=4.0GB/22.0GB (reserved=5.6GB) RSS=11957MB CPU_user=153.8s CPU_sys=19.3s sessions=1 pool=3/3
2026-08-03 18:03:02+05:30 2026-08-03 12:33:02.246 | INFO     | flash_head.src.pipeline.flash_head_pipeline:generate_batch:538 - [generate_batch] GPU_BREAKDOWN denoise=433.0ms decode=16.3ms color+encode=258.2ms total=708.2ms batch_size=1
2026-08-03 18:03:02+05:30 2026-08-03 12:33:02.247 | INFO     | flash_head.src.pipeline.flash_head_pipeline:generate_batch:545 - [generate_batch] DENOISE_STEPS total=433.0ms steps=[s0=103.1 s1=110.7 s2=110.5 s3=108.8] n_steps=4 batch_size=1
2026-08-03 18:03:02+05:30 2026-08-03 12:33:02,324 [INFO] BatchedStreamingEngine: cycle=40 batch=1 sessions=['2916efbd-c1c3-4505-97a1-01681c10e70c'] embed=14.1ms infer=708.7ms xfer=77.0ms total=799.8ms
2026-08-03 18:03:02+05:30 2026-08-03 12:33:02,356 [INFO] streaming.state_manager: [SM] IDLE -> TRANSITION_TO_LIVE (crossfade 8 frames, queue=24)
2026-08-03 18:03:02+05:30 2026-08-03 12:33:02,676 [INFO] streaming.state_manager: [SM] TRANSITION_TO_LIVE -> LIVE
2026-08-03 18:03:03+05:30 2026-08-03 12:33:03.063 | INFO     | flash_head.src.pipeline.flash_head_pipeline:generate_batch:538 - [generate_batch] GPU_BREAKDOWN denoise=442.3ms decode=16.3ms color+encode=264.2ms total=723.1ms batch_size=1
2026-08-03 18:03:03+05:30 2026-08-03 12:33:03.064 | INFO     | flash_head.src.pipeline.flash_head_pipeline:generate_batch:545 - [generate_batch] DENOISE_STEPS total=442.3ms steps=[s0=108.4 s1=111.5 s2=110.0 s3=112.3] n_steps=4 batch_size=1
2026-08-03 18:03:03+05:30 2026-08-03 12:33:03,319 [INFO] streaming.state_manager: [SM] Adaptive caps: p95_ms=874 buffer=22 peak=46 MAX=59 TARGET=47
2026-08-03 18:03:03+05:30 2026-08-03 12:33:03,839 [INFO] VideoPublisher: VIDEO_PUBLISH_METRICS windowMs=5037 frames=126 effectiveFps=25.0 liveFrames=30 repeatedLiveFrames=0 idleFrames=96 desyncPct=76.2 maxGapMs=44.0 maxCaptureMs=2.0
2026-08-03 18:03:04+05:30 2026-08-03 12:33:04.015 | INFO     | flash_head.src.pipeline.flash_head_pipeline:generate_batch:538 - [generate_batch] GPU_BREAKDOWN denoise=433.0ms decode=19.4ms color+encode=262.7ms total=715.4ms batch_size=1
2026-08-03 18:03:04+05:30 2026-08-03 12:33:04.015 | INFO     | flash_head.src.pipeline.flash_head_pipeline:generate_batch:545 - [generate_batch] DENOISE_STEPS total=433.0ms steps=[s0=102.6 s1=109.9 s2=110.5 s3=110.0] n_steps=4 batch_size=1
2026-08-03 18:03:04+05:30 [METRICS] GPU_util=0% GPU_temp=61C GPU_mem=4.0GB/22.0GB (reserved=5.6GB) RSS=11957MB CPU_user=160.2s CPU_sys=19.6s sessions=1 pool=3/3
2026-08-03 18:03:04+05:30 2026-08-03 12:33:04.978 | INFO     | flash_head.src.pipeline.flash_head_pipeline:generate_batch:538 - [generate_batch] GPU_BREAKDOWN denoise=441.4ms decode=18.2ms color+encode=254.8ms total=715.3ms batch_size=1
2026-08-03 18:03:04+05:30 2026-08-03 12:33:04.978 | INFO     | flash_head.src.pipeline.flash_head_pipeline:generate_batch:545 - [generate_batch] DENOISE_STEPS total=441.4ms steps=[s0=102.2 s1=119.6 s2=108.6 s3=111.0] n_steps=4 batch_size=1
2026-08-03 18:03:05+05:30 2026-08-03 12:33:05,701 [INFO] handler: UTTERANCE_END_RECEIVED session=2916efbd-c1c3-4505-97a1-01681c10e70c
2026-08-03 18:03:05+05:30 2026-08-03 12:33:05,701 [INFO] batched_stream_processor: BATCHED_DRAIN_STARTED session=2916efbd-c1c3-4505-97a1-01681c10e70c keep_alive=True
2026-08-03 18:03:05+05:30 2026-08-03 12:33:05,701 [INFO] BatchedStreamingEngine: Session 2916efbd-c1c3-4505-97a1-01681c10e70c marked for drain (keep_alive=True)
2026-08-03 18:03:05+05:30 2026-08-03 12:33:05.932 | INFO     | flash_head.src.pipeline.flash_head_pipeline:generate_batch:538 - [generate_batch] GPU_BREAKDOWN denoise=437.3ms decode=24.1ms color+encode=251.4ms total=713.1ms batch_size=1
2026-08-03 18:03:05+05:30 2026-08-03 12:33:05.932 | INFO     | flash_head.src.pipeline.flash_head_pipeline:generate_batch:545 - [generate_batch] DENOISE_STEPS total=437.3ms steps=[s0=100.8 s1=110.8 s2=115.6 s3=110.1] n_steps=4 batch_size=1
2026-08-03 18:03:06+05:30 2026-08-03 12:33:06.887 | INFO     | flash_head.src.pipeline.flash_head_pipeline:generate_batch:538 - [generate_batch] GPU_BREAKDOWN denoise=432.5ms decode=16.1ms color+encode=257.4ms total=706.3ms batch_size=1
2026-08-03 18:03:06+05:30 2026-08-03 12:33:06.888 | INFO     | flash_head.src.pipeline.flash_head_pipeline:generate_batch:545 - [generate_batch] DENOISE_STEPS total=432.5ms steps=[s0=102.4 s1=109.5 s2=110.5 s3=110.0] n_steps=4 batch_size=1
2026-08-03 18:03:07+05:30 2026-08-03 12:33:07.849 | INFO     | flash_head.src.pipeline.flash_head_pipeline:generate_batch:538 - [generate_batch] GPU_BREAKDOWN denoise=433.6ms decode=15.8ms color+encode=258.4ms total=708.2ms batch_size=1
2026-08-03 18:03:07+05:30 2026-08-03 12:33:07.849 | INFO     | flash_head.src.pipeline.flash_head_pipeline:generate_batch:545 - [generate_batch] DENOISE_STEPS total=433.6ms steps=[s0=102.5 s1=109.8 s2=110.6 s3=110.7] n_steps=4 batch_size=1
2026-08-03 18:03:08+05:30 2026-08-03 12:33:08,480 [INFO] livekit: livekit::room:1687:livekit::room - disconnected from room with reason: ClientInitiated
2026-08-03 18:03:08+05:30 2026-08-03 12:33:08.834 | INFO     | flash_head.src.pipeline.flash_head_pipeline:generate_batch:538 - [generate_batch] GPU_BREAKDOWN denoise=462.7ms decode=15.5ms color+encode=255.9ms total=734.8ms batch_size=1
2026-08-03 18:03:08+05:30 2026-08-03 12:33:08.834 | INFO     | flash_head.src.pipeline.flash_head_pipeline:generate_batch:545 - [generate_batch] DENOISE_STEPS total=462.7ms steps=[s0=102.3 s1=113.3 s2=115.6 s3=131.5] n_steps=4 batch_size=1
2026-08-03 18:03:08+05:30 2026-08-03 12:33:08,840 [INFO] VideoPublisher: VIDEO_PUBLISH_METRICS windowMs=5000 frames=125 effectiveFps=25.0 liveFrames=125 repeatedLiveFrames=0 idleFrames=0 desyncPct=0.0 maxGapMs=43.5 maxCaptureMs=2.4
2026-08-03 18:03:09+05:30 [METRICS] GPU_util=98% GPU_temp=63C GPU_mem=4.1GB/22.0GB (reserved=5.6GB) RSS=11957MB CPU_user=166.8s CPU_sys=19.8s sessions=1 pool=3/3
2026-08-03 18:03:09+05:30 2026-08-03 12:33:09.770 | INFO     | flash_head.src.pipeline.flash_head_pipeline:generate_batch:538 - [generate_batch] GPU_BREAKDOWN denoise=435.7ms decode=15.4ms color+encode=259.2ms total=710.7ms batch_size=1
2026-08-03 18:03:09+05:30 2026-08-03 12:33:09.770 | INFO     | flash_head.src.pipeline.flash_head_pipeline:generate_batch:545 - [generate_batch] DENOISE_STEPS total=435.7ms steps=[s0=103.0 s1=111.3 s2=110.1 s3=111.3] n_steps=4 batch_size=1
2026-08-03 18:03:10+05:30 2026-08-03 12:33:10.732 | INFO     | flash_head.src.pipeline.flash_head_pipeline:generate_batch:538 - [generate_batch] GPU_BREAKDOWN denoise=436.8ms decode=15.8ms color+encode=258.4ms total=711.6ms batch_size=1
2026-08-03 18:03:10+05:30 2026-08-03 12:33:10.732 | INFO     | flash_head.src.pipeline.flash_head_pipeline:generate_batch:545 - [generate_batch] DENOISE_STEPS total=436.8ms steps=[s0=105.6 s1=110.3 s2=110.7 s3=110.2] n_steps=4 batch_size=1
2026-08-03 18:03:11+05:30 2026-08-03 12:33:11.689 | INFO     | flash_head.src.pipeline.flash_head_pipeline:generate_batch:538 - [generate_batch] GPU_BREAKDOWN denoise=435.8ms decode=15.4ms color+encode=258.7ms total=710.4ms batch_size=1
2026-08-03 18:03:11+05:30 2026-08-03 12:33:11.689 | INFO     | flash_head.src.pipeline.flash_head_pipeline:generate_batch:545 - [generate_batch] DENOISE_STEPS total=435.8ms steps=[s0=104.1 s1=110.1 s2=110.2 s3=111.4] n_steps=4 batch_size=1
2026-08-03 18:03:11+05:30 2026-08-03 12:33:11,766 [INFO] BatchedStreamingEngine: cycle=50 batch=1 sessions=['2916efbd-c1c3-4505-97a1-01681c10e70c'] embed=14.1ms infer=710.8ms xfer=76.5ms total=801.5ms
2026-08-03 18:03:12+05:30 2026-08-03 12:33:12.647 | INFO     | flash_head.src.pipeline.flash_head_pipeline:generate_batch:538 - [generate_batch] GPU_BREAKDOWN denoise=433.4ms decode=15.8ms color+encode=257.6ms total=707.1ms batch_size=1
2026-08-03 18:03:12+05:30 2026-08-03 12:33:12.647 | INFO     | flash_head.src.pipeline.flash_head_pipeline:generate_batch:545 - [generate_batch] DENOISE_STEPS total=433.4ms steps=[s0=102.6 s1=110.5 s2=109.6 s3=110.6] n_steps=4 batch_size=1
2026-08-03 18:03:12+05:30 2026-08-03 12:33:12,724 [INFO] BatchedStreamingEngine: Session 2916efbd-c1c3-4505-97a1-01681c10e70c reactivated (keep_alive)
2026-08-03 18:03:13+05:30 2026-08-03 12:33:13,843 [INFO] VideoPublisher: VIDEO_PUBLISH_METRICS windowMs=5003 frames=125 effectiveFps=25.0 liveFrames=125 repeatedLiveFrames=0 idleFrames=0 desyncPct=0.0 maxGapMs=43.9 maxCaptureMs=1.3
2026-08-03 18:03:14+05:30 2026-08-03 12:33:14,425 [INFO] streaming.idle_video: [idle] best-match frame 233/375
2026-08-03 18:03:14+05:30 2026-08-03 12:33:14,433 [INFO] streaming.state_manager: [SM] LIVE -> TRANSITION_TO_IDLE (crossfade 8 frames)
2026-08-03 18:03:14+05:30 [METRICS] GPU_util=0% GPU_temp=59C GPU_mem=4.0GB/22.0GB (reserved=5.6GB) RSS=11957MB CPU_user=172.8s CPU_sys=20.1s sessions=1 pool=3/3
2026-08-03 18:03:14+05:30 2026-08-03 12:33:14,718 [INFO] streaming.state_manager: [SM] TRANSITION_TO_IDLE -> IDLE
2026-08-03 18:03:14+05:30 2026-08-03 12:33:14,876 [INFO] batched_stream_processor: BATCHED_DRAIN_COMPLETED session=2916efbd-c1c3-4505-97a1-01681c10e70c cycles=70 elapsed=9174.4ms keep_alive=True
2026-08-03 18:03:18+05:30 2026-08-03 12:33:18,881 [INFO] VideoPublisher: VIDEO_PUBLISH_METRICS windowMs=5037 frames=126 effectiveFps=25.0 liveFrames=1 repeatedLiveFrames=12 idleFrames=113 desyncPct=99.2 maxGapMs=75.7 maxCaptureMs=2.5
2026-08-03 18:03:19+05:30 [METRICS] GPU_util=0% GPU_temp=58C GPU_mem=4.0GB/22.0GB (reserved=5.6GB) RSS=11957MB CPU_user=178.0s CPU_sys=20.3s sessions=1 pool=3/3
2026-08-03 18:03:23+05:30 2026-08-03 12:33:23,920 [INFO] VideoPublisher: VIDEO_PUBLISH_METRICS windowMs=5039 frames=126 effectiveFps=25.0 liveFrames=0 repeatedLiveFrames=0 idleFrames=126 desyncPct=100.0 maxGapMs=43.9 maxCaptureMs=0.9
2026-08-03 18:03:24+05:30 [METRICS] GPU_util=0% GPU_temp=57C GPU_mem=4.0GB/22.0GB (reserved=5.6GB) RSS=11957MB CPU_user=183.0s CPU_sys=20.6s sessions=1 pool=3/3
2026-08-03 18:03:28+05:30 2026-08-03 12:33:28,963 [INFO] VideoPublisher: VIDEO_PUBLISH_METRICS windowMs=5042 frames=126 effectiveFps=25.0 liveFrames=0 repeatedLiveFrames=0 idleFrames=126 desyncPct=100.0 maxGapMs=44.0 maxCaptureMs=2.8
2026-08-03 18:03:29+05:30 [METRICS] GPU_util=0% GPU_temp=57C GPU_mem=4.0GB/22.0GB (reserved=5.6GB) RSS=11957MB CPU_user=188.1s CPU_sys=20.9s sessions=1 pool=3/3
2026-08-03 18:03:33+05:30 2026-08-03 12:33:33,357 [INFO] streaming.state_manager: [SM] Adaptive caps: p95_ms=872 buffer=22 peak=46 MAX=59 TARGET=47
2026-08-03 18:03:33+05:30 2026-08-03 12:33:33,999 [INFO] VideoPublisher: VIDEO_PUBLISH_METRICS windowMs=5035 frames=126 effectiveFps=25.0 liveFrames=0 repeatedLiveFrames=0 idleFrames=126 desyncPct=100.0 maxGapMs=44.5 maxCaptureMs=4.6
2026-08-03 18:03:34+05:30 [METRICS] GPU_util=0% GPU_temp=56C GPU_mem=4.0GB/22.0GB (reserved=5.6GB) RSS=11957MB CPU_user=193.1s CPU_sys=21.2s sessions=1 pool=3/3
2026-08-03 18:03:39+05:30 2026-08-03 12:33:39,039 [INFO] VideoPublisher: VIDEO_PUBLISH_METRICS windowMs=5039 frames=126 effectiveFps=25.0 liveFrames=0 repeatedLiveFrames=0 idleFrames=126 desyncPct=100.0 maxGapMs=43.7 maxCaptureMs=1.7
2026-08-03 18:03:39+05:30 [METRICS] GPU_util=0% GPU_temp=55C GPU_mem=4.0GB/22.0GB (reserved=5.6GB) RSS=11957MB CPU_user=198.3s CPU_sys=21.4s sessions=1 pool=3/3
2026-08-03 18:03:44+05:30 2026-08-03 12:33:44,040 [INFO] VideoPublisher: VIDEO_PUBLISH_METRICS windowMs=5001 frames=125 effectiveFps=25.0 liveFrames=0 repeatedLiveFrames=0 idleFrames=125 desyncPct=100.0 maxGapMs=42.6 maxCaptureMs=1.0
2026-08-03 18:03:44+05:30 [METRICS] GPU_util=0% GPU_temp=54C GPU_mem=4.0GB/22.0GB (reserved=5.6GB) RSS=11957MB CPU_user=203.6s CPU_sys=21.6s sessions=1 pool=3/3
2026-08-03 18:03:48+05:30 2026-08-03 12:33:48.656 | INFO     | flash_head.src.pipeline.flash_head_pipeline:generate_batch:538 - [generate_batch] GPU_BREAKDOWN denoise=438.1ms decode=17.6ms color+encode=253.4ms total=709.4ms batch_size=1
2026-08-03 18:03:48+05:30 2026-08-03 12:33:48.656 | INFO     | flash_head.src.pipeline.flash_head_pipeline:generate_batch:545 - [generate_batch] DENOISE_STEPS total=438.1ms steps=[s0=103.5 s1=111.3 s2=110.1 s3=113.2] n_steps=4 batch_size=1
2026-08-03 18:03:48+05:30 2026-08-03 12:33:48,758 [INFO] streaming.state_manager: [SM] IDLE -> TRANSITION_TO_LIVE (crossfade 8 frames, queue=24)
2026-08-03 18:03:49+05:30 2026-08-03 12:33:49,041 [INFO] VideoPublisher: VIDEO_PUBLISH_METRICS windowMs=5001 frames=125 effectiveFps=25.0 liveFrames=0 repeatedLiveFrames=0 idleFrames=125 desyncPct=100.0 maxGapMs=45.5 maxCaptureMs=1.1
2026-08-03 18:03:49+05:30 2026-08-03 12:33:49,076 [INFO] streaming.state_manager: [SM] TRANSITION_TO_LIVE -> LIVE
2026-08-03 18:03:49+05:30 2026-08-03 12:33:49.470 | INFO     | flash_head.src.pipeline.flash_head_pipeline:generate_batch:538 - [generate_batch] GPU_BREAKDOWN denoise=442.0ms decode=21.0ms color+encode=252.2ms total=715.5ms batch_size=1
2026-08-03 18:03:49+05:30 2026-08-03 12:33:49.470 | INFO     | flash_head.src.pipeline.flash_head_pipeline:generate_batch:545 - [generate_batch] DENOISE_STEPS total=442.0ms steps=[s0=112.0 s1=110.8 s2=109.9 s3=109.3] n_steps=4 batch_size=1
2026-08-03 18:03:49+05:30 [METRICS] GPU_util=96% GPU_temp=57C GPU_mem=4.1GB/22.0GB (reserved=5.6GB) RSS=11957MB CPU_user=209.5s CPU_sys=21.9s sessions=1 pool=3/3
2026-08-03 18:03:50+05:30 2026-08-03 12:33:50.428 | INFO     | flash_head.src.pipeline.flash_head_pipeline:generate_batch:538 - [generate_batch] GPU_BREAKDOWN denoise=440.2ms decode=22.2ms color+encode=254.4ms total=717.4ms batch_size=1
2026-08-03 18:03:50+05:30 2026-08-03 12:33:50.428 | INFO     | flash_head.src.pipeline.flash_head_pipeline:generate_batch:545 - [generate_batch] DENOISE_STEPS total=440.2ms steps=[s0=105.0 s1=113.8 s2=111.5 s3=110.0] n_steps=4 batch_size=1
2026-08-03 18:03:51+05:30 2026-08-03 12:33:51.383 | INFO     | flash_head.src.pipeline.flash_head_pipeline:generate_batch:538 - [generate_batch] GPU_BREAKDOWN denoise=441.1ms decode=19.3ms color+encode=251.7ms total=712.5ms batch_size=1
2026-08-03 18:03:51+05:30 2026-08-03 12:33:51.383 | INFO     | flash_head.src.pipeline.flash_head_pipeline:generate_batch:545 - [generate_batch] DENOISE_STEPS total=441.1ms steps=[s0=107.1 s1=110.9 s2=112.7 s3=110.5] n_steps=4 batch_size=1
2026-08-03 18:03:51+05:30 2026-08-03 12:33:51,897 [INFO] handler: UTTERANCE_END_RECEIVED session=2916efbd-c1c3-4505-97a1-01681c10e70c
2026-08-03 18:03:51+05:30 2026-08-03 12:33:51,898 [INFO] batched_stream_processor: BATCHED_DRAIN_STARTED session=2916efbd-c1c3-4505-97a1-01681c10e70c keep_alive=True
2026-08-03 18:03:51+05:30 2026-08-03 12:33:51,898 [INFO] BatchedStreamingEngine: Session 2916efbd-c1c3-4505-97a1-01681c10e70c marked for drain (keep_alive=True)
2026-08-03 18:03:52+05:30 2026-08-03 12:33:52.347 | INFO     | flash_head.src.pipeline.flash_head_pipeline:generate_batch:538 - [generate_batch] GPU_BREAKDOWN denoise=444.0ms decode=17.9ms color+encode=253.8ms total=716.0ms batch_size=1
2026-08-03 18:03:52+05:30 2026-08-03 12:33:52.347 | INFO     | flash_head.src.pipeline.flash_head_pipeline:generate_batch:545 - [generate_batch] DENOISE_STEPS total=444.0ms steps=[s0=104.7 s1=110.1 s2=119.2 s3=110.1] n_steps=4 batch_size=1
2026-08-03 18:03:53+05:30 2026-08-03 12:33:53.300 | INFO     | flash_head.src.pipeline.flash_head_pipeline:generate_batch:538 - [generate_batch] GPU_BREAKDOWN denoise=436.5ms decode=25.1ms color+encode=247.5ms total=709.3ms batch_size=1
2026-08-03 18:03:53+05:30 2026-08-03 12:33:53.300 | INFO     | flash_head.src.pipeline.flash_head_pipeline:generate_batch:545 - [generate_batch] DENOISE_STEPS total=436.5ms steps=[s0=105.8 s1=109.9 s2=110.0 s3=110.8] n_steps=4 batch_size=1
2026-08-03 18:03:54+05:30 2026-08-03 12:33:54,082 [INFO] VideoPublisher: VIDEO_PUBLISH_METRICS windowMs=5040 frames=126 effectiveFps=25.0 liveFrames=126 repeatedLiveFrames=0 idleFrames=0 desyncPct=0.0 maxGapMs=43.7 maxCaptureMs=1.6
2026-08-03 18:03:54+05:30 2026-08-03 12:33:54.259 | INFO     | flash_head.src.pipeline.flash_head_pipeline:generate_batch:538 - [generate_batch] GPU_BREAKDOWN denoise=436.0ms decode=21.1ms color+encode=250.4ms total=708.0ms batch_size=1
2026-08-03 18:03:54+05:30 2026-08-03 12:33:54.259 | INFO     | flash_head.src.pipeline.flash_head_pipeline:generate_batch:545 - [generate_batch] DENOISE_STEPS total=436.0ms steps=[s0=104.1 s1=110.5 s2=109.6 s3=111.8] n_steps=4 batch_size=1
2026-08-03 18:03:54+05:30 [METRICS] GPU_util=95% GPU_temp=59C GPU_mem=4.0GB/22.0GB (reserved=5.6GB) RSS=11957MB CPU_user=216.1s CPU_sys=22.1s sessions=1 pool=3/3
2026-08-03 18:03:55+05:30 2026-08-03 12:33:55.219 | INFO     | flash_head.src.pipeline.flash_head_pipeline:generate_batch:538 - [generate_batch] GPU_BREAKDOWN denoise=435.9ms decode=19.2ms color+encode=252.6ms total=708.0ms batch_size=1
2026-08-03 18:03:55+05:30 2026-08-03 12:33:55.219 | INFO     | flash_head.src.pipeline.flash_head_pipeline:generate_batch:545 - [generate_batch] DENOISE_STEPS total=435.9ms steps=[s0=104.3 s1=110.1 s2=109.2 s3=112.3] n_steps=4 batch_size=1
2026-08-03 18:03:56+05:30 2026-08-03 12:33:56.176 | INFO     | flash_head.src.pipeline.flash_head_pipeline:generate_batch:538 - [generate_batch] GPU_BREAKDOWN denoise=433.7ms decode=17.4ms color+encode=253.6ms total=705.0ms batch_size=1
2026-08-03 18:03:56+05:30 2026-08-03 12:33:56.176 | INFO     | flash_head.src.pipeline.flash_head_pipeline:generate_batch:545 - [generate_batch] DENOISE_STEPS total=433.7ms steps=[s0=102.2 s1=110.4 s2=109.9 s3=111.2] n_steps=4 batch_size=1
2026-08-03 18:03:56+05:30 2026-08-03 12:33:56,255 [INFO] BatchedStreamingEngine: cycle=60 batch=1 sessions=['2916efbd-c1c3-4505-97a1-01681c10e70c'] embed=14.4ms infer=705.4ms xfer=78.8ms total=798.7ms
2026-08-03 18:03:57+05:30 2026-08-03 12:33:57.141 | INFO     | flash_head.src.pipeline.flash_head_pipeline:generate_batch:538 - [generate_batch] GPU_BREAKDOWN denoise=435.9ms decode=18.2ms color+encode=255.9ms total=710.3ms batch_size=1
2026-08-03 18:03:57+05:30 2026-08-03 12:33:57.141 | INFO     | flash_head.src.pipeline.flash_head_pipeline:generate_batch:545 - [generate_batch] DENOISE_STEPS total=435.9ms steps=[s0=103.2 s1=110.7 s2=110.6 s3=111.5] n_steps=4 batch_size=1
2026-08-03 18:03:58+05:30 2026-08-03 12:33:58.105 | INFO     | flash_head.src.pipeline.flash_head_pipeline:generate_batch:538 - [generate_batch] GPU_BREAKDOWN denoise=440.1ms decode=19.7ms color+encode=253.1ms total=713.3ms batch_size=1
2026-08-03 18:03:58+05:30 2026-08-03 12:33:58.105 | INFO     | flash_head.src.pipeline.flash_head_pipeline:generate_batch:545 - [generate_batch] DENOISE_STEPS total=440.1ms steps=[s0=107.0 s1=111.5 s2=111.1 s3=110.5] n_steps=4 batch_size=1
2026-08-03 18:03:59+05:30 2026-08-03 12:33:59.060 | INFO     | flash_head.src.pipeline.flash_head_pipeline:generate_batch:538 - [generate_batch] GPU_BREAKDOWN denoise=437.0ms decode=19.3ms color+encode=252.3ms total=708.9ms batch_size=1
2026-08-03 18:03:59+05:30 2026-08-03 12:33:59.060 | INFO     | flash_head.src.pipeline.flash_head_pipeline:generate_batch:545 - [generate_batch] DENOISE_STEPS total=437.0ms steps=[s0=106.3 s1=110.8 s2=109.8 s3=110.1] n_steps=4 batch_size=1
2026-08-03 18:03:59+05:30 2026-08-03 12:33:59,123 [INFO] VideoPublisher: VIDEO_PUBLISH_METRICS windowMs=5040 frames=126 effectiveFps=25.0 liveFrames=126 repeatedLiveFrames=0 idleFrames=0 desyncPct=0.0 maxGapMs=44.8 maxCaptureMs=2.4
2026-08-03 18:03:59+05:30 2026-08-03 12:33:59,142 [INFO] BatchedStreamingEngine: Session 2916efbd-c1c3-4505-97a1-01681c10e70c reactivated (keep_alive)
2026-08-03 18:04:00+05:30 [METRICS] GPU_util=0% GPU_temp=56C GPU_mem=4.0GB/22.0GB (reserved=5.6GB) RSS=11957MB CPU_user=222.5s CPU_sys=22.3s sessions=1 pool=3/3
2026-08-03 18:04:00+05:30 2026-08-03 12:34:00,823 [INFO] streaming.idle_video: [idle] best-match frame 335/375
2026-08-03 18:04:00+05:30 2026-08-03 12:34:00,831 [INFO] streaming.state_manager: [SM] LIVE -> TRANSITION_TO_IDLE (crossfade 8 frames)
2026-08-03 18:04:01+05:30 2026-08-03 12:34:01,116 [INFO] streaming.state_manager: [SM] TRANSITION_TO_IDLE -> IDLE
2026-08-03 18:04:01+05:30 2026-08-03 12:34:01,243 [INFO] batched_stream_processor: BATCHED_DRAIN_COMPLETED session=2916efbd-c1c3-4505-97a1-01681c10e70c cycles=72 elapsed=9345.2ms keep_alive=True
2026-08-03 18:04:03+05:30 2026-08-03 12:34:03,358 [INFO] streaming.state_manager: [SM] Adaptive caps: p95_ms=869 buffer=22 peak=46 MAX=59 TARGET=47
2026-08-03 18:04:04+05:30 2026-08-03 12:34:04,159 [INFO] VideoPublisher: VIDEO_PUBLISH_METRICS windowMs=5036 frames=126 effectiveFps=25.0 liveFrames=29 repeatedLiveFrames=12 idleFrames=85 desyncPct=77.0 maxGapMs=73.5 maxCaptureMs=1.2
2026-08-03 18:04:05+05:30 [METRICS] GPU_util=0% GPU_temp=55C GPU_mem=4.0GB/22.0GB (reserved=5.6GB) RSS=11957MB CPU_user=227.5s CPU_sys=22.5s sessions=1 pool=3/3
2026-08-03 18:04:09+05:30 2026-08-03 12:34:09,200 [INFO] VideoPublisher: VIDEO_PUBLISH_METRICS windowMs=5041 frames=126 effectiveFps=25.0 liveFrames=0 repeatedLiveFrames=0 idleFrames=126 desyncPct=100.0 maxGapMs=42.4 maxCaptureMs=0.9
2026-08-03 18:04:10+05:30 [METRICS] GPU_util=0% GPU_temp=54C GPU_mem=4.0GB/22.0GB (reserved=5.6GB) RSS=11957MB CPU_user=232.6s CPU_sys=22.9s sessions=1 pool=3/3
2026-08-03 18:04:14+05:30 2026-08-03 12:34:14,240 [INFO] VideoPublisher: VIDEO_PUBLISH_METRICS windowMs=5039 frames=126 effectiveFps=25.0 liveFrames=0 repeatedLiveFrames=0 idleFrames=126 desyncPct=100.0 maxGapMs=42.9 maxCaptureMs=1.0
2026-08-03 18:04:15+05:30 [METRICS] GPU_util=0% GPU_temp=54C GPU_mem=4.0GB/22.0GB (reserved=5.6GB) RSS=11957MB CPU_user=237.8s CPU_sys=23.2s sessions=1 pool=3/3
2026-08-03 18:04:19+05:30 2026-08-03 12:34:19,279 [INFO] VideoPublisher: VIDEO_PUBLISH_METRICS windowMs=5038 frames=126 effectiveFps=25.0 liveFrames=0 repeatedLiveFrames=0 idleFrames=126 desyncPct=100.0 maxGapMs=43.1 maxCaptureMs=1.0
2026-08-03 18:04:20+05:30 [METRICS] GPU_util=0% GPU_temp=54C GPU_mem=4.0GB/22.0GB (reserved=5.6GB) RSS=11957MB CPU_user=243.1s CPU_sys=23.5s sessions=1 pool=3/3
2026-08-03 18:04:24+05:30 2026-08-03 12:34:24,281 [INFO] VideoPublisher: VIDEO_PUBLISH_METRICS windowMs=5001 frames=125 effectiveFps=25.0 liveFrames=0 repeatedLiveFrames=0 idleFrames=125 desyncPct=100.0 maxGapMs=42.9 maxCaptureMs=1.8
2026-08-03 18:04:25+05:30 [METRICS] GPU_util=99% GPU_temp=57C GPU_mem=4.1GB/22.0GB (reserved=5.6GB) RSS=11957MB CPU_user=248.6s CPU_sys=23.7s sessions=1 pool=3/3
2026-08-03 18:04:25+05:30 2026-08-03 12:34:25.537 | INFO     | flash_head.src.pipeline.flash_head_pipeline:generate_batch:538 - [generate_batch] GPU_BREAKDOWN denoise=433.1ms decode=19.2ms color+encode=252.3ms total=704.9ms batch_size=1
2026-08-03 18:04:25+05:30 2026-08-03 12:34:25.537 | INFO     | flash_head.src.pipeline.flash_head_pipeline:generate_batch:545 - [generate_batch] DENOISE_STEPS total=433.1ms steps=[s0=103.1 s1=110.1 s2=109.6 s3=110.3] n_steps=4 batch_size=1
2026-08-03 18:04:25+05:30 2026-08-03 12:34:25,680 [INFO] streaming.state_manager: [SM] IDLE -> TRANSITION_TO_LIVE (crossfade 8 frames, queue=24)
2026-08-03 18:04:25+05:30 2026-08-03 12:34:25,997 [INFO] streaming.state_manager: [SM] TRANSITION_TO_LIVE -> LIVE
2026-08-03 18:04:26+05:30 2026-08-03 12:34:26.398 | INFO     | flash_head.src.pipeline.flash_head_pipeline:generate_batch:538 - [generate_batch] GPU_BREAKDOWN denoise=435.2ms decode=17.5ms color+encode=253.5ms total=706.5ms batch_size=1
2026-08-03 18:04:26+05:30 2026-08-03 12:34:26.398 | INFO     | flash_head.src.pipeline.flash_head_pipeline:generate_batch:545 - [generate_batch] DENOISE_STEPS total=435.2ms steps=[s0=103.2 s1=111.4 s2=110.8 s3=109.9] n_steps=4 batch_size=1
2026-08-03 18:04:27+05:30 2026-08-03 12:34:27.377 | INFO     | flash_head.src.pipeline.flash_head_pipeline:generate_batch:538 - [generate_batch] GPU_BREAKDOWN denoise=442.2ms decode=35.0ms color+encode=242.1ms total=719.7ms batch_size=1
2026-08-03 18:04:27+05:30 2026-08-03 12:34:27.377 | INFO     | flash_head.src.pipeline.flash_head_pipeline:generate_batch:545 - [generate_batch] DENOISE_STEPS total=442.2ms steps=[s0=103.9 s1=110.9 s2=112.1 s3=115.3] n_steps=4 batch_size=1
2026-08-03 18:04:28+05:30 2026-08-03 12:34:28.323 | INFO     | flash_head.src.pipeline.flash_head_pipeline:generate_batch:538 - [generate_batch] GPU_BREAKDOWN denoise=434.8ms decode=15.8ms color+encode=260.3ms total=711.2ms batch_size=1
2026-08-03 18:04:28+05:30 2026-08-03 12:34:28.323 | INFO     | flash_head.src.pipeline.flash_head_pipeline:generate_batch:545 - [generate_batch] DENOISE_STEPS total=434.8ms steps=[s0=102.8 s1=111.7 s2=110.3 s3=110.1] n_steps=4 batch_size=1
2026-08-03 18:04:28+05:30 2026-08-03 12:34:28,511 [INFO] handler: UTTERANCE_END_RECEIVED session=2916efbd-c1c3-4505-97a1-01681c10e70c
2026-08-03 18:04:28+05:30 2026-08-03 12:34:28,512 [INFO] batched_stream_processor: BATCHED_DRAIN_STARTED session=2916efbd-c1c3-4505-97a1-01681c10e70c keep_alive=True
2026-08-03 18:04:28+05:30 2026-08-03 12:34:28,512 [INFO] BatchedStreamingEngine: Session 2916efbd-c1c3-4505-97a1-01681c10e70c marked for drain (keep_alive=True)
2026-08-03 18:04:29+05:30 2026-08-03 12:34:29.277 | INFO     | flash_head.src.pipeline.flash_head_pipeline:generate_batch:538 - [generate_batch] GPU_BREAKDOWN denoise=435.6ms decode=16.0ms color+encode=253.7ms total=705.7ms batch_size=1
2026-08-03 18:04:29+05:30 2026-08-03 12:34:29.277 | INFO     | flash_head.src.pipeline.flash_head_pipeline:generate_batch:545 - [generate_batch] DENOISE_STEPS total=435.6ms steps=[s0=104.1 s1=111.5 s2=109.9 s3=110.2] n_steps=4 batch_size=1
2026-08-03 18:04:29+05:30 2026-08-03 12:34:29,321 [INFO] VideoPublisher: VIDEO_PUBLISH_METRICS windowMs=5040 frames=126 effectiveFps=25.0 liveFrames=84 repeatedLiveFrames=0 idleFrames=42 desyncPct=33.3 maxGapMs=46.8 maxCaptureMs=2.2
2026-08-03 18:04:30+05:30 2026-08-03 12:34:30.237 | INFO     | flash_head.src.pipeline.flash_head_pipeline:generate_batch:538 - [generate_batch] GPU_BREAKDOWN denoise=432.1ms decode=15.5ms color+encode=257.8ms total=705.6ms batch_size=1
2026-08-03 18:04:30+05:30 2026-08-03 12:34:30.237 | INFO     | flash_head.src.pipeline.flash_head_pipeline:generate_batch:545 - [generate_batch] DENOISE_STEPS total=432.1ms steps=[s0=100.7 s1=111.1 s2=110.4 s3=109.9] n_steps=4 batch_size=1
2026-08-03 18:04:30+05:30 [METRICS] GPU_util=100% GPU_temp=61C GPU_mem=4.2GB/22.0GB (reserved=5.6GB) RSS=11957MB CPU_user=255.6s CPU_sys=23.9s sessions=1 pool=3/3
2026-08-03 18:04:31+05:30 2026-08-03 12:34:31.196 | INFO     | flash_head.src.pipeline.flash_head_pipeline:generate_batch:538 - [generate_batch] GPU_BREAKDOWN denoise=435.4ms decode=15.7ms color+encode=254.7ms total=706.2ms batch_size=1
2026-08-03 18:04:31+05:30 2026-08-03 12:34:31.196 | INFO     | flash_head.src.pipeline.flash_head_pipeline:generate_batch:545 - [generate_batch] DENOISE_STEPS total=435.4ms steps=[s0=102.5 s1=112.1 s2=110.1 s3=110.7] n_steps=4 batch_size=1
2026-08-03 18:04:31+05:30 2026-08-03 12:34:31,348 [INFO] BatchedStreamingEngine: cycle=70 batch=1 sessions=['2916efbd-c1c3-4505-97a1-01681c10e70c'] embed=17.0ms infer=707.2ms xfer=151.2ms total=875.5ms
2026-08-03 18:04:32+05:30 2026-08-03 12:34:32.155 | INFO     | flash_head.src.pipeline.flash_head_pipeline:generate_batch:538 - [generate_batch] GPU_BREAKDOWN denoise=432.3ms decode=15.2ms color+encode=255.8ms total=703.6ms batch_size=1
2026-08-03 18:04:32+05:30 2026-08-03 12:34:32.155 | INFO     | flash_head.src.pipeline.flash_head_pipeline:generate_batch:545 - [generate_batch] DENOISE_STEPS total=432.3ms steps=[s0=101.7 s1=110.7 s2=109.7 s3=110.3] n_steps=4 batch_size=1
2026-08-03 18:04:33+05:30 2026-08-03 12:34:33.114 | INFO     | flash_head.src.pipeline.flash_head_pipeline:generate_batch:538 - [generate_batch] GPU_BREAKDOWN denoise=432.6ms decode=17.0ms color+encode=253.8ms total=703.8ms batch_size=1
2026-08-03 18:04:33+05:30 2026-08-03 12:34:33.114 | INFO     | flash_head.src.pipeline.flash_head_pipeline:generate_batch:545 - [generate_batch] DENOISE_STEPS total=432.6ms steps=[s0=101.5 s1=111.5 s2=110.0 s3=109.6] n_steps=4 batch_size=1
2026-08-03 18:04:33+05:30 2026-08-03 12:34:33,360 [INFO] streaming.state_manager: [SM] Adaptive caps: p95_ms=888 buffer=23 peak=47 MAX=61 TARGET=48
2026-08-03 18:04:34+05:30 2026-08-03 12:34:34.079 | INFO     | flash_head.src.pipeline.flash_head_pipeline:generate_batch:538 - [generate_batch] GPU_BREAKDOWN denoise=435.4ms decode=15.1ms color+encode=257.5ms total=708.2ms batch_size=1
2026-08-03 18:04:34+05:30 2026-08-03 12:34:34.080 | INFO     | flash_head.src.pipeline.flash_head_pipeline:generate_batch:545 - [generate_batch] DENOISE_STEPS total=435.4ms steps=[s0=101.4 s1=112.7 s2=110.6 s3=110.7] n_steps=4 batch_size=1
2026-08-03 18:04:34+05:30 2026-08-03 12:34:34,323 [INFO] VideoPublisher: VIDEO_PUBLISH_METRICS windowMs=5002 frames=125 effectiveFps=25.0 liveFrames=125 repeatedLiveFrames=0 idleFrames=0 desyncPct=0.0 maxGapMs=45.1 maxCaptureMs=1.1
2026-08-03 18:04:35+05:30 2026-08-03 12:34:35.039 | INFO     | flash_head.src.pipeline.flash_head_pipeline:generate_batch:538 - [generate_batch] GPU_BREAKDOWN denoise=436.1ms decode=15.9ms color+encode=256.9ms total=709.1ms batch_size=1
2026-08-03 18:04:35+05:30 2026-08-03 12:34:35.039 | INFO     | flash_head.src.pipeline.flash_head_pipeline:generate_batch:545 - [generate_batch] DENOISE_STEPS total=436.1ms steps=[s0=102.2 s1=111.7 s2=111.0 s3=111.1] n_steps=4 batch_size=1
2026-08-03 18:04:35+05:30 2026-08-03 12:34:35,157 [INFO] BatchedStreamingEngine: Session 2916efbd-c1c3-4505-97a1-01681c10e70c reactivated (keep_alive)
2026-08-03 18:04:35+05:30 [METRICS] GPU_util=99% GPU_temp=60C GPU_mem=4.0GB/22.0GB (reserved=5.6GB) RSS=11957MB CPU_user=262.3s CPU_sys=24.3s sessions=1 pool=3/3
2026-08-03 18:04:36+05:30 2026-08-03 12:34:36,782 [INFO] streaming.idle_video: [idle] best-match frame 336/375
2026-08-03 18:04:36+05:30 2026-08-03 12:34:36,784 [INFO] streaming.state_manager: [SM] LIVE -> TRANSITION_TO_IDLE (crossfade 8 frames)
2026-08-03 18:04:37+05:30 2026-08-03 12:34:37,077 [INFO] streaming.state_manager: [SM] TRANSITION_TO_IDLE -> IDLE
2026-08-03 18:04:37+05:30 2026-08-03 12:34:37,244 [INFO] batched_stream_processor: BATCHED_DRAIN_COMPLETED session=2916efbd-c1c3-4505-97a1-01681c10e70c cycles=66 elapsed=8731.6ms keep_alive=True
2026-08-03 18:04:39+05:30 2026-08-03 12:34:39,360 [INFO] VideoPublisher: VIDEO_PUBLISH_METRICS windowMs=5036 frames=126 effectiveFps=25.0 liveFrames=48 repeatedLiveFrames=12 idleFrames=66 desyncPct=61.9 maxGapMs=66.4 maxCaptureMs=1.3
2026-08-03 18:04:40+05:30 [METRICS] GPU_util=0% GPU_temp=57C GPU_mem=4.0GB/22.0GB (reserved=5.6GB) RSS=11957MB CPU_user=267.6s CPU_sys=24.5s sessions=1 pool=3/3
2026-08-03 18:04:44+05:30 2026-08-03 12:34:44,402 [INFO] VideoPublisher: VIDEO_PUBLISH_METRICS windowMs=5041 frames=126 effectiveFps=25.0 liveFrames=0 repeatedLiveFrames=0 idleFrames=126 desyncPct=100.0 maxGapMs=42.4 maxCaptureMs=0.8
2026-08-03 18:04:45+05:30 [METRICS] GPU_util=0% GPU_temp=57C GPU_mem=4.0GB/22.0GB (reserved=5.6GB) RSS=11957MB CPU_user=272.9s CPU_sys=24.6s sessions=1 pool=3/3
2026-08-03 18:04:49+05:30 2026-08-03 12:34:49,440 [INFO] VideoPublisher: VIDEO_PUBLISH_METRICS windowMs=5038 frames=126 effectiveFps=25.0 liveFrames=0 repeatedLiveFrames=0 idleFrames=126 desyncPct=100.0 maxGapMs=42.6 maxCaptureMs=0.8
2026-08-03 18:04:50+05:30 [METRICS] GPU_util=0% GPU_temp=56C GPU_mem=4.0GB/22.0GB (reserved=5.6GB) RSS=11957MB CPU_user=278.0s CPU_sys=24.9s sessions=1 pool=3/3
2026-08-03 18:04:54+05:30 2026-08-03 12:34:54,442 [INFO] VideoPublisher: VIDEO_PUBLISH_METRICS windowMs=5002 frames=125 effectiveFps=25.0 liveFrames=0 repeatedLiveFrames=0 idleFrames=125 desyncPct=100.0 maxGapMs=42.9 maxCaptureMs=0.9
2026-08-03 18:04:55+05:30 [METRICS] GPU_util=0% GPU_temp=56C GPU_mem=4.0GB/22.0GB (reserved=5.6GB) RSS=11957MB CPU_user=283.2s CPU_sys=25.2s sessions=1 pool=3/3
2026-08-03 18:04:59+05:30 2026-08-03 12:34:59,479 [INFO] VideoPublisher: VIDEO_PUBLISH_METRICS windowMs=5035 frames=126 effectiveFps=25.0 liveFrames=0 repeatedLiveFrames=0 idleFrames=126 desyncPct=100.0 maxGapMs=44.8 maxCaptureMs=1.2
2026-08-03 18:05:00+05:30 [METRICS] GPU_util=0% GPU_temp=56C GPU_mem=4.0GB/22.0GB (reserved=5.6GB) RSS=11957MB CPU_user=288.6s CPU_sys=25.4s sessions=1 pool=3/3
2026-08-03 18:05:03+05:30 2026-08-03 12:35:03,397 [INFO] streaming.state_manager: [SM] Adaptive caps: p95_ms=888 buffer=23 peak=47 MAX=61 TARGET=48
2026-08-03 18:05:04+05:30 2026-08-03 12:35:04,481 [INFO] VideoPublisher: VIDEO_PUBLISH_METRICS windowMs=5001 frames=125 effectiveFps=25.0 liveFrames=0 repeatedLiveFrames=0 idleFrames=125 desyncPct=100.0 maxGapMs=43.0 maxCaptureMs=0.9
2026-08-03 18:05:05+05:30 [METRICS] GPU_util=0% GPU_temp=56C GPU_mem=4.0GB/22.0GB (reserved=5.6GB) RSS=11957MB CPU_user=293.9s CPU_sys=25.6s sessions=1 pool=3/3
2026-08-03 18:05:09+05:30 2026-08-03 12:35:09,521 [INFO] VideoPublisher: VIDEO_PUBLISH_METRICS windowMs=5039 frames=126 effectiveFps=25.0 liveFrames=0 repeatedLiveFrames=0 idleFrames=126 desyncPct=100.0 maxGapMs=42.9 maxCaptureMs=1.9
2026-08-03 18:05:10+05:30 2026-08-03 12:35:10,167 [INFO] handler: SESSION_END_RECEIVED session=2916efbd-c1c3-4505-97a1-01681c10e70c
2026-08-03 18:05:10+05:30 2026-08-03 12:35:10,167 [INFO] batched_stream_processor: BATCHED_DRAIN_STARTED session=2916efbd-c1c3-4505-97a1-01681c10e70c keep_alive=False
2026-08-03 18:05:10+05:30 2026-08-03 12:35:10,167 [INFO] BatchedStreamingEngine: Session 2916efbd-c1c3-4505-97a1-01681c10e70c marked for drain (keep_alive=False)
2026-08-03 18:05:10+05:30 2026-08-03 12:35:10,169 [INFO] BatchedStreamingEngine: Session 2916efbd-c1c3-4505-97a1-01681c10e70c removed (total=0)
2026-08-03 18:05:10+05:30 CONNECT /ws/2916efbd-c1c3-4505-97a1-01681c10e70c -> 101 Switching Protocols  (duration: 218.1 s, execution: 218.0 s)
2026-08-03 18:05:10+05:30 2026-08-03 12:35:10,268 [INFO] batched_stream_processor: BATCHED_DRAIN_COMPLETED session=2916efbd-c1c3-4505-97a1-01681c10e70c cycles=1 elapsed=101.2ms keep_alive=False
2026-08-03 18:05:10+05:30 2026-08-03 12:35:10,269 [INFO] streaming.websocket_server: Unregistered WebSocket session: 2916efbd-c1c3-4505-97a1-01681c10e70c
2026-08-03 18:05:10+05:30 2026-08-03 12:35:10,533 [INFO] batched_stream_processor: [BATCHED-DIAG] {'event': 'connection_state_changed', 't': 218.623, 'state': '0'}
2026-08-03 18:05:10+05:30 2026-08-03 12:35:10,534 [INFO] batched_stream_processor: [BATCHED-DIAG] {'event': 'disconnected', 't': 218.624, 'state': '0', 'reason': '1'}
2026-08-03 18:05:10+05:30 2026-08-03 12:35:10,536 [INFO] handler: [handler] run_batched_streaming_session() completed in 218626.6ms for 2916efbd-c1c3-4505-97a1-01681c10e70c
2026-08-03 18:05:10+05:30 2026-08-03 12:35:10,537 [INFO] handler: WS_SESSION_ENDED session=2916efbd-c1c3-4505-97a1-01681c10e70c ip=172.20.69.215
2026-08-03 18:05:10+05:30 2026-08-03 12:35:10,537 [INFO] aiohttp.access: 172.20.69.215 [03/Aug/2026:12:31:32 +0000] "GET /ws/2916efbd-c1c3-4505-97a1-01681c10e70c HTTP/1.1" 101 0 "-" "Python/3.12 aiohttp/3.14.3"
2026-08-03 18:05:10+05:30 [METRICS] GPU_util=0% GPU_temp=56C GPU_mem=4.0GB/22.0GB (reserved=5.6GB) RSS=11957MB CPU_user=299.2s CPU_sys=25.9s sessions=0 pool=3/3
2026-08-03 18:05:15+05:30 [METRICS] GPU_util=0% GPU_temp=55C GPU_mem=4.0GB/22.0GB (reserved=5.6GB) RSS=11957MB CPU_user=303.7s CPU_sys=25.9s sessions=0 pool=3/3
2026-08-03 18:05:20+05:30 [METRICS] GPU_util=0% GPU_temp=55C GPU_mem=4.0GB/22.0GB (reserved=5.6GB) RSS=11957MB CPU_user=308.3s CPU_sys=26.0s sessions=0 pool=3/3
2026-08-03 18:05:25+05:30 [METRICS] GPU_util=0% GPU_temp=55C GPU_mem=4.0GB/22.0GB (reserved=5.6GB) RSS=11957MB CPU_user=312.6s CPU_sys=26.1s sessions=0 pool=3/3
2026-08-03 18:05:30+05:30 [METRICS] GPU_util=0% GPU_temp=55C GPU_mem=4.0GB/22.0GB (reserved=5.6GB) RSS=11957MB CPU_user=316.9s CPU_sys=26.1s sessions=0 pool=3/3
2026-08-03 18:05:35+05:30 [METRICS] GPU_util=0% GPU_temp=54C GPU_mem=4.0GB/22.0GB (reserved=5.6GB) RSS=11957MB CPU_user=321.4s CPU_sys=26.2s sessions=0 pool=3/3
