2026-07-29 19:57:55+05:30 Creating GPU memory snapshot for Function.
2026-07-29 19:58:01+05:30 
2026-07-29 19:58:01+05:30 =============
2026-07-29 19:58:01+05:30 == PyTorch ==
2026-07-29 19:58:01+05:30 =============
2026-07-29 19:58:01+05:30 
2026-07-29 19:58:01+05:30 NVIDIA Release 26.02 (build 269443099)
2026-07-29 19:58:01+05:30 PyTorch Version 2.11.0a0+eb65b36
2026-07-29 19:58:01+05:30 Container image Copyright (c) 2025, NVIDIA CORPORATION & AFFILIATES. All rights reserved.
2026-07-29 19:58:01+05:30 Copyright (c) 2014-2024 Facebook Inc.
2026-07-29 19:58:01+05:30 Copyright (c) 2011-2014 Idiap Research Institute (Ronan Collobert)
2026-07-29 19:58:01+05:30 Copyright (c) 2012-2014 Deepmind Technologies    (Koray Kavukcuoglu)
2026-07-29 19:58:01+05:30 Copyright (c) 2011-2012 NEC Laboratories America (Koray Kavukcuoglu)
2026-07-29 19:58:01+05:30 Copyright (c) 2011-2013 NYU                      (Clement Farabet)
2026-07-29 19:58:01+05:30 Copyright (c) 2006-2010 NEC Laboratories America (Ronan Collobert, Leon Bottou, Iain Melvin, Jason Weston)
2026-07-29 19:58:01+05:30 Copyright (c) 2006      Idiap Research Institute (Samy Bengio)
2026-07-29 19:58:01+05:30 Copyright (c) 2001-2004 Idiap Research Institute (Ronan Collobert, Samy Bengio, Johnny Mariethoz)
2026-07-29 19:58:01+05:30 Copyright (c) 2015      Google Inc.
2026-07-29 19:58:01+05:30 Copyright (c) 2015      Yangqing Jia
2026-07-29 19:58:01+05:30 Copyright (c) 2013-2016 The Caffe contributors
2026-07-29 19:58:01+05:30 All rights reserved.
2026-07-29 19:58:01+05:30 
2026-07-29 19:58:01+05:30 Various files include modifications (c) NVIDIA CORPORATION & AFFILIATES.  All rights reserved.
2026-07-29 19:58:01+05:30 
2026-07-29 19:58:01+05:30 GOVERNING TERMS: The software and materials are governed by the NVIDIA Software License Agreement
2026-07-29 19:58:01+05:30 (found at https://www.nvidia.com/en-us/agreements/enterprise-software/nvidia-software-license-agreement/)
2026-07-29 19:58:01+05:30 and the Product-Specific Terms for NVIDIA AI Products
2026-07-29 19:58:01+05:30 (found at https://www.nvidia.com/en-us/agreements/enterprise-software/product-specific-terms-for-ai-products/).
2026-07-29 19:58:02+05:30 
2026-07-29 19:58:02+05:30 WARNING: CUDA Minor Version Compatibility mode ENABLED.
2026-07-29 19:58:02+05:30   Using driver version 580.95.05 which has support for CUDA 13.0.  This container
2026-07-29 19:58:02+05:30   was built with CUDA 13.1 and will be run in Minor Version Compatibility mode.
2026-07-29 19:58:02+05:30   CUDA Forward Compatibility is preferred over Minor Version Compatibility for use
2026-07-29 19:58:02+05:30   with this container but was unavailable:
2026-07-29 19:58:02+05:30   [[]]
2026-07-29 19:58:02+05:30   See https://docs.nvidia.com/deploy/cuda-compatibility/ for details.
2026-07-29 19:58:02+05:30 
2026-07-29 19:58:03+05:30 [SNAP_CREATE] Starting GPU snapshot load
2026-07-29 19:58:07+05:30 [SNAP_CREATE_START] pid=2 cuda_available=True allocated=0 reserved=0 memory_snapshot_segments=0
2026-07-29 19:58:26+05:30 Matplotlib is building the font cache; this may take a moment.
2026-07-29 19:58:28+05:30 [SNAP_CREATE] Loading FlashHead pipeline on GPU...
2026-07-29 19:58:28+05:30 2026-07-29 14:28:28.388 | INFO     | flash_head.inference:get_pipeline:21 - ulysses_degree: 1, ring_degree: 1, device: cuda
2026-07-29 19:58:31+05:30 There are modules in CausalVideoAutoencoder that should be kept in float32: []. Casting directly with `to()` can lead to inconsistent results; set `torch_dtype` in `from_pretrained()` instead to keep these modules in float32.
2026-07-29 19:58:33+05:30 There are modules in WanModelAudioProject that should be kept in float32: []. Casting directly with `to()` can lead to inconsistent results; set `torch_dtype` in `from_pretrained()` instead to keep these modules in float32.
2026-07-29 19:58:35+05:30 Some weights of Wav2Vec2Model were not initialized from the model checkpoint at /app/models/wav2vec2-base-960h and are newly initialized: ['masked_spec_embed']
2026-07-29 19:58:35+05:30 You should probably TRAIN this model on a down-stream task to be able to use it for predictions and inference.
2026-07-29 19:58:35+05:30 2026-07-29 14:28:35.977 | INFO     | flash_head.src.pipeline.flash_head_pipeline:get_cached_lite_components:97 - Cached Lite model components for reuse
2026-07-29 19:58:35+05:30 [SNAP_CREATE] Pipeline loaded in 7588.9ms
2026-07-29 19:58:35+05:30 [SNAP_CREATE_POST_PIPELINE_LOAD] pid=2 cuda_available=True allocated=4294345216 reserved=4578082816 memory_snapshot_segments=0
2026-07-29 19:58:35+05:30 [SNAP_CREATE] Running warmup inference on GPU...
2026-07-29 19:58:37+05:30 2026-07-29 14:28:37.490 | INFO     | flash_head.src.pipeline.flash_head_pipeline:generate:381 - [generate] DENOISE_STEPS total=354.1ms steps=[s0=189.9 s1=55.3 s2=54.5 s3=54.5] n_steps=4
2026-07-29 19:58:37+05:30 [SNAP_CREATE] Warmup completed in 1515.3ms
2026-07-29 19:58:37+05:30 [SNAP_CREATE_POST_WARMUP] pid=2 cuda_available=True allocated=4307258368 reserved=5943328768 memory_snapshot_segments=0
2026-07-29 19:58:37+05:30 [SNAP_CREATE_AFTER_CLEANUP] pid=2 cuda_available=True allocated=4304964608 reserved=4580179968 memory_snapshot_segments=0
2026-07-29 19:58:37+05:30 [SNAP] Resetting signal 11 from <function _crash_handler at 0x2adb86016ca0> to SIG_DFL
2026-07-29 19:58:37+05:30 [SNAP] Resetting signal 6 from <function _crash_handler at 0x2adb86016ca0> to SIG_DFL
2026-07-29 19:58:37+05:30 [SNAP] Resetting signal 7 from <function _crash_handler at 0x2adb86016ca0> to SIG_DFL
2026-07-29 19:58:37+05:30 [SNAP] Resetting signal 8 from <function _crash_handler at 0x2adb86016ca0> to SIG_DFL
2026-07-29 19:58:37+05:30 [SNAP_CREATE] Ready for GPU snapshot (memory optimized)
2026-07-29 19:58:56+05:30 Snapshot created. Restoring Function from memory snapshot.
2026-07-29 19:58:57+05:30 Restoring Function from memory snapshot.
2026-07-29 19:59:00+05:30 [RESTORE] Starting GPU snapshot restore
2026-07-29 19:59:00+05:30 [RESTORE_START] pid=2 cuda_available=True allocated=4304964608 reserved=4580179968 memory_snapshot_segments=0
2026-07-29 19:59:00+05:30 [RESTORE] cuda.is_available=True dist.is_initialized=False
2026-07-29 19:59:00+05:30 [RESTORE] allocated=4304964608 reserved=4580179968 memory_snapshot_segments=0
2026-07-29 19:59:00+05:30 [RESTORE] snap_pipeline exists: device=cuda
2026-07-29 19:59:00+05:30 [RESTORE_FINAL] pid=2 cuda_available=True allocated=4304964608 reserved=4580179968 memory_snapshot_segments=0
2026-07-29 19:59:00+05:30 [RESTORE] GPU snapshot restore complete
2026-07-29 19:59:01+05:30 2026-07-29 14:29:01.465 | INFO     | flash_head.inference:get_pipeline:21 - ulysses_degree: 1, ring_degree: 1, device: cuda
2026-07-29 19:59:01+05:30 2026-07-29 14:29:01.465 | INFO     | flash_head.src.pipeline.flash_head_pipeline:get_cached_lite_components:63 - Reusing cached Lite model components
2026-07-29 19:59:01+05:30 2026-07-29 14:29:01.466 | INFO     | flash_head.inference:get_pipeline:21 - ulysses_degree: 1, ring_degree: 1, device: cuda
2026-07-29 19:59:01+05:30 2026-07-29 14:29:01.466 | INFO     | flash_head.src.pipeline.flash_head_pipeline:get_cached_lite_components:63 - Reusing cached Lite model components
2026-07-29 19:59:01+05:30 2026-07-29 14:29:01.466 | INFO     | flash_head.inference:get_pipeline:21 - ulysses_degree: 1, ring_degree: 1, device: cuda
2026-07-29 19:59:01+05:30 2026-07-29 14:29:01.466 | INFO     | flash_head.src.pipeline.flash_head_pipeline:get_cached_lite_components:63 - Reusing cached Lite model components
2026-07-29 19:59:01+05:30 [SERVE] Starting serve() post-restore
2026-07-29 19:59:01+05:30 2026-07-29 14:29:01,469 [INFO] default_avatar_cache: [default-avatar-cache] Manifest not found at /app/config/default_avatars.manifest.json. Falling back to per-session URL fetch.
2026-07-29 19:59:01+05:30 [modal] Default avatar manifest not found at /app/config/default_avatars.manifest.json - falling back to per-session URL fetch
2026-07-29 19:59:01+05:30 [modal] Default idle cache: cachedIdleVideoCount=0 failed=0
2026-07-29 19:59:01+05:30 [SERVE] Snapshot pipeline in model_pool: current_size=3 available=3
2026-07-29 19:59:01+05:30 2026-07-29 14:29:01,470 [INFO] modal_app: aiohttp background thread started ident=47128615327424
2026-07-29 19:59:01+05:30 2026-07-29 14:29:01,470 [INFO] streaming.websocket_server: Starting WebSocket ingestion server on ws://0.0.0.0:8765
2026-07-29 19:59:01+05:30 2026-07-29 14:29:01,474 [INFO] websockets.server: server listening on 0.0.0.0:8765
2026-07-29 19:59:01+05:30 [SERVE] Models already on GPU from snapshot - marking ready immediately
2026-07-29 19:59:01+05:30 [SERVE_START] pid=2 cuda_available=True allocated=4304964608 reserved=4580179968 memory_snapshot_segments=0
2026-07-29 19:59:02+05:30 [prewarm] Connecting to wss://ai-14ksodzi.livekit.cloud room=prewarm-89a57e64 slot=1/3 attempt=1/required...
2026-07-29 19:59:03+05:30 Nvidia Decoder is supported.
2026-07-29 19:59:03+05:30 2026-07-29 14:29:03,139 [INFO] livekit: livekit_api::signal_client::signal_stream:104:livekit_api::signal_client::signal_stream - connecting to wss://ai-14ksodzi.livekit.cloud/rtc/v1
2026-07-29 19:59:03+05:30 [prewarm] Connected slot=1/3 in 1390.6 ms, adding to pool
2026-07-29 19:59:03+05:30 2026-07-29 14:29:03,616 [INFO] modal_app: aiohttp site started thread=47128615327424 event_loop=47128624628032
2026-07-29 19:59:03+05:30 [prewarm] Connecting to wss://ai-14ksodzi.livekit.cloud room=prewarm-8a75e6e2 slot=2/3 attempt=1/3...
2026-07-29 19:59:03+05:30 [prewarm] Connecting to wss://ai-14ksodzi.livekit.cloud room=prewarm-0a265004 slot=3/3 attempt=1/3...
2026-07-29 19:59:03+05:30 2026-07-29 14:29:03,678 [INFO] aiohttp.access: 172.20.1.183 [29/Jul/2026:14:29:03 +0000] "GET /readyz HTTP/1.1" 200 398 "-" "Mozilla/5.0 (Windows NT; Windows NT 10.0; en-IN) WindowsPowerShell/5.1.26100.7705"
2026-07-29 19:59:03+05:30 2026-07-29 14:29:03,736 [INFO] livekit: livekit_api::signal_client::signal_stream:104:livekit_api::signal_client::signal_stream - connecting to wss://ai-14ksodzi.livekit.cloud/rtc/v1
2026-07-29 19:59:03+05:30 2026-07-29 14:29:03,738 [INFO] livekit: livekit_api::signal_client::signal_stream:104:livekit_api::signal_client::signal_stream - connecting to wss://ai-14ksodzi.livekit.cloud/rtc/v1
2026-07-29 19:59:03+05:30     GET /readyz -> 200 OK  (duration: 70.0 s, execution: 59.9 ms)
2026-07-29 19:59:04+05:30 [prewarm] Connected slot=3/3 in 463.4 ms, adding to pool
2026-07-29 19:59:04+05:30 [prewarm] Connected slot=2/3 in 512.4 ms, adding to pool
2026-07-29 19:59:04+05:30 [prewarm] Background fill finished: 3/3 rooms connected, 3/3 rooms available
2026-07-29 19:59:34+05:30 2026-07-29 14:29:34,983 [INFO] handler: [claim_room] Claimed room prewarm-89a57e64 for new session
2026-07-29 19:59:34+05:30 2026-07-29 14:29:34,984 [INFO] aiohttp.access: 172.20.1.183 [29/Jul/2026:14:29:34 +0000] "POST /room/claim HTTP/1.1" 200 965 "-" "node"
2026-07-29 19:59:35+05:30 2026-07-29 14:29:35,045 [INFO] livekit: livekit::room:1687:livekit::room - disconnected from room with reason: ClientInitiated
2026-07-29 19:59:35+05:30    POST /room/claim -> 200 OK  (duration: 86.5 ms, execution: 34.9 ms)
2026-07-29 19:59:42+05:30 Restoring Function from memory snapshot.
2026-07-29 19:59:56+05:30 [RESTORE] Starting GPU snapshot restore
2026-07-29 19:59:56+05:30 [RESTORE_START] pid=2 cuda_available=True allocated=4304964608 reserved=4580179968 memory_snapshot_segments=0
2026-07-29 19:59:56+05:30 [RESTORE] cuda.is_available=True dist.is_initialized=False
2026-07-29 19:59:56+05:30 [RESTORE] allocated=4304964608 reserved=4580179968 memory_snapshot_segments=0
2026-07-29 19:59:56+05:30 [RESTORE] snap_pipeline exists: device=cuda
2026-07-29 19:59:56+05:30 [RESTORE_FINAL] pid=2 cuda_available=True allocated=4304964608 reserved=4580179968 memory_snapshot_segments=0
2026-07-29 19:59:56+05:30 [RESTORE] GPU snapshot restore complete
2026-07-29 19:59:57+05:30 2026-07-29 14:29:57.932 | INFO     | flash_head.inference:get_pipeline:21 - ulysses_degree: 1, ring_degree: 1, device: cuda
2026-07-29 19:59:57+05:30 2026-07-29 14:29:57.933 | INFO     | flash_head.src.pipeline.flash_head_pipeline:get_cached_lite_components:63 - Reusing cached Lite model components
2026-07-29 19:59:57+05:30 2026-07-29 14:29:57.933 | INFO     | flash_head.inference:get_pipeline:21 - ulysses_degree: 1, ring_degree: 1, device: cuda
2026-07-29 19:59:57+05:30 2026-07-29 14:29:57.933 | INFO     | flash_head.src.pipeline.flash_head_pipeline:get_cached_lite_components:63 - Reusing cached Lite model components
2026-07-29 19:59:57+05:30 2026-07-29 14:29:57.933 | INFO     | flash_head.inference:get_pipeline:21 - ulysses_degree: 1, ring_degree: 1, device: cuda
2026-07-29 19:59:57+05:30 2026-07-29 14:29:57.933 | INFO     | flash_head.src.pipeline.flash_head_pipeline:get_cached_lite_components:63 - Reusing cached Lite model components
2026-07-29 19:59:57+05:30 [SERVE] Starting serve() post-restore
2026-07-29 19:59:57+05:30 2026-07-29 14:29:57,936 [INFO] default_avatar_cache: [default-avatar-cache] Manifest not found at /app/config/default_avatars.manifest.json. Falling back to per-session URL fetch.
2026-07-29 19:59:57+05:30 [modal] Default avatar manifest not found at /app/config/default_avatars.manifest.json - falling back to per-session URL fetch
2026-07-29 19:59:57+05:30 [modal] Default idle cache: cachedIdleVideoCount=0 failed=0
2026-07-29 19:59:57+05:30 [SERVE] Snapshot pipeline in model_pool: current_size=3 available=3
2026-07-29 19:59:57+05:30 2026-07-29 14:29:57,937 [INFO] modal_app: aiohttp background thread started ident=47128615327424
2026-07-29 19:59:57+05:30 2026-07-29 14:29:57,938 [INFO] streaming.websocket_server: Starting WebSocket ingestion server on ws://0.0.0.0:8765
2026-07-29 19:59:57+05:30 2026-07-29 14:29:57,943 [INFO] websockets.server: server listening on 0.0.0.0:8765
2026-07-29 19:59:57+05:30 [SERVE] Models already on GPU from snapshot - marking ready immediately
2026-07-29 19:59:57+05:30 [SERVE_START] pid=2 cuda_available=True allocated=4304964608 reserved=4580179968 memory_snapshot_segments=0
2026-07-29 19:59:58+05:30 [prewarm] Connecting to wss://ai-14ksodzi.livekit.cloud room=prewarm-cbde23db slot=1/3 attempt=1/required...
2026-07-29 19:59:59+05:30 Nvidia Decoder is supported.
2026-07-29 19:59:59+05:30 2026-07-29 14:29:59,192 [INFO] livekit: livekit_api::signal_client::signal_stream:104:livekit_api::signal_client::signal_stream - connecting to wss://ai-14ksodzi.livekit.cloud/rtc/v1
2026-07-29 19:59:59+05:30 [prewarm] Connected slot=1/3 in 858.1 ms, adding to pool
2026-07-29 19:59:59+05:30 2026-07-29 14:29:59,546 [INFO] modal_app: aiohttp site started thread=47128615327424 event_loop=47128627518144
2026-07-29 19:59:59+05:30 [prewarm] Connecting to wss://ai-14ksodzi.livekit.cloud room=prewarm-073bec16 slot=2/3 attempt=1/3...
2026-07-29 19:59:59+05:30 [prewarm] Connecting to wss://ai-14ksodzi.livekit.cloud room=prewarm-dd2f295d slot=3/3 attempt=1/3...
2026-07-29 19:59:59+05:30 2026-07-29 14:29:59,601 [INFO] livekit: livekit_api::signal_client::signal_stream:104:livekit_api::signal_client::signal_stream - connecting to wss://ai-14ksodzi.livekit.cloud/rtc/v1
2026-07-29 19:59:59+05:30 2026-07-29 14:29:59,606 [INFO] livekit: livekit_api::signal_client::signal_stream:104:livekit_api::signal_client::signal_stream - connecting to wss://ai-14ksodzi.livekit.cloud/rtc/v1
2026-07-29 19:59:59+05:30 2026-07-29 14:29:59,629 [INFO] handler: [pod_session_start] Received session=7116e16a-b7ad-48d5-8da5-11957f30c30d room=prewarm-89a57e64 ingestion=websocket hasIdleAsset=True
2026-07-29 19:59:59+05:30 2026-07-29 14:29:59,630 [INFO] streaming.websocket_server: Registered WebSocket session: 7116e16a-b7ad-48d5-8da5-11957f30c30d
2026-07-29 19:59:59+05:30 2026-07-29 14:29:59,631 [INFO] aiohttp.access: 172.20.1.236 [29/Jul/2026:14:29:59 +0000] "POST /sessions/start HTTP/1.1" 202 308 "-" "node"
2026-07-29 19:59:59+05:30 2026-07-29 14:29:59,632 [INFO] handler: [handler] prewarm_pool.release() took 0.0ms for room prewarm-89a57e64
2026-07-29 19:59:59+05:30 2026-07-29 14:29:59,633 [INFO] stream_processor: [NATIVE-DIAG] threading context: thread_id=47128615327424 thread_name=modal-aiohttp-server event_loop_id=47128627518144 MODAL_RUNTIME=unset
2026-07-29 19:59:59+05:30 2026-07-29 14:29:59,633 [INFO] stream_processor: Connecting to LiveKit room=prewarm-89a57e64 url=wss://ai-14ksodzi.livekit.cloud session=7116e16a-b7ad-48d5-8da5-11957f30c30d
2026-07-29 19:59:59+05:30 2026-07-29 14:29:59,634 [INFO] stream_processor: [NATIVE-DIAG] room.connect() attempt 1/3 starting | RoomOptions: auto_subscribe=True single_peer_connection=True connect_timeout=45.0 | url=wss://ai-14ksodzi.livekit.cloud
2026-07-29 19:59:59+05:30 2026-07-29 14:29:59,645 [INFO] handler: WS_REQUEST_RECEIVED session=7116e16a-b7ad-48d5-8da5-11957f30c30d origin= ip=172.20.1.236
2026-07-29 19:59:59+05:30 2026-07-29 14:29:59,646 [INFO] handler: WS_CONNECT session=7116e16a-b7ad-48d5-8da5-11957f30c30d origin= ip=172.20.1.236 handlerMs=1.1
2026-07-29 19:59:59+05:30 2026-07-29 14:29:59,672 [INFO] livekit: livekit_api::signal_client::signal_stream:104:livekit_api::signal_client::signal_stream - connecting to wss://ai-14ksodzi.livekit.cloud/rtc/v1
2026-07-29 19:59:59+05:30    POST /sessions/start -> 202 Accepted  (duration: 22.5 s, execution: 92.5 ms)
2026-07-29 19:59:59+05:30 [prewarm] Connected slot=3/3 in 262.5 ms, adding to pool
2026-07-29 19:59:59+05:30 [prewarm] Connected slot=2/3 in 299.2 ms, adding to pool
2026-07-29 19:59:59+05:30 [prewarm] Background fill finished: 3/3 rooms connected, 3/3 rooms available
2026-07-29 19:59:59+05:30 2026-07-29 14:29:59,885 [INFO] stream_processor: Successfully connected to LiveKit room=prewarm-89a57e64 (attempt 1, 250.7 ms). events=0
2026-07-29 19:59:59+05:30 2026-07-29 14:29:59,885 [INFO] stream_processor: [NATIVE-DIAG] post-connect state: connection_state=1 local_participant_identity=aivatar-worker-prewarm-89a57e64
2026-07-29 19:59:59+05:30 2026-07-29 14:29:59,887 [INFO] streaming.idle_video: Downloading idle video asset
2026-07-29 19:59:59+05:30 2026-07-29 14:29:59,889 [INFO] stream_processor: [NATIVE-DIAG] {'event': 'connection_state_changed', 't': 0.256, 'state': '1'}
2026-07-29 20:00:00+05:30 2026-07-29 14:30:00,205 [INFO] stream_processor: [NATIVE-DIAG] {'event': 'participant_connected', 't': 0.572, 'identity': 'viewer-prewarm-89a57e64'}
2026-07-29 20:00:00+05:30 2026-07-29 14:30:00,230 [INFO] streaming.idle_video: Loading idle video frames from /tmp/tmpwl5b1qpx.mp4
2026-07-29 20:00:00+05:30 2026-07-29 14:30:00,996 [INFO] streaming.idle_video: Loaded 375 frames for idle loop
2026-07-29 20:00:01+05:30 2026-07-29 14:30:01,000 [INFO] VideoPublisher: [VP-DIAG] First non-None frame received after 0 None ticks (~0.0s). Creating track...
2026-07-29 20:00:01+05:30 2026-07-29 14:30:01,000 [INFO] VideoPublisher: [VP-DIAG] Creating video track 512x512
2026-07-29 20:00:01+05:30 2026-07-29 14:30:01,002 [INFO] VideoPublisher: [VP-DIAG] Calling publish_track()...
2026-07-29 20:00:01+05:30 2026-07-29 14:30:01,018 [INFO] VideoPublisher: [VP-DIAG] publish_track() completed in 15.8 ms
2026-07-29 20:00:01+05:30 2026-07-29 14:30:01,026 [INFO] stream_processor: [NATIVE-DIAG] {'event': 'local_track_published', 't': 1.392, 'sid': 'TR_VCDxQAp6wCTYrM', 'kind': 2}
2026-07-29 20:00:01+05:30 2026-07-29 14:30:01,026 [INFO] stream_processor: IDLE_TRACK_PUBLISHED session=7116e16a-b7ad-48d5-8da5-11957f30c30d room=prewarm-89a57e64
2026-07-29 20:00:01+05:30 2026-07-29 14:30:01,354 [INFO] livekit: livekit::room::e2ee::manager:179:livekit::room::e2ee::manager - packet_trailer not enabled for published track TR_VCDxQAp6wCTYrM from aivatar-worker-prewarm-89a57e64
2026-07-29 20:00:01+05:30 2026-07-29 14:30:01,359 [INFO] livekit: livekit::rtc_engine::peer_transport:447:livekit::rtc_engine::peer_transport - Applying x-google-start-bitrate=2700 kbps (ultimate_bps=Some(3000000))
2026-07-29 20:00:01+05:30 2026-07-29 14:30:01,360 [INFO] livekit: livekit::rtc_engine::peer_transport:455:livekit::rtc_engine::peer_transport - SDP munged successfully for video codec
2026-07-29 20:00:01+05:30 2026-07-29 14:30:01,654 [INFO] stream_processor: Prepared avatar for session=7116e16a-b7ad-48d5-8da5-11957f30c30d source=https://avatars.facemode.io/avatars/default/realism/62f93e79-5791-4921-91e6-e6c352183c72.png in 627.1 ms
2026-07-29 20:00:03+05:30 [OpenH264] this = 0x0x2adfa408c470, Warning:Actual input framerate 0.000000 is different from framerate in setting 25.000000, suggest to use other rate control modes
2026-07-29 20:00:04+05:30 2026-07-29 14:30:04,764 [INFO] stream_processor: [NATIVE-DIAG] {'event': 'quality_changed', 't': 5.131, 'participant': 'aivatar-worker-prewarm-89a57e64', 'quality': '2'}
2026-07-29 20:00:06+05:30 2026-07-29 14:30:06,004 [INFO] VideoPublisher: VIDEO_PUBLISH_METRICS windowMs=5006 frames=126 effectiveFps=25.2 liveFrames=0 repeatedLiveFrames=0 idleFrames=126 maxGapMs=56.8 maxCaptureMs=1.4
2026-07-29 20:00:07+05:30 2026-07-29 14:30:07,295 [INFO] FlashHeadStreamingEngine: ENGINE_METRICS windowMs=6268 inputSamples=1600 inputRateHz=255 pendingSamples=1600 pendingSeconds=0.10 slices=0 avgInferenceMs=0.0 maxInferenceMs=0.0 frameQueue=0 audioQueue=0
2026-07-29 20:00:07+05:30 2026-07-29 14:30:07,924 [WARNING] VideoPublisher: VIDEO_PUBLISH_GAP gapMs=160.4 targetFps=25 frameSource=idle
2026-07-29 20:00:08+05:30 2026-07-29 14:30:08,209 [WARNING] VideoPublisher: VIDEO_PUBLISH_GAP gapMs=108.0 targetFps=25 frameSource=idle
2026-07-29 20:00:08+05:30 2026-07-29 14:30:08.735 | INFO     | flash_head.src.pipeline.flash_head_pipeline:generate:381 - [generate] DENOISE_STEPS total=826.2ms steps=[s0=623.7 s1=72.6 s2=66.8 s3=63.1] n_steps=4
2026-07-29 20:00:08+05:30 2026-07-29 14:30:08,766 [INFO] AudioPublisher: [AP-DIAG] Calling publish_track()...
2026-07-29 20:00:08+05:30 2026-07-29 14:30:08,783 [INFO] AudioPublisher: [AP-DIAG] publish_track() completed in 17.2 ms (16000 Hz, 1 ch)
2026-07-29 20:00:08+05:30 2026-07-29 14:30:08,787 [INFO] stream_processor: [NATIVE-DIAG] {'event': 'local_track_published', 't': 9.154, 'sid': 'TR_AMHtdmofHqZyh4', 'kind': 1}
2026-07-29 20:00:08+05:30 2026-07-29 14:30:08,795 [INFO] livekit: livekit::rtc_engine::peer_transport:447:livekit::rtc_engine::peer_transport - Applying x-google-start-bitrate=2700 kbps (ultimate_bps=Some(3000000))
2026-07-29 20:00:08+05:30 2026-07-29 14:30:08,801 [INFO] streaming.state_manager: [SM] IDLE -> TRANSITION_TO_LIVE (crossfade 8 frames, queue=24)
2026-07-29 20:00:09+05:30 2026-07-29 14:30:09,119 [INFO] streaming.state_manager: [SM] TRANSITION_TO_LIVE -> LIVE
2026-07-29 20:00:09+05:30 2026-07-29 14:30:09.274 | INFO     | flash_head.src.pipeline.flash_head_pipeline:generate:381 - [generate] DENOISE_STEPS total=270.8ms steps=[s0=67.2 s1=74.2 s2=62.7 s3=66.7] n_steps=4
2026-07-29 20:00:10+05:30 2026-07-29 14:30:10.179 | INFO     | flash_head.src.pipeline.flash_head_pipeline:generate:381 - [generate] DENOISE_STEPS total=293.6ms steps=[s0=74.3 s1=61.2 s2=89.5 s3=68.6] n_steps=4
2026-07-29 20:00:11+05:30 2026-07-29 14:30:11,044 [INFO] VideoPublisher: VIDEO_PUBLISH_METRICS windowMs=5039 frames=126 effectiveFps=25.0 liveFrames=49 repeatedLiveFrames=0 idleFrames=77 maxGapMs=160.4 maxCaptureMs=22.1
2026-07-29 20:00:11+05:30 2026-07-29 14:30:11.063 | INFO     | flash_head.src.pipeline.flash_head_pipeline:generate:381 - [generate] DENOISE_STEPS total=258.8ms steps=[s0=67.6 s1=62.1 s2=65.0 s3=64.1] n_steps=4
2026-07-29 20:00:11+05:30 2026-07-29 14:30:11,120 [INFO] streaming.state_manager: [SM] Dropped 8 stale frames to protect A/V sync (qsize now 30)
2026-07-29 20:00:12+05:30 2026-07-29 14:30:12.032 | INFO     | flash_head.src.pipeline.flash_head_pipeline:generate:381 - [generate] DENOISE_STEPS total=263.7ms steps=[s0=68.8 s1=66.2 s2=63.4 s3=65.3] n_steps=4
2026-07-29 20:00:12+05:30 2026-07-29 14:30:12,329 [INFO] FlashHeadStreamingEngine: ENGINE_METRICS windowMs=5034 inputSamples=177600 inputRateHz=35277 pendingSamples=102400 pendingSeconds=6.40 slices=5 avgInferenceMs=493.2 maxInferenceMs=954.0 frameQueue=24 audioQueue=0
2026-07-29 20:00:12+05:30 2026-07-29 14:30:12.988 | INFO     | flash_head.src.pipeline.flash_head_pipeline:generate:381 - [generate] DENOISE_STEPS total=261.0ms steps=[s0=65.5 s1=68.1 s2=62.6 s3=64.9] n_steps=4
2026-07-29 20:00:14+05:30 2026-07-29 14:30:14.013 | INFO     | flash_head.src.pipeline.flash_head_pipeline:generate:381 - [generate] DENOISE_STEPS total=265.0ms steps=[s0=66.1 s1=68.6 s2=65.3 s3=64.9] n_steps=4
2026-07-29 20:00:14+05:30 2026-07-29 14:30:14.944 | INFO     | flash_head.src.pipeline.flash_head_pipeline:generate:381 - [generate] DENOISE_STEPS total=282.3ms steps=[s0=65.2 s1=64.7 s2=85.7 s3=66.6] n_steps=4
2026-07-29 20:00:15+05:30 2026-07-29 14:30:15.875 | INFO     | flash_head.src.pipeline.flash_head_pipeline:generate:381 - [generate] DENOISE_STEPS total=259.8ms steps=[s0=68.0 s1=63.5 s2=62.0 s3=66.3] n_steps=4
2026-07-29 20:00:15+05:30 2026-07-29 14:30:15,913 [INFO] handler: UTTERANCE_END_RECEIVED session=7116e16a-b7ad-48d5-8da5-11957f30c30d
2026-07-29 20:00:15+05:30 2026-07-29 14:30:15,913 [INFO] stream_processor: UTTERANCE_DRAIN_STARTED session=7116e16a-b7ad-48d5-8da5-11957f30c30d
2026-07-29 20:00:16+05:30 2026-07-29 14:30:16,084 [INFO] VideoPublisher: VIDEO_PUBLISH_METRICS windowMs=5040 frames=126 effectiveFps=25.0 liveFrames=126 repeatedLiveFrames=0 idleFrames=0 maxGapMs=43.6 maxCaptureMs=1.1
2026-07-29 20:00:16+05:30 2026-07-29 14:30:16.827 | INFO     | flash_head.src.pipeline.flash_head_pipeline:generate:381 - [generate] DENOISE_STEPS total=254.8ms steps=[s0=65.7 s1=62.7 s2=60.5 s3=65.8] n_steps=4
2026-07-29 20:00:17+05:30 2026-07-29 14:30:17.894 | INFO     | flash_head.src.pipeline.flash_head_pipeline:generate:381 - [generate] DENOISE_STEPS total=338.8ms steps=[s0=96.1 s1=79.6 s2=73.1 s3=90.0] n_steps=4
2026-07-29 20:00:17+05:30 2026-07-29 14:30:17,923 [INFO] FlashHeadStreamingEngine: ENGINE_METRICS windowMs=5593 inputSamples=158037 inputRateHz=28254 pendingSamples=168960 pendingSeconds=10.56 slices=6 avgInferenceMs=377.8 maxInferenceMs=444.2 frameQueue=28 audioQueue=1
2026-07-29 20:00:18+05:30 2026-07-29 14:30:18.803 | INFO     | flash_head.src.pipeline.flash_head_pipeline:generate:381 - [generate] DENOISE_STEPS total=248.2ms steps=[s0=65.6 s1=59.8 s2=64.7 s3=58.1] n_steps=4
2026-07-29 20:00:19+05:30 2026-07-29 14:30:19.734 | INFO     | flash_head.src.pipeline.flash_head_pipeline:generate:381 - [generate] DENOISE_STEPS total=261.8ms steps=[s0=69.1 s1=70.0 s2=64.1 s3=58.6] n_steps=4
2026-07-29 20:00:20+05:30 2026-07-29 14:30:20.680 | INFO     | flash_head.src.pipeline.flash_head_pipeline:generate:381 - [generate] DENOISE_STEPS total=258.8ms steps=[s0=61.2 s1=64.3 s2=65.2 s3=68.2] n_steps=4
2026-07-29 20:00:21+05:30 2026-07-29 14:30:21,123 [INFO] VideoPublisher: VIDEO_PUBLISH_METRICS windowMs=5038 frames=126 effectiveFps=25.0 liveFrames=126 repeatedLiveFrames=0 idleFrames=0 maxGapMs=45.8 maxCaptureMs=2.7
2026-07-29 20:00:21+05:30 2026-07-29 14:30:21.637 | INFO     | flash_head.src.pipeline.flash_head_pipeline:generate:381 - [generate] DENOISE_STEPS total=247.5ms steps=[s0=61.6 s1=63.0 s2=62.1 s3=60.9] n_steps=4
2026-07-29 20:00:22+05:30 2026-07-29 14:30:22.596 | INFO     | flash_head.src.pipeline.flash_head_pipeline:generate:381 - [generate] DENOISE_STEPS total=251.3ms steps=[s0=63.1 s1=63.4 s2=60.0 s3=64.8] n_steps=4
2026-07-29 20:00:23+05:30 2026-07-29 14:30:23.559 | INFO     | flash_head.src.pipeline.flash_head_pipeline:generate:381 - [generate] DENOISE_STEPS total=253.1ms steps=[s0=63.4 s1=63.6 s2=66.5 s3=59.5] n_steps=4
2026-07-29 20:00:23+05:30 2026-07-29 14:30:23,588 [INFO] FlashHeadStreamingEngine: ENGINE_METRICS windowMs=5665 inputSamples=0 inputRateHz=0 pendingSamples=76800 pendingSeconds=4.80 slices=6 avgInferenceMs=354.4 maxInferenceMs=378.6 frameQueue=31 audioQueue=1
2026-07-29 20:00:24+05:30 2026-07-29 14:30:24.526 | INFO     | flash_head.src.pipeline.flash_head_pipeline:generate:381 - [generate] DENOISE_STEPS total=255.1ms steps=[s0=62.4 s1=63.7 s2=60.6 s3=68.4] n_steps=4
2026-07-29 20:00:25+05:30 2026-07-29 14:30:25.476 | INFO     | flash_head.src.pipeline.flash_head_pipeline:generate:381 - [generate] DENOISE_STEPS total=247.7ms steps=[s0=59.9 s1=63.9 s2=59.8 s3=64.1] n_steps=4
2026-07-29 20:00:26+05:30 2026-07-29 14:30:26,124 [INFO] VideoPublisher: VIDEO_PUBLISH_METRICS windowMs=5001 frames=125 effectiveFps=25.0 liveFrames=125 repeatedLiveFrames=0 idleFrames=0 maxGapMs=49.8 maxCaptureMs=1.2
2026-07-29 20:00:26+05:30 2026-07-29 14:30:26.439 | INFO     | flash_head.src.pipeline.flash_head_pipeline:generate:381 - [generate] DENOISE_STEPS total=249.7ms steps=[s0=60.2 s1=64.1 s2=61.8 s3=63.6] n_steps=4
2026-07-29 20:00:27+05:30 2026-07-29 14:30:27.398 | INFO     | flash_head.src.pipeline.flash_head_pipeline:generate:381 - [generate] DENOISE_STEPS total=248.4ms steps=[s0=61.7 s1=64.2 s2=62.7 s3=59.8] n_steps=4
2026-07-29 20:00:28+05:30 2026-07-29 14:30:28.360 | INFO     | flash_head.src.pipeline.flash_head_pipeline:generate:381 - [generate] DENOISE_STEPS total=246.9ms steps=[s0=63.2 s1=60.2 s2=62.5 s3=60.9] n_steps=4
2026-07-29 20:00:30+05:30 2026-07-29 14:30:30,123 [INFO] streaming.state_manager: [SM] LIVE -> TRANSITION_TO_IDLE (crossfade 8 frames)
2026-07-29 20:00:30+05:30 2026-07-29 14:30:30,439 [INFO] streaming.state_manager: [SM] TRANSITION_TO_IDLE -> IDLE
2026-07-29 20:00:30+05:30 2026-07-29 14:30:30,579 [INFO] stream_processor: UTTERANCE_DRAIN_COMPLETED session=7116e16a-b7ad-48d5-8da5-11957f30c30d cycles=14 elapsed=14665.5ms
2026-07-29 20:00:31+05:30 2026-07-29 14:30:31,164 [INFO] VideoPublisher: VIDEO_PUBLISH_METRICS windowMs=5039 frames=126 effectiveFps=25.0 liveFrames=87 repeatedLiveFrames=12 idleFrames=27 maxGapMs=43.9 maxCaptureMs=1.0
2026-07-29 20:00:34+05:30 2026-07-29 14:30:34,619 [INFO] FlashHeadStreamingEngine: ENGINE_METRICS windowMs=11031 inputSamples=1600 inputRateHz=145 pendingSamples=1600 pendingSeconds=0.10 slices=5 avgInferenceMs=343.1 maxInferenceMs=351.2 frameQueue=0 audioQueue=0
2026-07-29 20:00:35+05:30 2026-07-29 14:30:35.427 | INFO     | flash_head.src.pipeline.flash_head_pipeline:generate:381 - [generate] DENOISE_STEPS total=260.6ms steps=[s0=67.5 s1=62.3 s2=64.9 s3=65.8] n_steps=4
2026-07-29 20:00:35+05:30 2026-07-29 14:30:35,480 [INFO] streaming.state_manager: [SM] IDLE -> TRANSITION_TO_LIVE (crossfade 8 frames, queue=24)
2026-07-29 20:00:35+05:30 2026-07-29 14:30:35,800 [INFO] streaming.state_manager: [SM] TRANSITION_TO_LIVE -> LIVE
2026-07-29 20:00:36+05:30 2026-07-29 14:30:36,203 [INFO] VideoPublisher: VIDEO_PUBLISH_METRICS windowMs=5038 frames=126 effectiveFps=25.0 liveFrames=11 repeatedLiveFrames=0 idleFrames=115 maxGapMs=42.7 maxCaptureMs=1.4
2026-07-29 20:00:36+05:30 2026-07-29 14:30:36.424 | INFO     | flash_head.src.pipeline.flash_head_pipeline:generate:381 - [generate] DENOISE_STEPS total=275.0ms steps=[s0=66.1 s1=73.0 s2=62.9 s3=73.0] n_steps=4
2026-07-29 20:00:37+05:30 2026-07-29 14:30:37.376 | INFO     | flash_head.src.pipeline.flash_head_pipeline:generate:381 - [generate] DENOISE_STEPS total=285.5ms steps=[s0=71.5 s1=65.1 s2=87.1 s3=61.8] n_steps=4
2026-07-29 20:00:38+05:30 2026-07-29 14:30:38.312 | INFO     | flash_head.src.pipeline.flash_head_pipeline:generate:381 - [generate] DENOISE_STEPS total=260.3ms steps=[s0=67.2 s1=62.5 s2=63.3 s3=67.2] n_steps=4
2026-07-29 20:00:39+05:30 2026-07-29 14:30:39.275 | INFO     | flash_head.src.pipeline.flash_head_pipeline:generate:381 - [generate] DENOISE_STEPS total=258.6ms steps=[s0=64.5 s1=66.3 s2=63.1 s3=64.8] n_steps=4
2026-07-29 20:00:39+05:30 2026-07-29 14:30:39,625 [INFO] FlashHeadStreamingEngine: ENGINE_METRICS windowMs=5006 inputSamples=176000 inputRateHz=35159 pendingSamples=100800 pendingSeconds=6.30 slices=5 avgInferenceMs=365.8 maxInferenceMs=386.7 frameQueue=17 audioQueue=0
2026-07-29 20:00:40+05:30 2026-07-29 14:30:40.239 | INFO     | flash_head.src.pipeline.flash_head_pipeline:generate:381 - [generate] DENOISE_STEPS total=262.7ms steps=[s0=75.5 s1=64.2 s2=62.2 s3=60.9] n_steps=4
2026-07-29 20:00:41+05:30 2026-07-29 14:30:41,203 [INFO] VideoPublisher: VIDEO_PUBLISH_METRICS windowMs=5000 frames=125 effectiveFps=25.0 liveFrames=125 repeatedLiveFrames=0 idleFrames=0 maxGapMs=52.7 maxCaptureMs=2.6
2026-07-29 20:00:41+05:30 2026-07-29 14:30:41.237 | INFO     | flash_head.src.pipeline.flash_head_pipeline:generate:381 - [generate] DENOISE_STEPS total=254.8ms steps=[s0=65.3 s1=62.2 s2=63.3 s3=64.0] n_steps=4
2026-07-29 20:00:42+05:30 2026-07-29 14:30:42.171 | INFO     | flash_head.src.pipeline.flash_head_pipeline:generate:381 - [generate] DENOISE_STEPS total=263.8ms steps=[s0=66.2 s1=65.5 s2=63.6 s3=68.4] n_steps=4
2026-07-29 20:00:42+05:30 2026-07-29 14:30:42,803 [INFO] handler: UTTERANCE_END_RECEIVED session=7116e16a-b7ad-48d5-8da5-11957f30c30d
2026-07-29 20:00:43+05:30 2026-07-29 14:30:43.135 | INFO     | flash_head.src.pipeline.flash_head_pipeline:generate:381 - [generate] DENOISE_STEPS total=262.7ms steps=[s0=72.9 s1=62.2 s2=67.1 s3=60.5] n_steps=4
2026-07-29 20:00:43+05:30 2026-07-29 14:30:43,170 [INFO] stream_processor: UTTERANCE_DRAIN_STARTED session=7116e16a-b7ad-48d5-8da5-11957f30c30d
2026-07-29 20:00:44+05:30 2026-07-29 14:30:44.076 | INFO     | flash_head.src.pipeline.flash_head_pipeline:generate:381 - [generate] DENOISE_STEPS total=254.8ms steps=[s0=67.8 s1=63.6 s2=60.5 s3=62.9] n_steps=4
2026-07-29 20:00:45+05:30 2026-07-29 14:30:45.055 | INFO     | flash_head.src.pipeline.flash_head_pipeline:generate:381 - [generate] DENOISE_STEPS total=267.8ms steps=[s0=78.8 s1=66.7 s2=61.8 s3=60.5] n_steps=4
2026-07-29 20:00:45+05:30 2026-07-29 14:30:45,084 [INFO] FlashHeadStreamingEngine: ENGINE_METRICS windowMs=5458 inputSamples=144619 inputRateHz=26495 pendingSamples=153600 pendingSeconds=9.60 slices=6 avgInferenceMs=362.7 maxInferenceMs=381.5 frameQueue=24 audioQueue=1
2026-07-29 20:00:46+05:30 2026-07-29 14:30:46.041 | INFO     | flash_head.src.pipeline.flash_head_pipeline:generate:381 - [generate] DENOISE_STEPS total=252.3ms steps=[s0=65.6 s1=65.8 s2=62.3 s3=58.5] n_steps=4
2026-07-29 20:00:46+05:30 2026-07-29 14:30:46,243 [INFO] VideoPublisher: VIDEO_PUBLISH_METRICS windowMs=5039 frames=126 effectiveFps=25.0 liveFrames=126 repeatedLiveFrames=0 idleFrames=0 maxGapMs=43.5 maxCaptureMs=1.0
2026-07-29 20:00:46+05:30 2026-07-29 14:30:46.952 | INFO     | flash_head.src.pipeline.flash_head_pipeline:generate:381 - [generate] DENOISE_STEPS total=247.6ms steps=[s0=60.5 s1=62.8 s2=60.7 s3=63.6] n_steps=4
2026-07-29 20:00:47+05:30 2026-07-29 14:30:47.920 | INFO     | flash_head.src.pipeline.flash_head_pipeline:generate:381 - [generate] DENOISE_STEPS total=255.7ms steps=[s0=60.7 s1=64.2 s2=59.8 s3=71.0] n_steps=4
2026-07-29 20:00:48+05:30 2026-07-29 14:30:48.875 | INFO     | flash_head.src.pipeline.flash_head_pipeline:generate:381 - [generate] DENOISE_STEPS total=249.8ms steps=[s0=68.4 s1=61.7 s2=59.3 s3=60.5] n_steps=4
2026-07-29 20:00:49+05:30 2026-07-29 14:30:49.870 | INFO     | flash_head.src.pipeline.flash_head_pipeline:generate:381 - [generate] DENOISE_STEPS total=284.8ms steps=[s0=63.8 s1=63.3 s2=58.6 s3=99.0] n_steps=4
2026-07-29 20:00:50+05:30 2026-07-29 14:30:50.790 | INFO     | flash_head.src.pipeline.flash_head_pipeline:generate:381 - [generate] DENOISE_STEPS total=243.8ms steps=[s0=60.2 s1=63.3 s2=59.4 s3=61.0] n_steps=4
2026-07-29 20:00:50+05:30 2026-07-29 14:30:50,821 [INFO] FlashHeadStreamingEngine: ENGINE_METRICS windowMs=5737 inputSamples=0 inputRateHz=0 pendingSamples=61440 pendingSeconds=3.84 slices=6 avgInferenceMs=353.9 maxInferenceMs=379.4 frameQueue=25 audioQueue=1
2026-07-29 20:00:51+05:30 2026-07-29 14:30:51,243 [INFO] VideoPublisher: VIDEO_PUBLISH_METRICS windowMs=5000 frames=125 effectiveFps=25.0 liveFrames=125 repeatedLiveFrames=0 idleFrames=0 maxGapMs=45.4 maxCaptureMs=1.5
2026-07-29 20:00:51+05:30 2026-07-29 14:30:51.753 | INFO     | flash_head.src.pipeline.flash_head_pipeline:generate:381 - [generate] DENOISE_STEPS total=245.6ms steps=[s0=60.9 s1=62.0 s2=62.4 s3=60.2] n_steps=4
2026-07-29 20:00:52+05:30 2026-07-29 14:30:52.718 | INFO     | flash_head.src.pipeline.flash_head_pipeline:generate:381 - [generate] DENOISE_STEPS total=250.2ms steps=[s0=60.5 s1=61.9 s2=61.0 s3=66.8] n_steps=4
2026-07-29 20:00:53+05:30 2026-07-29 14:30:53.672 | INFO     | flash_head.src.pipeline.flash_head_pipeline:generate:381 - [generate] DENOISE_STEPS total=243.0ms steps=[s0=62.7 s1=60.7 s2=57.4 s3=62.3] n_steps=4
2026-07-29 20:00:54+05:30 2026-07-29 14:30:54.654 | INFO     | flash_head.src.pipeline.flash_head_pipeline:generate:381 - [generate] DENOISE_STEPS total=257.4ms steps=[s0=66.5 s1=68.0 s2=63.2 s3=59.7] n_steps=4
2026-07-29 20:00:56+05:30 2026-07-29 14:30:56,162 [INFO] streaming.state_manager: [SM] LIVE -> TRANSITION_TO_IDLE (crossfade 8 frames)
2026-07-29 20:00:56+05:30 2026-07-29 14:30:56,281 [INFO] VideoPublisher: VIDEO_PUBLISH_METRICS windowMs=5037 frames=126 effectiveFps=25.0 liveFrames=110 repeatedLiveFrames=12 idleFrames=4 maxGapMs=45.2 maxCaptureMs=0.8
2026-07-29 20:00:56+05:30 2026-07-29 14:30:56,479 [INFO] streaming.state_manager: [SM] TRANSITION_TO_IDLE -> IDLE
2026-07-29 20:00:56+05:30 2026-07-29 14:30:56,619 [INFO] stream_processor: UTTERANCE_DRAIN_COMPLETED session=7116e16a-b7ad-48d5-8da5-11957f30c30d cycles=13 elapsed=13448.2ms
2026-07-29 20:00:58+05:30 2026-07-29 14:30:58,859 [INFO] FlashHeadStreamingEngine: ENGINE_METRICS windowMs=8038 inputSamples=1600 inputRateHz=199 pendingSamples=1600 pendingSeconds=0.10 slices=4 avgInferenceMs=342.7 maxInferenceMs=355.3 frameQueue=0 audioQueue=0
2026-07-29 20:00:59+05:30 2026-07-29 14:30:59,583 [INFO] livekit: livekit::room:1687:livekit::room - disconnected from room with reason: ClientInitiated
2026-07-29 20:00:59+05:30 2026-07-29 14:30:59.726 | INFO     | flash_head.src.pipeline.flash_head_pipeline:generate:381 - [generate] DENOISE_STEPS total=305.9ms steps=[s0=68.4 s1=82.0 s2=65.9 s3=89.6] n_steps=4
2026-07-29 20:00:59+05:30 2026-07-29 14:30:59,759 [INFO] streaming.state_manager: [SM] IDLE -> TRANSITION_TO_LIVE (crossfade 8 frames, queue=24)
2026-07-29 20:01:00+05:30 2026-07-29 14:31:00,079 [INFO] streaming.state_manager: [SM] TRANSITION_TO_LIVE -> LIVE
2026-07-29 20:01:00+05:30 2026-07-29 14:31:00.628 | INFO     | flash_head.src.pipeline.flash_head_pipeline:generate:381 - [generate] DENOISE_STEPS total=257.7ms steps=[s0=66.0 s1=64.6 s2=63.9 s3=63.2] n_steps=4
2026-07-29 20:01:01+05:30 2026-07-29 14:31:01,285 [INFO] VideoPublisher: VIDEO_PUBLISH_METRICS windowMs=5003 frames=125 effectiveFps=25.0 liveFrames=31 repeatedLiveFrames=0 idleFrames=94 maxGapMs=43.7 maxCaptureMs=1.0
2026-07-29 20:01:01+05:30 2026-07-29 14:31:01.615 | INFO     | flash_head.src.pipeline.flash_head_pipeline:generate:381 - [generate] DENOISE_STEPS total=280.3ms steps=[s0=72.0 s1=83.8 s2=62.0 s3=62.3] n_steps=4
2026-07-29 20:01:02+05:30 2026-07-29 14:31:02.553 | INFO     | flash_head.src.pipeline.flash_head_pipeline:generate:381 - [generate] DENOISE_STEPS total=263.0ms steps=[s0=66.7 s1=65.5 s2=64.4 s3=66.4] n_steps=4
2026-07-29 20:01:03+05:30 2026-07-29 14:31:03.519 | INFO     | flash_head.src.pipeline.flash_head_pipeline:generate:381 - [generate] DENOISE_STEPS total=268.4ms steps=[s0=67.8 s1=66.5 s2=64.6 s3=69.5] n_steps=4
2026-07-29 20:01:03+05:30 2026-07-29 14:31:03,876 [INFO] FlashHeadStreamingEngine: ENGINE_METRICS windowMs=5017 inputSamples=174400 inputRateHz=34764 pendingSamples=99200 pendingSeconds=6.20 slices=5 avgInferenceMs=372.6 maxInferenceMs=414.5 frameQueue=18 audioQueue=0
2026-07-29 20:01:04+05:30 2026-07-29 14:31:04.477 | INFO     | flash_head.src.pipeline.flash_head_pipeline:generate:381 - [generate] DENOISE_STEPS total=262.7ms steps=[s0=67.6 s1=65.1 s2=64.0 s3=65.9] n_steps=4
2026-07-29 20:01:05+05:30 2026-07-29 14:31:05.436 | INFO     | flash_head.src.pipeline.flash_head_pipeline:generate:381 - [generate] DENOISE_STEPS total=257.9ms steps=[s0=64.5 s1=64.1 s2=63.5 s3=65.7] n_steps=4
2026-07-29 20:01:06+05:30 2026-07-29 14:31:06,326 [INFO] VideoPublisher: VIDEO_PUBLISH_METRICS windowMs=5041 frames=126 effectiveFps=25.0 liveFrames=126 repeatedLiveFrames=0 idleFrames=0 maxGapMs=43.5 maxCaptureMs=2.9
2026-07-29 20:01:06+05:30 2026-07-29 14:31:06.465 | INFO     | flash_head.src.pipeline.flash_head_pipeline:generate:381 - [generate] DENOISE_STEPS total=263.7ms steps=[s0=68.4 s1=64.4 s2=64.3 s3=66.5] n_steps=4
2026-07-29 20:01:06+05:30 2026-07-29 14:31:06,943 [INFO] handler: UTTERANCE_END_RECEIVED session=7116e16a-b7ad-48d5-8da5-11957f30c30d
2026-07-29 20:01:06+05:30 2026-07-29 14:31:06,943 [INFO] stream_processor: UTTERANCE_DRAIN_STARTED session=7116e16a-b7ad-48d5-8da5-11957f30c30d
2026-07-29 20:01:07+05:30 2026-07-29 14:31:07.349 | INFO     | flash_head.src.pipeline.flash_head_pipeline:generate:381 - [generate] DENOISE_STEPS total=249.1ms steps=[s0=59.4 s1=68.5 s2=58.6 s3=62.7] n_steps=4
2026-07-29 20:01:08+05:30 2026-07-29 14:31:08.307 | INFO     | flash_head.src.pipeline.flash_head_pipeline:generate:381 - [generate] DENOISE_STEPS total=245.9ms steps=[s0=61.7 s1=62.8 s2=59.4 s3=62.0] n_steps=4
2026-07-29 20:01:09+05:30 2026-07-29 14:31:09.264 | INFO     | flash_head.src.pipeline.flash_head_pipeline:generate:381 - [generate] DENOISE_STEPS total=242.6ms steps=[s0=59.7 s1=60.7 s2=60.6 s3=61.5] n_steps=4
2026-07-29 20:01:09+05:30 2026-07-29 14:31:09,294 [INFO] FlashHeadStreamingEngine: ENGINE_METRICS windowMs=5417 inputSamples=142123 inputRateHz=26234 pendingSamples=153600 pendingSeconds=9.60 slices=6 avgInferenceMs=353.4 maxInferenceMs=397.7 frameQueue=26 audioQueue=1
2026-07-29 20:01:09+05:30 2026-07-29 14:31:09,597 [INFO] livekit: livekit::room:1687:livekit::room - disconnected from room with reason: ClientInitiated
2026-07-29 20:01:10+05:30 2026-07-29 14:31:10.231 | INFO     | flash_head.src.pipeline.flash_head_pipeline:generate:381 - [generate] DENOISE_STEPS total=246.9ms steps=[s0=61.0 s1=64.2 s2=59.6 s3=62.1] n_steps=4
2026-07-29 20:01:11+05:30 2026-07-29 14:31:11.319 | INFO     | flash_head.src.pipeline.flash_head_pipeline:generate:381 - [generate] DENOISE_STEPS total=362.3ms steps=[s0=82.4 s1=110.7 s2=78.9 s3=90.4] n_steps=4
2026-07-29 20:01:11+05:30 2026-07-29 14:31:11,372 [INFO] VideoPublisher: VIDEO_PUBLISH_METRICS windowMs=5046 frames=126 effectiveFps=25.0 liveFrames=125 repeatedLiveFrames=1 idleFrames=0 maxGapMs=49.2 maxCaptureMs=3.0
2026-07-29 20:01:12+05:30 2026-07-29 14:31:12.152 | INFO     | flash_head.src.pipeline.flash_head_pipeline:generate:381 - [generate] DENOISE_STEPS total=243.2ms steps=[s0=59.8 s1=61.5 s2=59.9 s3=62.0] n_steps=4
2026-07-29 20:01:13+05:30 2026-07-29 14:31:13.169 | INFO     | flash_head.src.pipeline.flash_head_pipeline:generate:381 - [generate] DENOISE_STEPS total=255.0ms steps=[s0=65.7 s1=60.4 s2=68.7 s3=60.1] n_steps=4
2026-07-29 20:01:14+05:30 2026-07-29 14:31:14.075 | INFO     | flash_head.src.pipeline.flash_head_pipeline:generate:381 - [generate] DENOISE_STEPS total=244.5ms steps=[s0=59.6 s1=62.3 s2=61.3 s3=61.2] n_steps=4
2026-07-29 20:01:15+05:30 2026-07-29 14:31:15.056 | INFO     | flash_head.src.pipeline.flash_head_pipeline:generate:381 - [generate] DENOISE_STEPS total=255.8ms steps=[s0=61.6 s1=69.5 s2=64.5 s3=60.2] n_steps=4
2026-07-29 20:01:15+05:30 2026-07-29 14:31:15,084 [INFO] FlashHeadStreamingEngine: ENGINE_METRICS windowMs=5790 inputSamples=0 inputRateHz=0 pendingSamples=61440 pendingSeconds=3.84 slices=6 avgInferenceMs=368.7 maxInferenceMs=462.2 frameQueue=26 audioQueue=1
2026-07-29 20:01:16+05:30 2026-07-29 14:31:16.005 | INFO     | flash_head.src.pipeline.flash_head_pipeline:generate:381 - [generate] DENOISE_STEPS total=249.1ms steps=[s0=62.1 s1=65.1 s2=61.5 s3=60.4] n_steps=4
2026-07-29 20:01:16+05:30 2026-07-29 14:31:16,403 [INFO] VideoPublisher: VIDEO_PUBLISH_METRICS windowMs=5029 frames=126 effectiveFps=25.1 liveFrames=126 repeatedLiveFrames=0 idleFrames=0 maxGapMs=47.4 maxCaptureMs=1.0
2026-07-29 20:01:16+05:30 2026-07-29 14:31:16.963 | INFO     | flash_head.src.pipeline.flash_head_pipeline:generate:381 - [generate] DENOISE_STEPS total=245.3ms steps=[s0=63.5 s1=58.9 s2=62.1 s3=60.8] n_steps=4
2026-07-29 20:01:17+05:30 2026-07-29 14:31:17.990 | INFO     | flash_head.src.pipeline.flash_head_pipeline:generate:381 - [generate] DENOISE_STEPS total=257.7ms steps=[s0=65.3 s1=61.9 s2=66.6 s3=63.9] n_steps=4
2026-07-29 20:01:18+05:30 2026-07-29 14:31:18.900 | INFO     | flash_head.src.pipeline.flash_head_pipeline:generate:381 - [generate] DENOISE_STEPS total=259.3ms steps=[s0=71.7 s1=63.1 s2=61.5 s3=63.0] n_steps=4
2026-07-29 20:01:20+05:30 2026-07-29 14:31:20,488 [INFO] streaming.state_manager: [SM] LIVE -> TRANSITION_TO_IDLE (crossfade 8 frames)
2026-07-29 20:01:20+05:30 2026-07-29 14:31:20,801 [INFO] streaming.state_manager: [SM] TRANSITION_TO_IDLE -> IDLE
2026-07-29 20:01:20+05:30 2026-07-29 14:31:20,967 [INFO] stream_processor: UTTERANCE_DRAIN_COMPLETED session=7116e16a-b7ad-48d5-8da5-11957f30c30d cycles=14 elapsed=14023.1ms
2026-07-29 20:01:21+05:30 2026-07-29 14:31:21,443 [INFO] VideoPublisher: VIDEO_PUBLISH_METRICS windowMs=5040 frames=126 effectiveFps=25.0 liveFrames=89 repeatedLiveFrames=12 idleFrames=25 maxGapMs=47.4 maxCaptureMs=0.9
2026-07-29 20:01:24+05:30 2026-07-29 14:31:24,909 [INFO] handler: SESSION_END_RECEIVED session=7116e16a-b7ad-48d5-8da5-11957f30c30d
2026-07-29 20:01:24+05:30 2026-07-29 14:31:24,910 [INFO] stream_processor: UTTERANCE_DRAIN_STARTED session=7116e16a-b7ad-48d5-8da5-11957f30c30d
2026-07-29 20:01:24+05:30 2026-07-29 14:31:24,910 [INFO] stream_processor: UTTERANCE_DRAIN_COMPLETED session=7116e16a-b7ad-48d5-8da5-11957f30c30d cycles=1 elapsed=0.2ms
2026-07-29 20:01:24+05:30 2026-07-29 14:31:24,910 [INFO] FlashHeadStreamingEngine: ENGINE_METRICS windowMs=9826 inputSamples=0 inputRateHz=0 pendingSamples=0 pendingSeconds=0.00 slices=4 avgInferenceMs=356.1 maxInferenceMs=386.2 frameQueue=0 audioQueue=0
2026-07-29 20:01:24+05:30 2026-07-29 14:31:24,911 [INFO] FlashHeadStreamingEngine: FlashHeadStreamingEngine closed
2026-07-29 20:01:24+05:30 2026-07-29 14:31:24,912 [INFO] streaming.websocket_server: Unregistered WebSocket session: 7116e16a-b7ad-48d5-8da5-11957f30c30d
2026-07-29 20:01:24+05:30 2026-07-29 14:31:24,930 [INFO] stream_processor: [NATIVE-DIAG] {'event': 'connection_state_changed', 't': 85.296, 'state': '0'}
2026-07-29 20:01:24+05:30 2026-07-29 14:31:24,930 [INFO] stream_processor: [NATIVE-DIAG] {'event': 'disconnected', 't': 85.297, 'state': '0', 'reason': '1'}
2026-07-29 20:01:24+05:30 2026-07-29 14:31:24,932 [INFO] handler: [handler] run_streaming_session() completed in 85299.4ms for 7116e16a-b7ad-48d5-8da5-11957f30c30d
2026-07-29 20:01:24+05:30 2026-07-29 14:31:24,932 [INFO] handler: WS_SESSION_ENDED session=7116e16a-b7ad-48d5-8da5-11957f30c30d ip=172.20.1.236
2026-07-29 20:01:24+05:30 2026-07-29 14:31:24,935 [INFO] aiohttp.access: 172.20.1.236 [29/Jul/2026:14:29:59 +0000] "GET /ws/7116e16a-b7ad-48d5-8da5-11957f30c30d HTTP/1.1" 101 0 "-" "Python/3.12 aiohttp/3.14.3"
2026-07-29 20:01:25+05:30 CONNECT /ws/7116e16a-b7ad-48d5-8da5-11957f30c30d -> 101 Switching Protocols  (duration: 107.8 s, execution: 85.4 s)
