2026-08-01 15:32:56+05:30 Creating GPU memory snapshot for Function.
2026-08-01 15:33:02+05:30 
2026-08-01 15:33:02+05:30 =============
2026-08-01 15:33:02+05:30 == PyTorch ==
2026-08-01 15:33:02+05:30 =============
2026-08-01 15:33:02+05:30 
2026-08-01 15:33:02+05:30 NVIDIA Release 26.05 (build 313520559)
2026-08-01 15:33:02+05:30 PyTorch Version 2.12.0a0+5aff392
2026-08-01 15:33:02+05:30 Container image Copyright (c) 2026, NVIDIA CORPORATION & AFFILIATES. All rights reserved.
2026-08-01 15:33:02+05:30 Copyright (c) 2014-2024 Facebook Inc.
2026-08-01 15:33:02+05:30 Copyright (c) 2011-2014 Idiap Research Institute (Ronan Collobert)
2026-08-01 15:33:02+05:30 Copyright (c) 2012-2014 Deepmind Technologies    (Koray Kavukcuoglu)
2026-08-01 15:33:02+05:30 Copyright (c) 2011-2012 NEC Laboratories America (Koray Kavukcuoglu)
2026-08-01 15:33:02+05:30 Copyright (c) 2011-2013 NYU                      (Clement Farabet)
2026-08-01 15:33:02+05:30 Copyright (c) 2006-2010 NEC Laboratories America (Ronan Collobert, Leon Bottou, Iain Melvin, Jason Weston)
2026-08-01 15:33:02+05:30 Copyright (c) 2006      Idiap Research Institute (Samy Bengio)
2026-08-01 15:33:02+05:30 Copyright (c) 2001-2004 Idiap Research Institute (Ronan Collobert, Samy Bengio, Johnny Mariethoz)
2026-08-01 15:33:02+05:30 Copyright (c) 2015      Google Inc.
2026-08-01 15:33:02+05:30 Copyright (c) 2015      Yangqing Jia
2026-08-01 15:33:02+05:30 Copyright (c) 2013-2016 The Caffe contributors
2026-08-01 15:33:02+05:30 All rights reserved.
2026-08-01 15:33:02+05:30 
2026-08-01 15:33:02+05:30 Various files include modifications (c) NVIDIA CORPORATION & AFFILIATES.  All rights reserved.
2026-08-01 15:33:02+05:30 
2026-08-01 15:33:02+05:30 GOVERNING TERMS: The software and materials are governed by the NVIDIA Software License Agreement
2026-08-01 15:33:02+05:30 (found at https://www.nvidia.com/en-us/agreements/enterprise-software/nvidia-software-license-agreement/)
2026-08-01 15:33:02+05:30 and the Product-Specific Terms for NVIDIA AI Products
2026-08-01 15:33:02+05:30 (found at https://www.nvidia.com/en-us/agreements/enterprise-software/product-specific-terms-for-ai-products/).
2026-08-01 15:33:03+05:30 
2026-08-01 15:33:03+05:30 WARNING: CUDA Minor Version Compatibility mode ENABLED.
2026-08-01 15:33:03+05:30   Using driver version 580.95.05 which has support for CUDA 13.0.  This container
2026-08-01 15:33:03+05:30   was built with CUDA 13.2 and will be run in Minor Version Compatibility mode.
2026-08-01 15:33:03+05:30   CUDA Forward Compatibility is preferred over Minor Version Compatibility for use
2026-08-01 15:33:03+05:30   with this container but was unavailable:
2026-08-01 15:33:03+05:30   [[]]
2026-08-01 15:33:03+05:30   See https://docs.nvidia.com/deploy/cuda-compatibility/ for details.
2026-08-01 15:33:03+05:30 
2026-08-01 15:33:04+05:30 [STRESS] Snapshot load with WORKER_CONCURRENCY=3
2026-08-01 15:33:06+05:30 [SNAP_CREATE_START] pid=2 cuda_available=True allocated=0 reserved=0 memory_snapshot_segments=0
2026-08-01 15:33:14+05:30 W0801 10:03:14.950000 2 torch/utils/_pytree.py:630] <enum 'KernelPreference'> is an Enum subclass and is now natively supported by torch.compile as an opaque value type. Calling register_constant() on Enum subclasses is deprecated and will be an error in a future release.
2026-08-01 15:33:14+05:30 W0801 10:03:14.996000 2 torch/utils/_pytree.py:630] <enum 'ScaleCalculationMode'> is an Enum subclass and is now natively supported by torch.compile as an opaque value type. Calling register_constant() on Enum subclasses is deprecated and will be an error in a future release.
2026-08-01 15:33:15+05:30 Unable to import `torchao` Tensor objects. This may affect loading checkpoints serialized with `torchao`
2026-08-01 15:33:18+05:30 [SNAP_CREATE] flash_attn version: 2.7.4.post1
2026-08-01 15:33:18+05:30 [SNAP_CREATE] flash_attn_interface (FA3) NOT available
2026-08-01 15:33:18+05:30 [SNAP_CREATE] sageattention available
2026-08-01 15:33:18+05:30 [SNAP_CREATE] Loading FlashHead pipeline on GPU...
2026-08-01 15:33:18+05:30 2026-08-01 10:03:18.928 | INFO     | flash_head.inference:get_pipeline:21 - ulysses_degree: 1, ring_degree: 1, device: cuda
2026-08-01 15:33:22+05:30 There are modules in CausalVideoAutoencoder that should be kept in float32: []. Casting directly with `to()` can lead to inconsistent results; set `torch_dtype` in `from_pretrained()` instead to keep these modules in float32.
2026-08-01 15:33:23+05:30 There are modules in WanModelAudioProject that should be kept in float32: []. Casting directly with `to()` can lead to inconsistent results; set `torch_dtype` in `from_pretrained()` instead to keep these modules in float32.
2026-08-01 15:33:25+05:30 Some weights of Wav2Vec2Model were not initialized from the model checkpoint at /app/models/wav2vec2-base-960h and are newly initialized: ['masked_spec_embed']
2026-08-01 15:33:25+05:30 You should probably TRAIN this model on a down-stream task to be able to use it for predictions and inference.
2026-08-01 15:33:25+05:30 2026-08-01 10:03:25.662 | INFO     | flash_head.src.pipeline.flash_head_pipeline:get_cached_lite_components:102 - Cached Lite model components for reuse
2026-08-01 15:33:25+05:30 [SNAP_CREATE] Pipeline loaded in 6734.2ms
2026-08-01 15:33:25+05:30 [SNAP_CREATE_POST_PIPELINE_LOAD] pid=2 cuda_available=True allocated=4294345216 reserved=4578082816 memory_snapshot_segments=0
2026-08-01 15:33:25+05:30 [SNAP_CREATE] Running warmup inference on GPU...
2026-08-01 15:33:28+05:30 2026-08-01 10:03:28.805 | INFO     | flash_head.src.pipeline.flash_head_pipeline:generate:392 - [generate] DENOISE_STEPS total=2123.1ms steps=[s0=1988.9 s1=44.7 s2=44.8 s3=44.6] n_steps=4
2026-08-01 15:33:28+05:30 [SNAP_CREATE] Warmup completed in 3144.5ms
2026-08-01 15:33:28+05:30 [SNAP_CREATE_POST_WARMUP] pid=2 cuda_available=True allocated=4306209792 reserved=5941231616 memory_snapshot_segments=0
2026-08-01 15:33:28+05:30 [SNAP_CREATE] torch.compile state after warmup: is_compiled=False
2026-08-01 15:33:29+05:30 [SNAP_CREATE_AFTER_CLEANUP] pid=2 cuda_available=True allocated=4303916032 reserved=4580179968 memory_snapshot_segments=0
2026-08-01 15:33:29+05:30 [SNAP_PRE_RESET] SIGSEGV handler: <function _crash_handler at 0x2b56a8702c00>
2026-08-01 15:33:29+05:30 [SNAP_PRE_RESET] SIGABRT handler: <function _crash_handler at 0x2b56a8702c00>
2026-08-01 15:33:29+05:30 [SNAP_PRE_RESET] SIGBUS handler: <function _crash_handler at 0x2b56a8702c00>
2026-08-01 15:33:29+05:30 [SNAP_PRE_RESET] SIGFPE handler: <function _crash_handler at 0x2b56a8702c00>
2026-08-01 15:33:29+05:30 [SNAP] Resetting signal 11 from <function _crash_handler at 0x2b56a8702c00> to SIG_DFL
2026-08-01 15:33:29+05:30 [SNAP] Resetting signal 6 from <function _crash_handler at 0x2b56a8702c00> to SIG_DFL
2026-08-01 15:33:29+05:30 [SNAP] Resetting signal 7 from <function _crash_handler at 0x2b56a8702c00> to SIG_DFL
2026-08-01 15:33:29+05:30 [SNAP] Resetting signal 8 from <function _crash_handler at 0x2b56a8702c00> to SIG_DFL
2026-08-01 15:33:29+05:30 [SNAP_POST_RESET] SIGSEGV handler: 0
2026-08-01 15:33:29+05:30 [SNAP_POST_RESET] SIGABRT handler: 0
2026-08-01 15:33:29+05:30 [SNAP_POST_RESET] SIGBUS handler: 0
2026-08-01 15:33:29+05:30 [SNAP_POST_RESET] SIGFPE handler: 0
2026-08-01 15:33:29+05:30 [SNAP_CREATE] Ready for GPU snapshot (memory optimized)
2026-08-01 15:33:44+05:30 Snapshot created. Restoring Function from memory snapshot.
2026-08-01 15:33:45+05:30 Restoring Function from memory snapshot.
2026-08-01 15:33:52+05:30 [RESTORE] Starting GPU snapshot restore
2026-08-01 15:33:52+05:30 [RESTORE_START] pid=2 cuda_available=True allocated=4303916032 reserved=4580179968 memory_snapshot_segments=0
2026-08-01 15:33:52+05:30 [RESTORE] cuda.is_available=True dist.is_initialized=False
2026-08-01 15:33:52+05:30 [RESTORE] allocated=4303916032 reserved=4580179968 memory_snapshot_segments=0
2026-08-01 15:33:52+05:30 [RESTORE] snap_pipeline exists: device=cuda
2026-08-01 15:33:52+05:30 [RESTORE_POST] SIGSEGV handler: 0
2026-08-01 15:33:52+05:30 [RESTORE_POST] SIGABRT handler: 0
2026-08-01 15:33:52+05:30 [RESTORE_POST] SIGBUS handler: 0
2026-08-01 15:33:52+05:30 [RESTORE_POST] SIGFPE handler: 0
2026-08-01 15:33:52+05:30 [RESTORE] torch.compile state: is_compiled=False
2026-08-01 15:33:52+05:30 [RESTORE_FINAL] pid=2 cuda_available=True allocated=4303916032 reserved=4580179968 memory_snapshot_segments=0
2026-08-01 15:33:52+05:30 [RESTORE] GPU snapshot restore complete
2026-08-01 15:33:52+05:30 [SERVE] Starting serve() post-restore (STRESS TEST, concurrency=3)
2026-08-01 15:33:53+05:30 2026-08-01 10:03:53,175 [INFO] handler: Using baked FlashHead checkpoint directory: /app/models/SoulX-FlashHead-1_3B
2026-08-01 15:33:53+05:30 2026-08-01 10:03:53,176 [INFO] utils.model_pool: Initializing FlashHead pool: initial_size=3 max_size=3
2026-08-01 15:33:53+05:30 2026-08-01 10:03:53,176 [INFO] utils.model_pool: Loading pipeline 1/3...
2026-08-01 15:33:53+05:30 2026-08-01 10:03:53.176 | INFO     | flash_head.inference:get_pipeline:21 - ulysses_degree: 1, ring_degree: 1, device: cuda
2026-08-01 15:33:53+05:30 2026-08-01 10:03:53.176 | INFO     | flash_head.src.pipeline.flash_head_pipeline:get_cached_lite_components:68 - Reusing cached Lite model components
2026-08-01 15:33:53+05:30 2026-08-01 10:03:53,176 [INFO] utils.model_pool: Pipeline 1/3 loaded successfully.
2026-08-01 15:33:53+05:30 2026-08-01 10:03:53,176 [INFO] utils.model_pool: Loading pipeline 2/3...
2026-08-01 15:33:53+05:30 2026-08-01 10:03:53.177 | INFO     | flash_head.inference:get_pipeline:21 - ulysses_degree: 1, ring_degree: 1, device: cuda
2026-08-01 15:33:53+05:30 2026-08-01 10:03:53.177 | INFO     | flash_head.src.pipeline.flash_head_pipeline:get_cached_lite_components:68 - Reusing cached Lite model components
2026-08-01 15:33:53+05:30 2026-08-01 10:03:53,177 [INFO] utils.model_pool: Pipeline 2/3 loaded successfully.
2026-08-01 15:33:53+05:30 2026-08-01 10:03:53,177 [INFO] utils.model_pool: Loading pipeline 3/3...
2026-08-01 15:33:53+05:30 2026-08-01 10:03:53.177 | INFO     | flash_head.inference:get_pipeline:21 - ulysses_degree: 1, ring_degree: 1, device: cuda
2026-08-01 15:33:53+05:30 2026-08-01 10:03:53.177 | INFO     | flash_head.src.pipeline.flash_head_pipeline:get_cached_lite_components:68 - Reusing cached Lite model components
2026-08-01 15:33:53+05:30 2026-08-01 10:03:53,177 [INFO] utils.model_pool: Pipeline 3/3 loaded successfully.
2026-08-01 15:33:53+05:30 2026-08-01 10:03:53,177 [INFO] utils.green_context_pool: GreenContextPool: DISABLED via AIVATAR_GREEN_CONTEXT=0
2026-08-01 15:33:53+05:30 2026-08-01 10:03:53,183 [INFO] BatchedStreamingEngine: BatchedStreamingEngine background thread started
2026-08-01 15:33:53+05:30 [STRESS] BatchedStreamingEngine started (wait_window=20ms)
2026-08-01 15:33:53+05:30 [STRESS] /readyz patched: prewarm check relaxed
2026-08-01 15:33:53+05:30 [SERVE_POST_RESTORE] flash_attn version: 2.7.4.post1
2026-08-01 15:33:53+05:30 [SERVE_POST_RESTORE] flash_attn_interface (FA3) NOT available
2026-08-01 15:33:53+05:30 [SERVE_POST_RESTORE] sageattention available
2026-08-01 15:33:53+05:30 2026-08-01 10:03:53,185 [INFO] default_avatar_cache: [default-avatar-cache] Manifest not found at /app/config/default_avatars.manifest.json. Falling back to per-session URL fetch.
2026-08-01 15:33:53+05:30 [modal] Default avatar manifest not found at /app/config/default_avatars.manifest.json - falling back to per-session URL fetch
2026-08-01 15:33:53+05:30 [modal] Default idle cache: cachedIdleVideoCount=0 failed=0
2026-08-01 15:33:53+05:30 [SERVE] Snapshot pipeline in model_pool: current_size=3 available=3
2026-08-01 15:33:53+05:30 2026-08-01 10:03:53,186 [INFO] modal_app_stress: aiohttp background thread started ident=47657405134528
2026-08-01 15:33:53+05:30 2026-08-01 10:03:53,187 [INFO] streaming.websocket_server: Starting WebSocket ingestion server on ws://0.0.0.0:8765
2026-08-01 15:33:53+05:30 2026-08-01 10:03:53,191 [INFO] websockets.server: server listening on 0.0.0.0:8765
2026-08-01 15:33:53+05:30 [SERVE] Models already on GPU from snapshot - marking ready immediately
2026-08-01 15:33:53+05:30 [SERVE_START] pid=2 cuda_available=True allocated=4303916032 reserved=4580179968 memory_snapshot_segments=0
2026-08-01 15:33:53+05:30 [prewarm] Connecting to wss://ai-14ksodzi.livekit.cloud room=prewarm-bf00aee0 slot=1/1 attempt=1/required...
2026-08-01 15:33:54+05:30 Nvidia Decoder is supported.
2026-08-01 15:33:54+05:30 2026-08-01 10:03:54,536 [INFO] livekit: livekit_api::signal_client::signal_stream:104:livekit_api::signal_client::signal_stream - connecting to wss://ai-14ksodzi.livekit.cloud/rtc/v1
2026-08-01 15:33:54+05:30 [prewarm] Connected slot=1/1 in 929.4 ms, adding to pool
2026-08-01 15:33:54+05:30 2026-08-01 10:03:54,809 [INFO] modal_app_stress: aiohttp site started thread=47657405134528 event_loop=47658717251872
2026-08-01 15:33:54+05:30 [STRESS] All 3 pool slots filled from snapshot pipeline. No additional pipelines to load.
2026-08-01 15:33:54+05:30 [STRESS] Prewarm pool size=1. Test script will mint rooms for sessions 2-N.
2026-08-01 15:33:54+05:30 [METRICS] GPU_util=0% GPU_temp=31C GPU_mem=4.0GB/44.4GB (reserved=4.3GB) RSS=12243MB CPU_user=22.8s CPU_sys=4.9s sessions=0 pool=3/3
2026-08-01 15:33:59+05:30 [METRICS] GPU_util=0% GPU_temp=31C GPU_mem=4.0GB/44.4GB (reserved=4.3GB) RSS=12243MB CPU_user=26.5s CPU_sys=5.0s sessions=0 pool=3/3
2026-08-01 15:34:03+05:30 2026-08-01 10:04:03,433 [INFO] aiohttp.access: 172.20.30.101 [01/Aug/2026:10:04:03 +0000] "GET /readyz HTTP/1.1" 200 398 "-" "Python/3.14 aiohttp/3.14.1"
2026-08-01 15:34:03+05:30     GET /readyz -> 200 OK  (duration: 45.2 ms, execution: 12.3 ms)
2026-08-01 15:34:04+05:30 2026-08-01 10:04:04,386 [INFO] handler: [claim_room] Claimed room prewarm-bf00aee0 for new session
2026-08-01 15:34:04+05:30 2026-08-01 10:04:04,386 [INFO] aiohttp.access: 172.20.30.101 [01/Aug/2026:10:04:04 +0000] "POST /room/claim HTTP/1.1" 200 965 "-" "Python/3.14 aiohttp/3.14.1"
2026-08-01 15:34:04+05:30    POST /room/claim -> 200 OK  (duration: 58.6 ms, execution: 19.3 ms)
2026-08-01 15:34:04+05:30 [METRICS] GPU_util=0% GPU_temp=31C GPU_mem=4.0GB/44.4GB (reserved=4.3GB) RSS=12243MB CPU_user=30.2s CPU_sys=5.2s sessions=0 pool=3/3
2026-08-01 15:34:05+05:30 2026-08-01 10:04:05,354 [INFO] handler: [pod_session_start] Received session=conc-test-1-fca5a3 room=prewarm-bf00aee0 ingestion=websocket hasIdleAsset=False
2026-08-01 15:34:05+05:30 2026-08-01 10:04:05,354 [INFO] streaming.websocket_server: Registered WebSocket session: conc-test-1-fca5a3
2026-08-01 15:34:05+05:30 2026-08-01 10:04:05,354 [INFO] aiohttp.access: 172.20.30.101 [01/Aug/2026:10:04:05 +0000] "POST /sessions/start HTTP/1.1" 202 271 "-" "Python/3.14 aiohttp/3.14.1"
2026-08-01 15:34:05+05:30 2026-08-01 10:04:05,355 [INFO] handler: [handler] Reusing pre-warmed LiveKit room prewarm-bf00aee0 connection_state=1 identity=prewarm-prewarm-bf00aee0
2026-08-01 15:34:05+05:30 2026-08-01 10:04:05,355 [INFO] batched_stream_processor: [BATCHED-DIAG] threading context: thread_id=47657405134528 thread_name=modal-aiohttp-server event_loop_id=47658717251872
2026-08-01 15:34:05+05:30 2026-08-01 10:04:05,356 [INFO] batched_stream_processor: Connecting to LiveKit room=prewarm-bf00aee0 url=wss://ai-14ksodzi.livekit.cloud session=conc-test-1-fca5a3
2026-08-01 15:34:05+05:30 2026-08-01 10:04:05,356 [INFO] batched_stream_processor: Reusing pre-connected LiveKit room=prewarm-bf00aee0 session=conc-test-1-fca5a3 connection_state=1
2026-08-01 15:34:05+05:30    POST /sessions/start -> 202 Accepted  (duration: 65.1 ms, execution: 26.8 ms)
2026-08-01 15:34:05+05:30 2026-08-01 10:04:05,625 [INFO] batched_stream_processor: IDLE_FALLBACK_PUBLISHED session=conc-test-1-fca5a3
2026-08-01 15:34:05+05:30 2026-08-01 10:04:05,625 [INFO] batched_stream_processor: Registering session conc-test-1-fca5a3 with BatchedStreamingEngine
2026-08-01 15:34:05+05:30 2026-08-01 10:04:05,627 [INFO] BatchedStreamingEngine: Session conc-test-1-fca5a3 added (total=1)
2026-08-01 15:34:05+05:30 2026-08-01 10:04:05,915 [INFO] batched_stream_processor: Session conc-test-1-fca5a3 registered with engine in 290.0 ms (avatar prepared)
2026-08-01 15:34:05+05:30 2026-08-01 10:04:05,916 [INFO] VideoPublisher: [VP-DIAG] First non-None frame received after 0 None ticks (~0.0s). Creating track...
2026-08-01 15:34:05+05:30 2026-08-01 10:04:05,916 [INFO] VideoPublisher: [VP-DIAG] Creating video track 512x512
2026-08-01 15:34:05+05:30 2026-08-01 10:04:05,919 [INFO] VideoPublisher: [VP-DIAG] Calling publish_track()...
2026-08-01 15:34:05+05:30 2026-08-01 10:04:05,926 [INFO] VideoPublisher: [VP-DIAG] publish_track() completed in 7.1 ms
2026-08-01 15:34:05+05:30 2026-08-01 10:04:05,929 [INFO] livekit: livekit::room::e2ee::manager:179:livekit::room::e2ee::manager - packet_trailer not enabled for published track TR_VCaTo3piBC35Jz from prewarm-prewarm-bf00aee0
2026-08-01 15:34:05+05:30 2026-08-01 10:04:05,932 [INFO] batched_stream_processor: [BATCHED-DIAG] {'event': 'local_track_published', 't': 0.577, 'sid': 'TR_VCaTo3piBC35Jz', 'kind': 2}
2026-08-01 15:34:05+05:30 2026-08-01 10:04:05,933 [INFO] batched_stream_processor: IDLE_TRACK_PUBLISHED session=conc-test-1-fca5a3 room=prewarm-bf00aee0
2026-08-01 15:34:05+05:30 2026-08-01 10:04:05,950 [INFO] livekit: livekit::rtc_engine::peer_transport:447:livekit::rtc_engine::peer_transport - Applying x-google-start-bitrate=2700 kbps (ultimate_bps=Some(3000000))
2026-08-01 15:34:05+05:30 2026-08-01 10:04:05,950 [INFO] livekit: livekit::rtc_engine::peer_transport:455:livekit::rtc_engine::peer_transport - SDP munged successfully for video codec
2026-08-01 15:34:09+05:30 [METRICS] GPU_util=0% GPU_temp=32C GPU_mem=4.0GB/44.4GB (reserved=5.5GB) RSS=12243MB CPU_user=34.7s CPU_sys=5.7s sessions=1 pool=3/3
2026-08-01 15:34:10+05:30 2026-08-01 10:04:10,231 [INFO] aiohttp.access: 172.20.30.101 [01/Aug/2026:10:04:10 +0000] "POST /room/claim HTTP/1.1" 200 238 "-" "Python/3.14 aiohttp/3.14.1"
2026-08-01 15:34:10+05:30    POST /room/claim -> 200 OK  (duration: 55.9 ms, execution: 19.6 ms)
2026-08-01 15:34:10+05:30 2026-08-01 10:04:10,559 [INFO] batched_stream_processor: [BATCHED-DIAG] {'event': 'participant_connected', 't': 5.203, 'identity': 'viewer-prewarm-bf00aee0'}
2026-08-01 15:34:10+05:30 2026-08-01 10:04:10,919 [INFO] VideoPublisher: VIDEO_PUBLISH_METRICS windowMs=5004 frames=126 effectiveFps=25.2 liveFrames=0 repeatedLiveFrames=0 idleFrames=126 maxGapMs=41.3 maxCaptureMs=0.9
2026-08-01 15:34:11+05:30 2026-08-01 10:04:11,402 [INFO] handler: [pod_session_start] Received session=conc-test-2-cde84e room=conc-test-7ddf2200 ingestion=websocket hasIdleAsset=False
2026-08-01 15:34:11+05:30 2026-08-01 10:04:11,402 [INFO] streaming.websocket_server: Registered WebSocket session: conc-test-2-cde84e
2026-08-01 15:34:11+05:30 2026-08-01 10:04:11,403 [INFO] aiohttp.access: 172.20.30.101 [01/Aug/2026:10:04:11 +0000] "POST /sessions/start HTTP/1.1" 202 271 "-" "Python/3.14 aiohttp/3.14.1"
2026-08-01 15:34:11+05:30 2026-08-01 10:04:11,403 [INFO] handler: [handler] prewarm_pool.release() took 0.0ms for room conc-test-7ddf2200
2026-08-01 15:34:11+05:30 2026-08-01 10:04:11,404 [INFO] batched_stream_processor: [BATCHED-DIAG] threading context: thread_id=47657405134528 thread_name=modal-aiohttp-server event_loop_id=47658717251872
2026-08-01 15:34:11+05:30 2026-08-01 10:04:11,404 [INFO] batched_stream_processor: Connecting to LiveKit room=conc-test-7ddf2200 url=wss://ai-14ksodzi.livekit.cloud session=conc-test-2-cde84e
2026-08-01 15:34:11+05:30 2026-08-01 10:04:11,404 [INFO] batched_stream_processor: [BATCHED-DIAG] room.connect() attempt 1/3 | url=wss://ai-14ksodzi.livekit.cloud
2026-08-01 15:34:11+05:30 2026-08-01 10:04:11,431 [INFO] livekit: livekit_api::signal_client::signal_stream:104:livekit_api::signal_client::signal_stream - connecting to wss://ai-14ksodzi.livekit.cloud/rtc/v1
2026-08-01 15:34:11+05:30    POST /sessions/start -> 202 Accepted  (duration: 67.7 ms, execution: 28.8 ms)
2026-08-01 15:34:12+05:30 2026-08-01 10:04:12,628 [INFO] handler: WS_REQUEST_RECEIVED session=conc-test-1-fca5a3 origin= ip=172.20.30.101
2026-08-01 15:34:12+05:30 2026-08-01 10:04:12,628 [INFO] handler: WS_CONNECT session=conc-test-1-fca5a3 origin= ip=172.20.30.101 handlerMs=0.6
2026-08-01 15:34:13+05:30 2026-08-01 10:04:13,254 [INFO] aiohttp.access: 172.20.30.101 [01/Aug/2026:10:04:13 +0000] "POST /room/claim HTTP/1.1" 200 238 "-" "Python/3.14 aiohttp/3.14.1"
2026-08-01 15:34:13+05:30    POST /room/claim -> 200 OK  (duration: 48.3 ms, execution: 15.5 ms)
2026-08-01 15:34:13+05:30 2026-08-01 10:04:13.704 | INFO     | flash_head.src.pipeline.flash_head_pipeline:generate_batch:538 - [generate_batch] GPU_BREAKDOWN denoise=258.8ms decode=81.7ms color+encode=39.1ms total=379.8ms batch_size=1
2026-08-01 15:34:13+05:30 2026-08-01 10:04:13.704 | INFO     | flash_head.src.pipeline.flash_head_pipeline:generate_batch:545 - [generate_batch] DENOISE_STEPS total=258.8ms steps=[s0=81.5 s1=52.6 s2=51.3 s3=73.3] n_steps=4 batch_size=1
2026-08-01 15:34:13+05:30 2026-08-01 10:04:13,744 [INFO] AudioPublisher: [AP-DIAG] Calling publish_track()...
2026-08-01 15:34:13+05:30 2026-08-01 10:04:13,748 [INFO] AudioPublisher: [AP-DIAG] publish_track() completed in 4.4 ms (16000 Hz, 1 ch)
2026-08-01 15:34:13+05:30 2026-08-01 10:04:13,751 [INFO] batched_stream_processor: [BATCHED-DIAG] {'event': 'local_track_published', 't': 8.396, 'sid': 'TR_AMsKVZ9ycFbUR4', 'kind': 1}
2026-08-01 15:34:13+05:30 2026-08-01 10:04:13,756 [INFO] streaming.state_manager: [SM] IDLE -> TRANSITION_TO_LIVE (crossfade 8 frames, queue=24)
2026-08-01 15:34:13+05:30 2026-08-01 10:04:13,774 [INFO] livekit: livekit::rtc_engine::peer_transport:447:livekit::rtc_engine::peer_transport - Applying x-google-start-bitrate=2700 kbps (ultimate_bps=Some(3000000))
2026-08-01 15:34:14+05:30 2026-08-01 10:04:14,077 [INFO] streaming.state_manager: [SM] TRANSITION_TO_LIVE -> LIVE
2026-08-01 15:34:14+05:30 2026-08-01 10:04:14,193 [INFO] handler: [pod_session_start] Received session=conc-test-3-2076f2 room=conc-test-5ece7bdf ingestion=websocket hasIdleAsset=False
2026-08-01 15:34:14+05:30 2026-08-01 10:04:14,193 [INFO] streaming.websocket_server: Registered WebSocket session: conc-test-3-2076f2
2026-08-01 15:34:14+05:30 2026-08-01 10:04:14,194 [INFO] aiohttp.access: 172.20.30.101 [01/Aug/2026:10:04:14 +0000] "POST /sessions/start HTTP/1.1" 202 271 "-" "Python/3.14 aiohttp/3.14.1"
2026-08-01 15:34:14+05:30 2026-08-01 10:04:14,194 [INFO] handler: [handler] prewarm_pool.release() took 0.0ms for room conc-test-5ece7bdf
2026-08-01 15:34:14+05:30 2026-08-01 10:04:14,194 [INFO] batched_stream_processor: [BATCHED-DIAG] threading context: thread_id=47657405134528 thread_name=modal-aiohttp-server event_loop_id=47658717251872
2026-08-01 15:34:14+05:30 2026-08-01 10:04:14,195 [INFO] batched_stream_processor: Connecting to LiveKit room=conc-test-5ece7bdf url=wss://ai-14ksodzi.livekit.cloud session=conc-test-3-2076f2
2026-08-01 15:34:14+05:30 2026-08-01 10:04:14,195 [INFO] batched_stream_processor: [BATCHED-DIAG] room.connect() attempt 1/3 | url=wss://ai-14ksodzi.livekit.cloud
2026-08-01 15:34:14+05:30 2026-08-01 10:04:14,222 [INFO] livekit: livekit_api::signal_client::signal_stream:104:livekit_api::signal_client::signal_stream - connecting to wss://ai-14ksodzi.livekit.cloud/rtc/v1
2026-08-01 15:34:14+05:30    POST /sessions/start -> 202 Accepted  (duration: 57.3 ms, execution: 22.7 ms)
2026-08-01 15:34:14+05:30 2026-08-01 10:04:14,471 [INFO] batched_stream_processor: Connected to LiveKit room=conc-test-5ece7bdf (attempt 1, 276.1 ms). events=0
2026-08-01 15:34:14+05:30 2026-08-01 10:04:14,475 [INFO] batched_stream_processor: [BATCHED-DIAG] {'event': 'connection_state_changed', 't': 0.28, 'state': '1'}
2026-08-01 15:34:14+05:30 2026-08-01 10:04:14,561 [INFO] batched_stream_processor: IDLE_FALLBACK_PUBLISHED session=conc-test-3-2076f2
2026-08-01 15:34:14+05:30 2026-08-01 10:04:14,561 [INFO] batched_stream_processor: Registering session conc-test-3-2076f2 with BatchedStreamingEngine
2026-08-01 15:34:14+05:30 2026-08-01 10:04:14,573 [INFO] BatchedStreamingEngine: Session conc-test-3-2076f2 added (total=2)
2026-08-01 15:34:14+05:30 2026-08-01 10:04:14,702 [INFO] batched_stream_processor: [BATCHED-DIAG] {'event': 'participant_connected', 't': 0.508, 'identity': 'viewer-conc-test-3-2076f2'}
2026-08-01 15:34:14+05:30 2026-08-01 10:04:14,801 [INFO] batched_stream_processor: Session conc-test-3-2076f2 registered with engine in 239.6 ms (avatar prepared)
2026-08-01 15:34:14+05:30 2026-08-01 10:04:14,802 [INFO] VideoPublisher: [VP-DIAG] First non-None frame received after 0 None ticks (~0.0s). Creating track...
2026-08-01 15:34:14+05:30 2026-08-01 10:04:14,802 [INFO] VideoPublisher: [VP-DIAG] Creating video track 512x512
2026-08-01 15:34:14+05:30 2026-08-01 10:04:14,802 [INFO] VideoPublisher: [VP-DIAG] Calling publish_track()...
2026-08-01 15:34:14+05:30 2026-08-01 10:04:14,808 [INFO] VideoPublisher: [VP-DIAG] publish_track() completed in 5.5 ms
2026-08-01 15:34:14+05:30 2026-08-01 10:04:14,812 [INFO] livekit: livekit::room::e2ee::manager:179:livekit::room::e2ee::manager - packet_trailer not enabled for published track TR_VCNQzCFFfrM7rW from aivatar-worker-conc-test-3-2076f2
2026-08-01 15:34:14+05:30 2026-08-01 10:04:14,813 [INFO] batched_stream_processor: IDLE_TRACK_PUBLISHED session=conc-test-3-2076f2 room=conc-test-5ece7bdf
2026-08-01 15:34:14+05:30 2026-08-01 10:04:14,814 [INFO] batched_stream_processor: [BATCHED-DIAG] {'event': 'local_track_published', 't': 0.619, 'sid': 'TR_VCNQzCFFfrM7rW', 'kind': 2}
2026-08-01 15:34:14+05:30 2026-08-01 10:04:14,831 [INFO] livekit: livekit::rtc_engine::peer_transport:447:livekit::rtc_engine::peer_transport - Applying x-google-start-bitrate=2700 kbps (ultimate_bps=Some(3000000))
2026-08-01 15:34:14+05:30 2026-08-01 10:04:14,831 [INFO] livekit: livekit::rtc_engine::peer_transport:455:livekit::rtc_engine::peer_transport - SDP munged successfully for video codec
2026-08-01 15:34:14+05:30 [METRICS] GPU_util=21% GPU_temp=35C GPU_mem=4.1GB/44.4GB (reserved=5.6GB) RSS=12243MB CPU_user=39.6s CPU_sys=6.1s sessions=3 pool=3/3
2026-08-01 15:34:15+05:30 2026-08-01 10:04:15.224 | INFO     | flash_head.src.pipeline.flash_head_pipeline:generate_batch:538 - [generate_batch] GPU_BREAKDOWN denoise=404.0ms decode=72.0ms color+encode=24.4ms total=500.7ms batch_size=1
2026-08-01 15:34:15+05:30 2026-08-01 10:04:15.224 | INFO     | flash_head.src.pipeline.flash_head_pipeline:generate_batch:545 - [generate_batch] DENOISE_STEPS total=404.0ms steps=[s0=200.8 s1=70.1 s2=66.3 s3=66.9] n_steps=4 batch_size=1
2026-08-01 15:34:15+05:30 2026-08-01 10:04:15,240 [INFO] streaming.state_manager: [SM] LIVE -> TRANSITION_TO_IDLE (crossfade 8 frames)
2026-08-01 15:34:15+05:30 2026-08-01 10:04:15,276 [INFO] streaming.state_manager: [SM] IDLE -> TRANSITION_TO_LIVE (crossfade 8 frames, queue=24)
2026-08-01 15:34:15+05:30 2026-08-01 10:04:15,597 [INFO] streaming.state_manager: [SM] TRANSITION_TO_LIVE -> LIVE
2026-08-01 15:34:15+05:30 2026-08-01 10:04:15,920 [INFO] VideoPublisher: VIDEO_PUBLISH_METRICS windowMs=5000 frames=125 effectiveFps=25.0 liveFrames=26 repeatedLiveFrames=12 idleFrames=87 maxGapMs=48.0 maxCaptureMs=4.2
2026-08-01 15:34:16+05:30 2026-08-01 10:04:16.593 | INFO     | flash_head.src.pipeline.flash_head_pipeline:generate_batch:538 - [generate_batch] GPU_BREAKDOWN denoise=250.8ms decode=72.7ms color+encode=23.2ms total=347.1ms batch_size=1
2026-08-01 15:34:16+05:30 2026-08-01 10:04:16.593 | INFO     | flash_head.src.pipeline.flash_head_pipeline:generate_batch:545 - [generate_batch] DENOISE_STEPS total=250.8ms steps=[s0=61.0 s1=63.2 s2=61.2 s3=65.4] n_steps=4 batch_size=1
2026-08-01 15:34:16+05:30 2026-08-01 10:04:16,641 [INFO] handler: WS_REQUEST_RECEIVED session=conc-test-3-2076f2 origin= ip=172.20.30.101
2026-08-01 15:34:16+05:30 2026-08-01 10:04:16,642 [INFO] handler: WS_CONNECT session=conc-test-3-2076f2 origin= ip=172.20.30.101 handlerMs=0.5
2026-08-01 15:34:17+05:30 2026-08-01 10:04:17,103 [INFO] handler: UTTERANCE_END_RECEIVED session=conc-test-1-fca5a3
2026-08-01 15:34:17+05:30 2026-08-01 10:04:17,103 [INFO] batched_stream_processor: BATCHED_DRAIN_STARTED session=conc-test-1-fca5a3
2026-08-01 15:34:17+05:30 2026-08-01 10:04:17,103 [INFO] BatchedStreamingEngine: Session conc-test-1-fca5a3 marked for drain
2026-08-01 15:34:17+05:30 2026-08-01 10:04:17.473 | INFO     | flash_head.src.pipeline.flash_head_pipeline:generate_batch:538 - [generate_batch] GPU_BREAKDOWN denoise=254.6ms decode=72.0ms color+encode=23.2ms total=350.0ms batch_size=1
2026-08-01 15:34:17+05:30 2026-08-01 10:04:17.473 | INFO     | flash_head.src.pipeline.flash_head_pipeline:generate_batch:545 - [generate_batch] DENOISE_STEPS total=254.6ms steps=[s0=56.8 s1=61.3 s2=73.6 s3=62.9] n_steps=4 batch_size=1
2026-08-01 15:34:18+05:30 2026-08-01 10:04:18.032 | INFO     | flash_head.src.pipeline.flash_head_pipeline:generate_batch:538 - [generate_batch] GPU_BREAKDOWN denoise=283.1ms decode=164.3ms color+encode=47.5ms total=495.3ms batch_size=2
2026-08-01 15:34:18+05:30 2026-08-01 10:04:18.033 | INFO     | flash_head.src.pipeline.flash_head_pipeline:generate_batch:545 - [generate_batch] DENOISE_STEPS total=283.1ms steps=[s0=82.6 s1=67.6 s2=63.9 s3=69.0] n_steps=4 batch_size=2
2026-08-01 15:34:18+05:30 2026-08-01 10:04:18,072 [INFO] AudioPublisher: [AP-DIAG] Calling publish_track()...
2026-08-01 15:34:18+05:30 2026-08-01 10:04:18,078 [INFO] AudioPublisher: [AP-DIAG] publish_track() completed in 5.5 ms (16000 Hz, 1 ch)
2026-08-01 15:34:18+05:30 2026-08-01 10:04:18,080 [INFO] batched_stream_processor: [BATCHED-DIAG] {'event': 'local_track_published', 't': 3.885, 'sid': 'TR_AMCGfvLWSwRjPn', 'kind': 1}
2026-08-01 15:34:18+05:30 2026-08-01 10:04:18,083 [INFO] streaming.state_manager: [SM] IDLE -> TRANSITION_TO_LIVE (crossfade 8 frames, queue=24)
2026-08-01 15:34:18+05:30 2026-08-01 10:04:18,098 [INFO] livekit: livekit::rtc_engine::peer_transport:447:livekit::rtc_engine::peer_transport - Applying x-google-start-bitrate=2700 kbps (ultimate_bps=Some(3000000))
2026-08-01 15:34:18+05:30 2026-08-01 10:04:18,402 [INFO] streaming.state_manager: [SM] TRANSITION_TO_LIVE -> LIVE
2026-08-01 15:34:18+05:30 2026-08-01 10:04:18.513 | INFO     | flash_head.src.pipeline.flash_head_pipeline:generate_batch:538 - [generate_batch] GPU_BREAKDOWN denoise=248.2ms decode=72.1ms color+encode=29.9ms total=350.4ms batch_size=1
2026-08-01 15:34:18+05:30 2026-08-01 10:04:18.513 | INFO     | flash_head.src.pipeline.flash_head_pipeline:generate_batch:545 - [generate_batch] DENOISE_STEPS total=248.2ms steps=[s0=62.8 s1=60.0 s2=60.2 s3=65.2] n_steps=4 batch_size=1
2026-08-01 15:34:18+05:30 2026-08-01 10:04:18,561 [INFO] streaming.state_manager: [SM] Dropped 17 stale frames to protect A/V sync (qsize now 30)
2026-08-01 15:34:18+05:30 2026-08-01 10:04:18.915 | INFO     | flash_head.src.pipeline.flash_head_pipeline:generate_batch:538 - [generate_batch] GPU_BREAKDOWN denoise=248.6ms decode=72.3ms color+encode=24.3ms total=345.5ms batch_size=1
2026-08-01 15:34:18+05:30 2026-08-01 10:04:18.915 | INFO     | flash_head.src.pipeline.flash_head_pipeline:generate_batch:545 - [generate_batch] DENOISE_STEPS total=248.6ms steps=[s0=62.7 s1=63.3 s2=59.4 s3=63.2] n_steps=4 batch_size=1
2026-08-01 15:34:18+05:30 2026-08-01 10:04:18,962 [INFO] streaming.state_manager: [SM] Dropped 14 stale frames to protect A/V sync (qsize now 30)
2026-08-01 15:34:19+05:30 2026-08-01 10:04:19,295 [INFO] batched_stream_processor: [BATCHED-DIAG] {'event': 'quality_changed', 't': 5.101, 'participant': 'aivatar-worker-conc-test-3-2076f2', 'quality': '2'}
2026-08-01 15:34:19+05:30 2026-08-01 10:04:19.319 | INFO     | flash_head.src.pipeline.flash_head_pipeline:generate_batch:538 - [generate_batch] GPU_BREAKDOWN denoise=244.6ms decode=72.1ms color+encode=30.0ms total=346.9ms batch_size=1
2026-08-01 15:34:19+05:30 2026-08-01 10:04:19.319 | INFO     | flash_head.src.pipeline.flash_head_pipeline:generate_batch:545 - [generate_batch] DENOISE_STEPS total=244.6ms steps=[s0=61.9 s1=65.6 s2=55.9 s3=61.2] n_steps=4 batch_size=1
2026-08-01 15:34:19+05:30 2026-08-01 10:04:19,358 [INFO] streaming.state_manager: [SM] Dropped 14 stale frames to protect A/V sync (qsize now 30)
2026-08-01 15:34:19+05:30 2026-08-01 10:04:19,569 [INFO] streaming.state_manager: [SM] LIVE -> TRANSITION_TO_IDLE (crossfade 8 frames)
2026-08-01 15:34:19+05:30 2026-08-01 10:04:19,804 [INFO] VideoPublisher: VIDEO_PUBLISH_METRICS windowMs=5003 frames=126 effectiveFps=25.2 liveFrames=17 repeatedLiveFrames=12 idleFrames=97 maxGapMs=50.6 maxCaptureMs=0.9
2026-08-01 15:34:19+05:30 2026-08-01 10:04:19,883 [INFO] streaming.state_manager: [SM] TRANSITION_TO_IDLE -> IDLE
2026-08-01 15:34:19+05:30 2026-08-01 10:04:19.909 | INFO     | flash_head.src.pipeline.flash_head_pipeline:generate_batch:538 - [generate_batch] GPU_BREAKDOWN denoise=327.3ms decode=149.7ms color+encode=50.8ms total=528.1ms batch_size=2
2026-08-01 15:34:19+05:30 2026-08-01 10:04:19.909 | INFO     | flash_head.src.pipeline.flash_head_pipeline:generate_batch:545 - [generate_batch] DENOISE_STEPS total=327.3ms steps=[s0=112.8 s1=67.1 s2=69.3 s3=78.1] n_steps=4 batch_size=2
2026-08-01 15:34:19+05:30 2026-08-01 10:04:19,964 [INFO] streaming.state_manager: [SM] IDLE -> TRANSITION_TO_LIVE (crossfade 8 frames, queue=24)
2026-08-01 15:34:19+05:30 [METRICS] GPU_util=79% GPU_temp=45C GPU_mem=4.2GB/44.4GB (reserved=7.2GB) RSS=12243MB CPU_user=46.7s CPU_sys=6.5s sessions=3 pool=3/3
2026-08-01 15:34:20+05:30 2026-08-01 10:04:20,003 [INFO] streaming.state_manager: [SM] Dropped 8 stale frames to protect A/V sync (qsize now 30)
2026-08-01 15:34:20+05:30 2026-08-01 10:04:20,283 [INFO] streaming.state_manager: [SM] TRANSITION_TO_LIVE -> LIVE
2026-08-01 15:34:20+05:30 2026-08-01 10:04:20.385 | INFO     | flash_head.src.pipeline.flash_head_pipeline:generate_batch:538 - [generate_batch] GPU_BREAKDOWN denoise=272.9ms decode=72.2ms color+encode=24.4ms total=369.7ms batch_size=1
2026-08-01 15:34:20+05:30 2026-08-01 10:04:20.385 | INFO     | flash_head.src.pipeline.flash_head_pipeline:generate_batch:545 - [generate_batch] DENOISE_STEPS total=272.9ms steps=[s0=62.1 s1=73.3 s2=67.2 s3=70.2] n_steps=4 batch_size=1
2026-08-01 15:34:20+05:30 2026-08-01 10:04:20,418 [INFO] BatchedStreamingEngine: cycle=10 batch=1 sessions=['conc-test-1-fca5a3'] embed=18.3ms infer=370.1ms xfer=33.3ms total=427.4ms
2026-08-01 15:34:20+05:30 2026-08-01 10:04:20,436 [INFO] streaming.state_manager: [SM] Dropped 13 stale frames to protect A/V sync (qsize now 30)
2026-08-01 15:34:20+05:30 2026-08-01 10:04:20.802 | INFO     | flash_head.src.pipeline.flash_head_pipeline:generate_batch:538 - [generate_batch] GPU_BREAKDOWN denoise=264.7ms decode=72.3ms color+encode=23.5ms total=360.7ms batch_size=1
2026-08-01 15:34:20+05:30 2026-08-01 10:04:20.802 | INFO     | flash_head.src.pipeline.flash_head_pipeline:generate_batch:545 - [generate_batch] DENOISE_STEPS total=264.7ms steps=[s0=62.5 s1=66.7 s2=62.4 s3=73.1] n_steps=4 batch_size=1
2026-08-01 15:34:20+05:30 2026-08-01 10:04:20,877 [INFO] streaming.state_manager: [SM] Dropped 13 stale frames to protect A/V sync (qsize now 30)
2026-08-01 15:34:20+05:30 2026-08-01 10:04:20,960 [INFO] VideoPublisher: VIDEO_PUBLISH_METRICS windowMs=5039 frames=126 effectiveFps=25.0 liveFrames=117 repeatedLiveFrames=9 idleFrames=0 maxGapMs=48.8 maxCaptureMs=1.2
2026-08-01 15:34:21+05:30 2026-08-01 10:04:21,193 [INFO] handler: UTTERANCE_END_RECEIVED session=conc-test-3-2076f2
2026-08-01 15:34:21+05:30 2026-08-01 10:04:21,193 [INFO] batched_stream_processor: BATCHED_DRAIN_STARTED session=conc-test-3-2076f2
2026-08-01 15:34:21+05:30 2026-08-01 10:04:21,193 [INFO] BatchedStreamingEngine: Session conc-test-3-2076f2 marked for drain
2026-08-01 15:34:21+05:30 2026-08-01 10:04:21.209 | INFO     | flash_head.src.pipeline.flash_head_pipeline:generate_batch:538 - [generate_batch] GPU_BREAKDOWN denoise=255.6ms decode=73.4ms color+encode=23.6ms total=352.8ms batch_size=1
2026-08-01 15:34:21+05:30 2026-08-01 10:04:21.209 | INFO     | flash_head.src.pipeline.flash_head_pipeline:generate_batch:545 - [generate_batch] DENOISE_STEPS total=255.6ms steps=[s0=66.1 s1=64.4 s2=60.3 s3=64.8] n_steps=4 batch_size=1
2026-08-01 15:34:21+05:30 2026-08-01 10:04:21,278 [INFO] streaming.state_manager: [SM] Dropped 14 stale frames to protect A/V sync (qsize now 30)
2026-08-01 15:34:21+05:30 2026-08-01 10:04:21,444 [INFO] streaming.state_manager: [SM] LIVE -> TRANSITION_TO_IDLE (crossfade 8 frames)
2026-08-01 15:34:21+05:30 2026-08-01 10:04:21.702 | INFO     | flash_head.src.pipeline.flash_head_pipeline:generate_batch:538 - [generate_batch] GPU_BREAKDOWN denoise=241.7ms decode=150.0ms color+encode=47.0ms total=438.9ms batch_size=2
2026-08-01 15:34:21+05:30 2026-08-01 10:04:21.703 | INFO     | flash_head.src.pipeline.flash_head_pipeline:generate_batch:545 - [generate_batch] DENOISE_STEPS total=241.7ms steps=[s0=57.9 s1=58.1 s2=59.7 s3=66.0] n_steps=4 batch_size=2
2026-08-01 15:34:21+05:30 2026-08-01 10:04:21,758 [INFO] streaming.state_manager: [SM] Dropped 12 stale frames to protect A/V sync (qsize now 30)
2026-08-01 15:34:21+05:30 2026-08-01 10:04:21,763 [INFO] streaming.state_manager: [SM] TRANSITION_TO_IDLE -> IDLE
2026-08-01 15:34:21+05:30 2026-08-01 10:04:21,803 [INFO] streaming.state_manager: [SM] IDLE -> TRANSITION_TO_LIVE (crossfade 8 frames, queue=24)
2026-08-01 15:34:22+05:30 2026-08-01 10:04:22,122 [INFO] streaming.state_manager: [SM] TRANSITION_TO_LIVE -> LIVE
2026-08-01 15:34:22+05:30 2026-08-01 10:04:22.237 | INFO     | flash_head.src.pipeline.flash_head_pipeline:generate_batch:538 - [generate_batch] GPU_BREAKDOWN denoise=248.9ms decode=151.2ms color+encode=47.2ms total=448.3ms batch_size=2
2026-08-01 15:34:22+05:30 2026-08-01 10:04:22.237 | INFO     | flash_head.src.pipeline.flash_head_pipeline:generate_batch:545 - [generate_batch] DENOISE_STEPS total=248.9ms steps=[s0=64.1 s1=63.4 s2=63.8 s3=57.5] n_steps=4 batch_size=2
2026-08-01 15:34:22+05:30 2026-08-01 10:04:22,277 [INFO] streaming.state_manager: [SM] Dropped 11 stale frames to protect A/V sync (qsize now 30)
2026-08-01 15:34:22+05:30 2026-08-01 10:04:22.784 | INFO     | flash_head.src.pipeline.flash_head_pipeline:generate_batch:538 - [generate_batch] GPU_BREAKDOWN denoise=255.0ms decode=149.9ms color+encode=47.3ms total=452.5ms batch_size=2
2026-08-01 15:34:22+05:30 2026-08-01 10:04:22.784 | INFO     | flash_head.src.pipeline.flash_head_pipeline:generate_batch:545 - [generate_batch] DENOISE_STEPS total=255.0ms steps=[s0=59.8 s1=67.0 s2=63.1 s3=65.1] n_steps=4 batch_size=2
2026-08-01 15:34:22+05:30 2026-08-01 10:04:22,837 [INFO] streaming.state_manager: [SM] Dropped 10 stale frames to protect A/V sync (qsize now 30)
2026-08-01 15:34:22+05:30 2026-08-01 10:04:22,882 [INFO] streaming.state_manager: [SM] Dropped 15 stale frames to protect A/V sync (qsize now 30)
2026-08-01 15:34:23+05:30 2026-08-01 10:04:23.340 | INFO     | flash_head.src.pipeline.flash_head_pipeline:generate_batch:538 - [generate_batch] GPU_BREAKDOWN denoise=259.3ms decode=150.0ms color+encode=47.8ms total=458.3ms batch_size=2
2026-08-01 15:34:23+05:30 2026-08-01 10:04:23.340 | INFO     | flash_head.src.pipeline.flash_head_pipeline:generate_batch:545 - [generate_batch] DENOISE_STEPS total=259.3ms steps=[s0=63.9 s1=63.3 s2=61.3 s3=70.9] n_steps=4 batch_size=2
2026-08-01 15:34:23+05:30 2026-08-01 10:04:23,397 [INFO] streaming.state_manager: [SM] Dropped 10 stale frames to protect A/V sync (qsize now 30)
2026-08-01 15:34:23+05:30 2026-08-01 10:04:23,442 [INFO] streaming.state_manager: [SM] Dropped 10 stale frames to protect A/V sync (qsize now 30)
2026-08-01 15:34:23+05:30 2026-08-01 10:04:23.877 | INFO     | flash_head.src.pipeline.flash_head_pipeline:generate_batch:538 - [generate_batch] GPU_BREAKDOWN denoise=252.8ms decode=151.3ms color+encode=47.1ms total=451.4ms batch_size=2
2026-08-01 15:34:23+05:30 2026-08-01 10:04:23.877 | INFO     | flash_head.src.pipeline.flash_head_pipeline:generate_batch:545 - [generate_batch] DENOISE_STEPS total=252.8ms steps=[s0=67.5 s1=59.9 s2=62.8 s3=62.6] n_steps=4 batch_size=2
2026-08-01 15:34:23+05:30 2026-08-01 10:04:23,952 [INFO] BatchedStreamingEngine: Session conc-test-1-fca5a3 removed (total=1)
2026-08-01 15:34:23+05:30 2026-08-01 10:04:23,962 [INFO] streaming.state_manager: [SM] Dropped 11 stale frames to protect A/V sync (qsize now 30)
2026-08-01 15:34:23+05:30 2026-08-01 10:04:23,990 [INFO] batched_stream_processor: BATCHED_DRAIN_COMPLETED session=conc-test-1-fca5a3 cycles=68 elapsed=6887.4ms
2026-08-01 15:34:24+05:30 2026-08-01 10:04:24.321 | INFO     | flash_head.src.pipeline.flash_head_pipeline:generate_batch:538 - [generate_batch] GPU_BREAKDOWN denoise=249.0ms decode=72.3ms color+encode=31.4ms total=352.9ms batch_size=1
2026-08-01 15:34:24+05:30 2026-08-01 10:04:24.321 | INFO     | flash_head.src.pipeline.flash_head_pipeline:generate_batch:545 - [generate_batch] DENOISE_STEPS total=249.0ms steps=[s0=86.5 s1=51.7 s2=55.0 s3=55.8] n_steps=4 batch_size=1
2026-08-01 15:34:24+05:30 2026-08-01 10:04:24,364 [INFO] streaming.state_manager: [SM] Dropped 14 stale frames to protect A/V sync (qsize now 30)
2026-08-01 15:34:24+05:30 2026-08-01 10:04:24,443 [INFO] streaming.state_manager: [SM] LIVE -> TRANSITION_TO_IDLE (crossfade 8 frames)
2026-08-01 15:34:24+05:30 2026-08-01 10:04:24.736 | INFO     | flash_head.src.pipeline.flash_head_pipeline:generate_batch:538 - [generate_batch] GPU_BREAKDOWN denoise=268.7ms decode=73.7ms color+encode=23.8ms total=366.6ms batch_size=1
2026-08-01 15:34:24+05:30 2026-08-01 10:04:24.736 | INFO     | flash_head.src.pipeline.flash_head_pipeline:generate_batch:545 - [generate_batch] DENOISE_STEPS total=268.7ms steps=[s0=78.4 s1=61.7 s2=63.8 s3=64.8] n_steps=4 batch_size=1
2026-08-01 15:34:24+05:30 2026-08-01 10:04:24,757 [INFO] streaming.state_manager: [SM] TRANSITION_TO_IDLE -> IDLE
2026-08-01 15:34:24+05:30 2026-08-01 10:04:24,803 [INFO] streaming.state_manager: [SM] Dropped 13 stale frames to protect A/V sync (qsize now 30)
2026-08-01 15:34:24+05:30 2026-08-01 10:04:24,805 [INFO] VideoPublisher: VIDEO_PUBLISH_METRICS windowMs=5000 frames=125 effectiveFps=25.0 liveFrames=85 repeatedLiveFrames=12 idleFrames=28 maxGapMs=46.2 maxCaptureMs=0.9
2026-08-01 15:34:25+05:30 [METRICS] GPU_util=55% GPU_temp=44C GPU_mem=4.1GB/44.4GB (reserved=7.2GB) RSS=12243MB CPU_user=54.5s CPU_sys=6.9s sessions=3 pool=3/3
2026-08-01 15:34:25+05:30 2026-08-01 10:04:25.122 | INFO     | flash_head.src.pipeline.flash_head_pipeline:generate_batch:538 - [generate_batch] GPU_BREAKDOWN denoise=245.3ms decode=72.4ms color+encode=24.1ms total=342.2ms batch_size=1
2026-08-01 15:34:25+05:30 2026-08-01 10:04:25.122 | INFO     | flash_head.src.pipeline.flash_head_pipeline:generate_batch:545 - [generate_batch] DENOISE_STEPS total=245.3ms steps=[s0=62.3 s1=58.5 s2=57.8 s3=66.7] n_steps=4 batch_size=1
2026-08-01 15:34:25+05:30 2026-08-01 10:04:25,155 [INFO] BatchedStreamingEngine: cycle=20 batch=1 sessions=['conc-test-3-2076f2'] embed=10.0ms infer=343.0ms xfer=32.1ms total=385.1ms
2026-08-01 15:34:25+05:30 2026-08-01 10:04:25,163 [INFO] streaming.state_manager: [SM] Dropped 15 stale frames to protect A/V sync (qsize now 30)
2026-08-01 15:34:25+05:30 2026-08-01 10:04:25.515 | INFO     | flash_head.src.pipeline.flash_head_pipeline:generate_batch:538 - [generate_batch] GPU_BREAKDOWN denoise=245.9ms decode=74.6ms color+encode=26.0ms total=346.7ms batch_size=1
2026-08-01 15:34:25+05:30 2026-08-01 10:04:25.515 | INFO     | flash_head.src.pipeline.flash_head_pipeline:generate_batch:545 - [generate_batch] DENOISE_STEPS total=245.9ms steps=[s0=58.6 s1=67.2 s2=60.3 s3=59.9] n_steps=4 batch_size=1
2026-08-01 15:34:25+05:30 2026-08-01 10:04:25,562 [INFO] streaming.state_manager: [SM] Dropped 14 stale frames to protect A/V sync (qsize now 30)
2026-08-01 15:34:25+05:30 2026-08-01 10:04:25.899 | INFO     | flash_head.src.pipeline.flash_head_pipeline:generate_batch:538 - [generate_batch] GPU_BREAKDOWN denoise=241.8ms decode=73.4ms color+encode=24.0ms total=340.1ms batch_size=1
2026-08-01 15:34:25+05:30 2026-08-01 10:04:25.899 | INFO     | flash_head.src.pipeline.flash_head_pipeline:generate_batch:545 - [generate_batch] DENOISE_STEPS total=241.8ms steps=[s0=62.7 s1=63.6 s2=55.9 s3=59.7] n_steps=4 batch_size=1
2026-08-01 15:34:25+05:30 2026-08-01 10:04:25,962 [INFO] streaming.state_manager: [SM] Dropped 14 stale frames to protect A/V sync (qsize now 30)
2026-08-01 15:34:25+05:30 2026-08-01 10:04:25,999 [INFO] VideoPublisher: VIDEO_PUBLISH_METRICS windowMs=5039 frames=126 effectiveFps=25.0 liveFrames=74 repeatedLiveFrames=12 idleFrames=40 maxGapMs=48.6 maxCaptureMs=1.0
2026-08-01 15:34:26+05:30 2026-08-01 10:04:26.281 | INFO     | flash_head.src.pipeline.flash_head_pipeline:generate_batch:538 - [generate_batch] GPU_BREAKDOWN denoise=242.2ms decode=72.2ms color+encode=23.5ms total=338.1ms batch_size=1
2026-08-01 15:34:26+05:30 2026-08-01 10:04:26.282 | INFO     | flash_head.src.pipeline.flash_head_pipeline:generate_batch:545 - [generate_batch] DENOISE_STEPS total=242.2ms steps=[s0=56.5 s1=62.4 s2=61.4 s3=61.9] n_steps=4 batch_size=1
2026-08-01 15:34:26+05:30 2026-08-01 10:04:26,324 [INFO] streaming.state_manager: [SM] Dropped 15 stale frames to protect A/V sync (qsize now 30)
2026-08-01 15:34:26+05:30 2026-08-01 10:04:26,433 [INFO] handler: UTTERANCE_END_RECEIVED session=conc-test-1-fca5a3
2026-08-01 15:34:26+05:30 2026-08-01 10:04:26,433 [INFO] batched_stream_processor: BATCHED_DRAIN_STARTED session=conc-test-1-fca5a3
2026-08-01 15:34:26+05:30 2026-08-01 10:04:26,434 [INFO] batched_stream_processor: BATCHED_DRAIN_COMPLETED session=conc-test-1-fca5a3 cycles=0 elapsed=0.1ms
2026-08-01 15:34:26+05:30 2026-08-01 10:04:26,525 [WARNING] livekit: livekit::rtc_engine:516:livekit::rtc_engine - failed to connect: Connection("wait_pc_connection timed out"), retrying... (1/3)
2026-08-01 15:34:26+05:30 2026-08-01 10:04:26,553 [INFO] livekit: livekit_api::signal_client::signal_stream:104:livekit_api::signal_client::signal_stream - connecting to wss://ai-14ksodzi.livekit.cloud/rtc/v1
2026-08-01 15:34:26+05:30 2026-08-01 10:04:26,759 [INFO] batched_stream_processor: Connected to LiveKit room=conc-test-7ddf2200 (attempt 1, 15354.7 ms). events=0
2026-08-01 15:34:26+05:30 2026-08-01 10:04:26,766 [INFO] batched_stream_processor: [BATCHED-DIAG] {'event': 'connection_state_changed', 't': 15.363, 'state': '1'}
2026-08-01 15:34:26+05:30 2026-08-01 10:04:26.824 | INFO     | flash_head.src.pipeline.flash_head_pipeline:generate_batch:538 - [generate_batch] GPU_BREAKDOWN denoise=274.2ms decode=73.1ms color+encode=147.4ms total=495.2ms batch_size=1
2026-08-01 15:34:26+05:30 2026-08-01 10:04:26.824 | INFO     | flash_head.src.pipeline.flash_head_pipeline:generate_batch:545 - [generate_batch] DENOISE_STEPS total=274.2ms steps=[s0=59.2 s1=61.3 s2=58.0 s3=95.6] n_steps=4 batch_size=1
2026-08-01 15:34:26+05:30 2026-08-01 10:04:26,883 [INFO] streaming.state_manager: [SM] Dropped 10 stale frames to protect A/V sync (qsize now 30)
2026-08-01 15:34:26+05:30 2026-08-01 10:04:26,891 [INFO] batched_stream_processor: IDLE_FALLBACK_PUBLISHED session=conc-test-2-cde84e
2026-08-01 15:34:26+05:30 2026-08-01 10:04:26,891 [INFO] batched_stream_processor: Registering session conc-test-2-cde84e with BatchedStreamingEngine
2026-08-01 15:34:26+05:30 2026-08-01 10:04:26,892 [INFO] BatchedStreamingEngine: Session conc-test-2-cde84e added (total=2)
2026-08-01 15:34:27+05:30 2026-08-01 10:04:27,140 [INFO] batched_stream_processor: Session conc-test-2-cde84e registered with engine in 248.8 ms (avatar prepared)
2026-08-01 15:34:27+05:30 2026-08-01 10:04:27,141 [INFO] VideoPublisher: [VP-DIAG] First non-None frame received after 0 None ticks (~0.0s). Creating track...
2026-08-01 15:34:27+05:30 2026-08-01 10:04:27,141 [INFO] VideoPublisher: [VP-DIAG] Creating video track 512x512
2026-08-01 15:34:27+05:30 2026-08-01 10:04:27,142 [INFO] VideoPublisher: [VP-DIAG] Calling publish_track()...
2026-08-01 15:34:27+05:30 2026-08-01 10:04:27,148 [INFO] VideoPublisher: [VP-DIAG] publish_track() completed in 6.3 ms
2026-08-01 15:34:27+05:30 2026-08-01 10:04:27,151 [INFO] batched_stream_processor: [BATCHED-DIAG] {'event': 'local_track_published', 't': 15.747, 'sid': 'TR_VCQQnACR89SwBR', 'kind': 2}
2026-08-01 15:34:27+05:30 2026-08-01 10:04:27,151 [INFO] batched_stream_processor: IDLE_TRACK_PUBLISHED session=conc-test-2-cde84e room=conc-test-7ddf2200
2026-08-01 15:34:27+05:30 2026-08-01 10:04:27,152 [INFO] livekit: livekit::room::e2ee::manager:179:livekit::room::e2ee::manager - packet_trailer not enabled for published track TR_VCQQnACR89SwBR from aivatar-worker-conc-test-2-cde84e
2026-08-01 15:34:27+05:30 2026-08-01 10:04:27,172 [INFO] livekit: livekit::rtc_engine::peer_transport:447:livekit::rtc_engine::peer_transport - Applying x-google-start-bitrate=2700 kbps (ultimate_bps=Some(3000000))
2026-08-01 15:34:27+05:30 2026-08-01 10:04:27,173 [INFO] livekit: livekit::rtc_engine::peer_transport:455:livekit::rtc_engine::peer_transport - SDP munged successfully for video codec
2026-08-01 15:34:27+05:30 2026-08-01 10:04:27.496 | INFO     | flash_head.src.pipeline.flash_head_pipeline:generate_batch:538 - [generate_batch] GPU_BREAKDOWN denoise=497.6ms decode=76.7ms color+encode=24.2ms total=599.0ms batch_size=1
2026-08-01 15:34:27+05:30 2026-08-01 10:04:27.496 | INFO     | flash_head.src.pipeline.flash_head_pipeline:generate_batch:545 - [generate_batch] DENOISE_STEPS total=497.6ms steps=[s0=132.4 s1=148.7 s2=152.9 s3=63.7] n_steps=4 batch_size=1
2026-08-01 15:34:27+05:30 2026-08-01 10:04:27,563 [INFO] streaming.state_manager: [SM] Dropped 7 stale frames to protect A/V sync (qsize now 30)
2026-08-01 15:34:27+05:30 2026-08-01 10:04:27.912 | INFO     | flash_head.src.pipeline.flash_head_pipeline:generate_batch:538 - [generate_batch] GPU_BREAKDOWN denoise=265.7ms decode=74.3ms color+encode=23.5ms total=363.7ms batch_size=1
2026-08-01 15:34:27+05:30 2026-08-01 10:04:27.912 | INFO     | flash_head.src.pipeline.flash_head_pipeline:generate_batch:545 - [generate_batch] DENOISE_STEPS total=265.7ms steps=[s0=72.0 s1=68.5 s2=63.1 s3=62.1] n_steps=4 batch_size=1
2026-08-01 15:34:27+05:30 2026-08-01 10:04:27,964 [INFO] streaming.state_manager: [SM] Dropped 14 stale frames to protect A/V sync (qsize now 30)
2026-08-01 15:34:28+05:30 2026-08-01 10:04:28.315 | INFO     | flash_head.src.pipeline.flash_head_pipeline:generate_batch:538 - [generate_batch] GPU_BREAKDOWN denoise=249.7ms decode=72.6ms color+encode=23.5ms total=346.0ms batch_size=1
2026-08-01 15:34:28+05:30 2026-08-01 10:04:28.315 | INFO     | flash_head.src.pipeline.flash_head_pipeline:generate_batch:545 - [generate_batch] DENOISE_STEPS total=249.7ms steps=[s0=61.6 s1=64.6 s2=59.0 s3=64.5] n_steps=4 batch_size=1
2026-08-01 15:34:28+05:30 2026-08-01 10:04:28,352 [INFO] BatchedStreamingEngine: Session conc-test-3-2076f2 removed (total=1)
2026-08-01 15:34:28+05:30 2026-08-01 10:04:28,385 [INFO] batched_stream_processor: BATCHED_DRAIN_COMPLETED session=conc-test-3-2076f2 cycles=71 elapsed=7192.3ms
2026-08-01 15:34:28+05:30 2026-08-01 10:04:28,664 [INFO] handler: WS_REQUEST_RECEIVED session=conc-test-2-cde84e origin= ip=172.20.30.101
2026-08-01 15:34:28+05:30 2026-08-01 10:04:28,665 [INFO] handler: WS_CONNECT session=conc-test-2-cde84e origin= ip=172.20.30.101 handlerMs=0.7
2026-08-01 15:34:28+05:30 2026-08-01 10:04:28,847 [INFO] streaming.state_manager: [SM] LIVE -> TRANSITION_TO_IDLE (crossfade 8 frames)
2026-08-01 15:34:29+05:30 2026-08-01 10:04:29,162 [INFO] streaming.state_manager: [SM] TRANSITION_TO_IDLE -> IDLE
2026-08-01 15:34:29+05:30 2026-08-01 10:04:29.749 | INFO     | flash_head.src.pipeline.flash_head_pipeline:generate_batch:538 - [generate_batch] GPU_BREAKDOWN denoise=317.1ms decode=81.6ms color+encode=29.5ms total=428.5ms batch_size=1
2026-08-01 15:34:29+05:30 2026-08-01 10:04:29.749 | INFO     | flash_head.src.pipeline.flash_head_pipeline:generate_batch:545 - [generate_batch] DENOISE_STEPS total=317.1ms steps=[s0=85.3 s1=66.6 s2=80.6 s3=84.6] n_steps=4 batch_size=1
2026-08-01 15:34:29+05:30 2026-08-01 10:04:29,788 [INFO] AudioPublisher: [AP-DIAG] Calling publish_track()...
2026-08-01 15:34:29+05:30 2026-08-01 10:04:29,795 [INFO] AudioPublisher: [AP-DIAG] publish_track() completed in 6.3 ms (16000 Hz, 1 ch)
2026-08-01 15:34:29+05:30 2026-08-01 10:04:29,799 [INFO] batched_stream_processor: [BATCHED-DIAG] {'event': 'local_track_published', 't': 18.396, 'sid': 'TR_AMFszTQ8BAhfUF', 'kind': 1}
2026-08-01 15:34:29+05:30 2026-08-01 10:04:29,808 [INFO] VideoPublisher: VIDEO_PUBLISH_METRICS windowMs=5002 frames=125 effectiveFps=25.0 liveFrames=88 repeatedLiveFrames=12 idleFrames=25 maxGapMs=46.4 maxCaptureMs=1.1
2026-08-01 15:34:29+05:30 2026-08-01 10:04:29,821 [INFO] livekit: livekit::rtc_engine::peer_transport:447:livekit::rtc_engine::peer_transport - Applying x-google-start-bitrate=2700 kbps (ultimate_bps=Some(3000000))
2026-08-01 15:34:29+05:30 2026-08-01 10:04:29,823 [INFO] streaming.state_manager: [SM] IDLE -> TRANSITION_TO_LIVE (crossfade 8 frames, queue=24)
2026-08-01 15:34:30+05:30 [METRICS] GPU_util=0% GPU_temp=38C GPU_mem=4.0GB/44.4GB (reserved=7.2GB) RSS=12243MB CPU_user=62.3s CPU_sys=7.7s sessions=3 pool=3/3
2026-08-01 15:34:30+05:30 2026-08-01 10:04:30,142 [INFO] streaming.state_manager: [SM] TRANSITION_TO_LIVE -> LIVE
2026-08-01 15:34:30+05:30 2026-08-01 10:04:30,467 [INFO] handler: UTTERANCE_END_RECEIVED session=conc-test-3-2076f2
2026-08-01 15:34:30+05:30 2026-08-01 10:04:30,468 [INFO] batched_stream_processor: BATCHED_DRAIN_STARTED session=conc-test-3-2076f2
2026-08-01 15:34:30+05:30 2026-08-01 10:04:30,468 [INFO] batched_stream_processor: BATCHED_DRAIN_COMPLETED session=conc-test-3-2076f2 cycles=0 elapsed=0.1ms
2026-08-01 15:34:31+05:30 2026-08-01 10:04:31,039 [INFO] VideoPublisher: VIDEO_PUBLISH_METRICS windowMs=5039 frames=126 effectiveFps=25.0 liveFrames=0 repeatedLiveFrames=0 idleFrames=126 maxGapMs=46.6 maxCaptureMs=1.4
2026-08-01 15:34:31+05:30 2026-08-01 10:04:31.136 | INFO     | flash_head.src.pipeline.flash_head_pipeline:generate_batch:538 - [generate_batch] GPU_BREAKDOWN denoise=272.2ms decode=73.7ms color+encode=23.9ms total=370.2ms batch_size=1
2026-08-01 15:34:31+05:30 2026-08-01 10:04:31.136 | INFO     | flash_head.src.pipeline.flash_head_pipeline:generate_batch:545 - [generate_batch] DENOISE_STEPS total=272.2ms steps=[s0=62.9 s1=70.6 s2=72.5 s3=66.2] n_steps=4 batch_size=1
2026-08-01 15:34:31+05:30 2026-08-01 10:04:31,520 [INFO] batched_stream_processor: [BATCHED-DIAG] {'event': 'quality_changed', 't': 20.116, 'participant': 'aivatar-worker-conc-test-2-cde84e', 'quality': '2'}
2026-08-01 15:34:32+05:30 2026-08-01 10:04:32,144 [INFO] VideoPublisher: VIDEO_PUBLISH_METRICS windowMs=5004 frames=126 effectiveFps=25.2 liveFrames=41 repeatedLiveFrames=10 idleFrames=75 maxGapMs=48.2 maxCaptureMs=1.3
2026-08-01 15:34:32+05:30 2026-08-01 10:04:32.522 | INFO     | flash_head.src.pipeline.flash_head_pipeline:generate_batch:538 - [generate_batch] GPU_BREAKDOWN denoise=280.4ms decode=73.8ms color+encode=24.9ms total=379.3ms batch_size=1
2026-08-01 15:34:32+05:30 2026-08-01 10:04:32.522 | INFO     | flash_head.src.pipeline.flash_head_pipeline:generate_batch:545 - [generate_batch] DENOISE_STEPS total=280.4ms steps=[s0=69.9 s1=72.0 s2=66.7 s3=71.7] n_steps=4 batch_size=1
2026-08-01 15:34:32+05:30 2026-08-01 10:04:32,559 [INFO] BatchedStreamingEngine: cycle=30 batch=1 sessions=['conc-test-2-cde84e'] embed=11.5ms infer=379.7ms xfer=37.5ms total=428.7ms
2026-08-01 15:34:33+05:30 2026-08-01 10:04:33,272 [INFO] handler: UTTERANCE_END_RECEIVED session=conc-test-2-cde84e
2026-08-01 15:34:33+05:30 2026-08-01 10:04:33,272 [INFO] batched_stream_processor: BATCHED_DRAIN_STARTED session=conc-test-2-cde84e
2026-08-01 15:34:33+05:30 2026-08-01 10:04:33,272 [INFO] BatchedStreamingEngine: Session conc-test-2-cde84e marked for drain
2026-08-01 15:34:33+05:30 2026-08-01 10:04:33.646 | INFO     | flash_head.src.pipeline.flash_head_pipeline:generate_batch:538 - [generate_batch] GPU_BREAKDOWN denoise=262.8ms decode=72.4ms color+encode=23.9ms total=359.4ms batch_size=1
2026-08-01 15:34:33+05:30 2026-08-01 10:04:33.646 | INFO     | flash_head.src.pipeline.flash_head_pipeline:generate_batch:545 - [generate_batch] DENOISE_STEPS total=262.8ms steps=[s0=65.3 s1=66.0 s2=62.8 s3=68.8] n_steps=4 batch_size=1
2026-08-01 15:34:34+05:30 2026-08-01 10:04:34.061 | INFO     | flash_head.src.pipeline.flash_head_pipeline:generate_batch:538 - [generate_batch] GPU_BREAKDOWN denoise=266.9ms decode=75.5ms color+encode=24.9ms total=367.5ms batch_size=1
2026-08-01 15:34:34+05:30 2026-08-01 10:04:34.061 | INFO     | flash_head.src.pipeline.flash_head_pipeline:generate_batch:545 - [generate_batch] DENOISE_STEPS total=266.9ms steps=[s0=67.7 s1=62.8 s2=67.6 s3=68.8] n_steps=4 batch_size=1
2026-08-01 15:34:34+05:30 2026-08-01 10:04:34,102 [INFO] streaming.state_manager: [SM] Dropped 7 stale frames to protect A/V sync (qsize now 30)
2026-08-01 15:34:34+05:30 2026-08-01 10:04:34.489 | INFO     | flash_head.src.pipeline.flash_head_pipeline:generate_batch:538 - [generate_batch] GPU_BREAKDOWN denoise=284.2ms decode=72.7ms color+encode=23.6ms total=380.7ms batch_size=1
2026-08-01 15:34:34+05:30 2026-08-01 10:04:34.489 | INFO     | flash_head.src.pipeline.flash_head_pipeline:generate_batch:545 - [generate_batch] DENOISE_STEPS total=284.2ms steps=[s0=72.5 s1=67.3 s2=69.4 s3=74.9] n_steps=4 batch_size=1
2026-08-01 15:34:34+05:30 2026-08-01 10:04:34,542 [INFO] streaming.state_manager: [SM] Dropped 13 stale frames to protect A/V sync (qsize now 30)
2026-08-01 15:34:34+05:30 2026-08-01 10:04:34,844 [INFO] VideoPublisher: VIDEO_PUBLISH_METRICS windowMs=5036 frames=126 effectiveFps=25.0 liveFrames=0 repeatedLiveFrames=0 idleFrames=126 maxGapMs=45.2 maxCaptureMs=0.7
2026-08-01 15:34:34+05:30 2026-08-01 10:04:34.910 | INFO     | flash_head.src.pipeline.flash_head_pipeline:generate_batch:538 - [generate_batch] GPU_BREAKDOWN denoise=278.8ms decode=72.8ms color+encode=23.5ms total=375.2ms batch_size=1
2026-08-01 15:34:34+05:30 2026-08-01 10:04:34.910 | INFO     | flash_head.src.pipeline.flash_head_pipeline:generate_batch:545 - [generate_batch] DENOISE_STEPS total=278.8ms steps=[s0=63.3 s1=68.5 s2=81.9 s3=65.0] n_steps=4 batch_size=1
2026-08-01 15:34:34+05:30 2026-08-01 10:04:34,981 [INFO] streaming.state_manager: [SM] Dropped 13 stale frames to protect A/V sync (qsize now 30)
2026-08-01 15:34:35+05:30 [METRICS] GPU_util=73% GPU_temp=44C GPU_mem=4.0GB/44.4GB (reserved=7.2GB) RSS=12243MB CPU_user=69.8s CPU_sys=8.1s sessions=3 pool=3/3
2026-08-01 15:34:35+05:30 2026-08-01 10:04:35.325 | INFO     | flash_head.src.pipeline.flash_head_pipeline:generate_batch:538 - [generate_batch] GPU_BREAKDOWN denoise=273.8ms decode=72.7ms color+encode=23.8ms total=370.5ms batch_size=1
2026-08-01 15:34:35+05:30 2026-08-01 10:04:35.325 | INFO     | flash_head.src.pipeline.flash_head_pipeline:generate_batch:545 - [generate_batch] DENOISE_STEPS total=273.8ms steps=[s0=70.1 s1=64.0 s2=73.1 s3=66.5] n_steps=4 batch_size=1
2026-08-01 15:34:35+05:30 2026-08-01 10:04:35,381 [INFO] streaming.state_manager: [SM] Dropped 14 stale frames to protect A/V sync (qsize now 30)
2026-08-01 15:34:35+05:30 2026-08-01 10:04:35,674 [INFO] handler: UTTERANCE_END_RECEIVED session=conc-test-1-fca5a3
2026-08-01 15:34:35+05:30 2026-08-01 10:04:35,674 [INFO] batched_stream_processor: BATCHED_DRAIN_STARTED session=conc-test-1-fca5a3
2026-08-01 15:34:35+05:30 2026-08-01 10:04:35,674 [INFO] batched_stream_processor: BATCHED_DRAIN_COMPLETED session=conc-test-1-fca5a3 cycles=0 elapsed=0.0ms
2026-08-01 15:34:35+05:30 2026-08-01 10:04:35.758 | INFO     | flash_head.src.pipeline.flash_head_pipeline:generate_batch:538 - [generate_batch] GPU_BREAKDOWN denoise=289.0ms decode=74.3ms color+encode=23.5ms total=387.1ms batch_size=1
2026-08-01 15:34:35+05:30 2026-08-01 10:04:35.759 | INFO     | flash_head.src.pipeline.flash_head_pipeline:generate_batch:545 - [generate_batch] DENOISE_STEPS total=289.0ms steps=[s0=67.4 s1=70.3 s2=81.2 s3=70.2] n_steps=4 batch_size=1
2026-08-01 15:34:35+05:30 2026-08-01 10:04:35,822 [INFO] streaming.state_manager: [SM] Dropped 13 stale frames to protect A/V sync (qsize now 30)
2026-08-01 15:34:36+05:30 2026-08-01 10:04:36,039 [INFO] VideoPublisher: VIDEO_PUBLISH_METRICS windowMs=5000 frames=125 effectiveFps=25.0 liveFrames=0 repeatedLiveFrames=0 idleFrames=125 maxGapMs=43.5 maxCaptureMs=1.0
2026-08-01 15:34:36+05:30 2026-08-01 10:04:36.166 | INFO     | flash_head.src.pipeline.flash_head_pipeline:generate_batch:538 - [generate_batch] GPU_BREAKDOWN denoise=259.9ms decode=72.5ms color+encode=24.4ms total=357.0ms batch_size=1
2026-08-01 15:34:36+05:30 2026-08-01 10:04:36.166 | INFO     | flash_head.src.pipeline.flash_head_pipeline:generate_batch:545 - [generate_batch] DENOISE_STEPS total=259.9ms steps=[s0=63.8 s1=68.2 s2=66.8 s3=61.2] n_steps=4 batch_size=1
2026-08-01 15:34:36+05:30 2026-08-01 10:04:36,221 [INFO] streaming.state_manager: [SM] Dropped 14 stale frames to protect A/V sync (qsize now 30)
2026-08-01 15:34:36+05:30 2026-08-01 10:04:36.570 | INFO     | flash_head.src.pipeline.flash_head_pipeline:generate_batch:538 - [generate_batch] GPU_BREAKDOWN denoise=261.0ms decode=73.5ms color+encode=24.0ms total=358.7ms batch_size=1
2026-08-01 15:34:36+05:30 2026-08-01 10:04:36.570 | INFO     | flash_head.src.pipeline.flash_head_pipeline:generate_batch:545 - [generate_batch] DENOISE_STEPS total=261.0ms steps=[s0=64.4 s1=69.9 s2=64.6 s3=62.2] n_steps=4 batch_size=1
2026-08-01 15:34:36+05:30 2026-08-01 10:04:36,622 [INFO] streaming.state_manager: [SM] Dropped 14 stale frames to protect A/V sync (qsize now 30)
2026-08-01 15:34:36+05:30 2026-08-01 10:04:36.981 | INFO     | flash_head.src.pipeline.flash_head_pipeline:generate_batch:538 - [generate_batch] GPU_BREAKDOWN denoise=266.9ms decode=73.6ms color+encode=24.3ms total=365.1ms batch_size=1
2026-08-01 15:34:36+05:30 2026-08-01 10:04:36.981 | INFO     | flash_head.src.pipeline.flash_head_pipeline:generate_batch:545 - [generate_batch] DENOISE_STEPS total=266.9ms steps=[s0=80.9 s1=60.0 s2=60.4 s3=65.6] n_steps=4 batch_size=1
2026-08-01 15:34:37+05:30 2026-08-01 10:04:37,023 [INFO] streaming.state_manager: [SM] Dropped 14 stale frames to protect A/V sync (qsize now 30)
2026-08-01 15:34:37+05:30 2026-08-01 10:04:37,184 [INFO] VideoPublisher: VIDEO_PUBLISH_METRICS windowMs=5040 frames=126 effectiveFps=25.0 liveFrames=112 repeatedLiveFrames=14 idleFrames=0 maxGapMs=42.9 maxCaptureMs=1.0
2026-08-01 15:34:37+05:30 2026-08-01 10:04:37.423 | INFO     | flash_head.src.pipeline.flash_head_pipeline:generate_batch:538 - [generate_batch] GPU_BREAKDOWN denoise=289.0ms decode=76.6ms color+encode=24.6ms total=390.4ms batch_size=1
2026-08-01 15:34:37+05:30 2026-08-01 10:04:37.423 | INFO     | flash_head.src.pipeline.flash_head_pipeline:generate_batch:545 - [generate_batch] DENOISE_STEPS total=289.0ms steps=[s0=71.9 s1=75.3 s2=69.7 s3=72.0] n_steps=4 batch_size=1
2026-08-01 15:34:37+05:30 2026-08-01 10:04:37,459 [INFO] BatchedStreamingEngine: cycle=40 batch=1 sessions=['conc-test-2-cde84e'] embed=14.8ms infer=390.8ms xfer=35.7ms total=441.4ms
2026-08-01 15:34:37+05:30 2026-08-01 10:04:37,465 [INFO] streaming.state_manager: [SM] Dropped 13 stale frames to protect A/V sync (qsize now 30)
2026-08-01 15:34:37+05:30 2026-08-01 10:04:37.848 | INFO     | flash_head.src.pipeline.flash_head_pipeline:generate_batch:538 - [generate_batch] GPU_BREAKDOWN denoise=275.7ms decode=74.2ms color+encode=24.1ms total=374.3ms batch_size=1
2026-08-01 15:34:37+05:30 2026-08-01 10:04:37.848 | INFO     | flash_head.src.pipeline.flash_head_pipeline:generate_batch:545 - [generate_batch] DENOISE_STEPS total=275.7ms steps=[s0=78.1 s1=63.6 s2=68.9 s3=65.2] n_steps=4 batch_size=1
2026-08-01 15:34:37+05:30 2026-08-01 10:04:37,901 [INFO] streaming.state_manager: [SM] Dropped 13 stale frames to protect A/V sync (qsize now 30)
2026-08-01 15:34:38+05:30 2026-08-01 10:04:38.263 | INFO     | flash_head.src.pipeline.flash_head_pipeline:generate_batch:538 - [generate_batch] GPU_BREAKDOWN denoise=271.7ms decode=72.4ms color+encode=24.2ms total=368.6ms batch_size=1
2026-08-01 15:34:38+05:30 2026-08-01 10:04:38.264 | INFO     | flash_head.src.pipeline.flash_head_pipeline:generate_batch:545 - [generate_batch] DENOISE_STEPS total=271.7ms steps=[s0=71.3 s1=65.7 s2=66.9 s3=67.8] n_steps=4 batch_size=1
2026-08-01 15:34:38+05:30 2026-08-01 10:04:38,304 [INFO] streaming.state_manager: [SM] Dropped 14 stale frames to protect A/V sync (qsize now 30)
2026-08-01 15:34:38+05:30 2026-08-01 10:04:38.714 | INFO     | flash_head.src.pipeline.flash_head_pipeline:generate_batch:538 - [generate_batch] GPU_BREAKDOWN denoise=304.4ms decode=73.6ms color+encode=23.6ms total=401.8ms batch_size=1
2026-08-01 15:34:38+05:30 2026-08-01 10:04:38.714 | INFO     | flash_head.src.pipeline.flash_head_pipeline:generate_batch:545 - [generate_batch] DENOISE_STEPS total=304.4ms steps=[s0=77.6 s1=74.7 s2=75.5 s3=76.6] n_steps=4 batch_size=1
2026-08-01 15:34:38+05:30 2026-08-01 10:04:38,782 [INFO] streaming.state_manager: [SM] Dropped 12 stale frames to protect A/V sync (qsize now 30)
2026-08-01 15:34:39+05:30 2026-08-01 10:04:39.152 | INFO     | flash_head.src.pipeline.flash_head_pipeline:generate_batch:538 - [generate_batch] GPU_BREAKDOWN denoise=293.8ms decode=72.8ms color+encode=23.6ms total=390.4ms batch_size=1
2026-08-01 15:34:39+05:30 2026-08-01 10:04:39.152 | INFO     | flash_head.src.pipeline.flash_head_pipeline:generate_batch:545 - [generate_batch] DENOISE_STEPS total=293.8ms steps=[s0=71.3 s1=76.2 s2=69.9 s3=76.4] n_steps=4 batch_size=1
2026-08-01 15:34:39+05:30 2026-08-01 10:04:39,187 [INFO] BatchedStreamingEngine: Session conc-test-2-cde84e removed (total=0)
2026-08-01 15:34:39+05:30 2026-08-01 10:04:39,252 [INFO] batched_stream_processor: BATCHED_DRAIN_COMPLETED session=conc-test-2-cde84e cycles=59 elapsed=5979.5ms
2026-08-01 15:34:39+05:30 2026-08-01 10:04:39,566 [INFO] handler: UTTERANCE_END_RECEIVED session=conc-test-3-2076f2
2026-08-01 15:34:39+05:30 2026-08-01 10:04:39,566 [INFO] batched_stream_processor: BATCHED_DRAIN_STARTED session=conc-test-3-2076f2
2026-08-01 15:34:39+05:30 2026-08-01 10:04:39,566 [INFO] batched_stream_processor: BATCHED_DRAIN_COMPLETED session=conc-test-3-2076f2 cycles=0 elapsed=0.0ms
2026-08-01 15:34:39+05:30 2026-08-01 10:04:39,704 [INFO] streaming.state_manager: [SM] LIVE -> TRANSITION_TO_IDLE (crossfade 8 frames)
2026-08-01 15:34:39+05:30 2026-08-01 10:04:39,884 [INFO] VideoPublisher: VIDEO_PUBLISH_METRICS windowMs=5040 frames=126 effectiveFps=25.0 liveFrames=0 repeatedLiveFrames=0 idleFrames=126 maxGapMs=45.2 maxCaptureMs=6.0
2026-08-01 15:34:40+05:30 2026-08-01 10:04:40,022 [INFO] streaming.state_manager: [SM] TRANSITION_TO_IDLE -> IDLE
2026-08-01 15:34:40+05:30 [METRICS] GPU_util=0% GPU_temp=39C GPU_mem=4.0GB/44.4GB (reserved=7.2GB) RSS=12243MB CPU_user=77.4s CPU_sys=8.5s sessions=3 pool=3/3
2026-08-01 15:34:41+05:30 2026-08-01 10:04:41,080 [INFO] VideoPublisher: VIDEO_PUBLISH_METRICS windowMs=5040 frames=126 effectiveFps=25.0 liveFrames=0 repeatedLiveFrames=0 idleFrames=126 maxGapMs=42.9 maxCaptureMs=0.8
2026-08-01 15:34:42+05:30 2026-08-01 10:04:42,223 [INFO] VideoPublisher: VIDEO_PUBLISH_METRICS windowMs=5039 frames=126 effectiveFps=25.0 liveFrames=50 repeatedLiveFrames=12 idleFrames=64 maxGapMs=43.6 maxCaptureMs=1.0
2026-08-01 15:34:42+05:30 2026-08-01 10:04:42,394 [INFO] handler: UTTERANCE_END_RECEIVED session=conc-test-2-cde84e
2026-08-01 15:34:42+05:30 2026-08-01 10:04:42,394 [INFO] batched_stream_processor: BATCHED_DRAIN_STARTED session=conc-test-2-cde84e
2026-08-01 15:34:42+05:30 2026-08-01 10:04:42,394 [INFO] batched_stream_processor: BATCHED_DRAIN_COMPLETED session=conc-test-2-cde84e cycles=0 elapsed=0.0ms
2026-08-01 15:34:44+05:30 2026-08-01 10:04:44,885 [INFO] VideoPublisher: VIDEO_PUBLISH_METRICS windowMs=5001 frames=125 effectiveFps=25.0 liveFrames=0 repeatedLiveFrames=0 idleFrames=125 maxGapMs=42.3 maxCaptureMs=0.6
2026-08-01 15:34:44+05:30 2026-08-01 10:04:44,920 [INFO] handler: UTTERANCE_END_RECEIVED session=conc-test-1-fca5a3
2026-08-01 15:34:44+05:30 2026-08-01 10:04:44,921 [INFO] batched_stream_processor: BATCHED_DRAIN_STARTED session=conc-test-1-fca5a3
2026-08-01 15:34:44+05:30 2026-08-01 10:04:44,921 [INFO] batched_stream_processor: BATCHED_DRAIN_COMPLETED session=conc-test-1-fca5a3 cycles=0 elapsed=0.1ms
2026-08-01 15:34:45+05:30 [METRICS] GPU_util=0% GPU_temp=38C GPU_mem=4.0GB/44.4GB (reserved=7.2GB) RSS=12243MB CPU_user=83.2s CPU_sys=8.9s sessions=3 pool=3/3
2026-08-01 15:34:46+05:30 2026-08-01 10:04:46,080 [INFO] VideoPublisher: VIDEO_PUBLISH_METRICS windowMs=5000 frames=125 effectiveFps=25.0 liveFrames=0 repeatedLiveFrames=0 idleFrames=125 maxGapMs=42.4 maxCaptureMs=1.1
2026-08-01 15:34:47+05:30 2026-08-01 10:04:47,263 [INFO] VideoPublisher: VIDEO_PUBLISH_METRICS windowMs=5040 frames=126 effectiveFps=25.0 liveFrames=0 repeatedLiveFrames=0 idleFrames=126 maxGapMs=41.6 maxCaptureMs=1.2
2026-08-01 15:34:48+05:30 2026-08-01 10:04:48,011 [INFO] handler: UTTERANCE_END_RECEIVED session=conc-test-3-2076f2
2026-08-01 15:34:48+05:30 2026-08-01 10:04:48,011 [INFO] batched_stream_processor: BATCHED_DRAIN_STARTED session=conc-test-3-2076f2
2026-08-01 15:34:48+05:30 2026-08-01 10:04:48,011 [INFO] batched_stream_processor: BATCHED_DRAIN_COMPLETED session=conc-test-3-2076f2 cycles=0 elapsed=0.1ms
2026-08-01 15:34:49+05:30 2026-08-01 10:04:49,924 [INFO] VideoPublisher: VIDEO_PUBLISH_METRICS windowMs=5038 frames=126 effectiveFps=25.0 liveFrames=0 repeatedLiveFrames=0 idleFrames=126 maxGapMs=41.3 maxCaptureMs=0.7
2026-08-01 15:34:50+05:30 [METRICS] GPU_util=0% GPU_temp=37C GPU_mem=4.0GB/44.4GB (reserved=7.2GB) RSS=12243MB CPU_user=89.0s CPU_sys=9.3s sessions=3 pool=3/3
2026-08-01 15:34:50+05:30 2026-08-01 10:04:50,828 [INFO] handler: UTTERANCE_END_RECEIVED session=conc-test-2-cde84e
2026-08-01 15:34:50+05:30 2026-08-01 10:04:50,828 [INFO] batched_stream_processor: BATCHED_DRAIN_STARTED session=conc-test-2-cde84e
2026-08-01 15:34:50+05:30 2026-08-01 10:04:50,828 [INFO] batched_stream_processor: BATCHED_DRAIN_COMPLETED session=conc-test-2-cde84e cycles=0 elapsed=0.0ms
2026-08-01 15:34:51+05:30 2026-08-01 10:04:51,119 [INFO] VideoPublisher: VIDEO_PUBLISH_METRICS windowMs=5038 frames=126 effectiveFps=25.0 liveFrames=0 repeatedLiveFrames=0 idleFrames=126 maxGapMs=42.3 maxCaptureMs=0.5
2026-08-01 15:34:52+05:30 2026-08-01 10:04:52,264 [INFO] VideoPublisher: VIDEO_PUBLISH_METRICS windowMs=5000 frames=125 effectiveFps=25.0 liveFrames=0 repeatedLiveFrames=0 idleFrames=125 maxGapMs=42.0 maxCaptureMs=0.9
2026-08-01 15:34:53+05:30 2026-08-01 10:04:53,605 [INFO] handler: UTTERANCE_END_RECEIVED session=conc-test-1-fca5a3
2026-08-01 15:34:53+05:30 2026-08-01 10:04:53,605 [INFO] batched_stream_processor: BATCHED_DRAIN_STARTED session=conc-test-1-fca5a3
2026-08-01 15:34:53+05:30 2026-08-01 10:04:53,605 [INFO] batched_stream_processor: BATCHED_DRAIN_COMPLETED session=conc-test-1-fca5a3 cycles=0 elapsed=0.1ms
2026-08-01 15:34:54+05:30 2026-08-01 10:04:54,964 [INFO] VideoPublisher: VIDEO_PUBLISH_METRICS windowMs=5039 frames=126 effectiveFps=25.0 liveFrames=0 repeatedLiveFrames=0 idleFrames=126 maxGapMs=42.0 maxCaptureMs=0.7
2026-08-01 15:34:55+05:30 [METRICS] GPU_util=0% GPU_temp=37C GPU_mem=4.0GB/44.4GB (reserved=7.2GB) RSS=12243MB CPU_user=94.4s CPU_sys=9.7s sessions=3 pool=3/3
2026-08-01 15:34:56+05:30 2026-08-01 10:04:56,159 [INFO] VideoPublisher: VIDEO_PUBLISH_METRICS windowMs=5040 frames=126 effectiveFps=25.0 liveFrames=0 repeatedLiveFrames=0 idleFrames=126 maxGapMs=42.5 maxCaptureMs=0.6
2026-08-01 15:34:57+05:30 2026-08-01 10:04:57,064 [INFO] handler: UTTERANCE_END_RECEIVED session=conc-test-3-2076f2
2026-08-01 15:34:57+05:30 2026-08-01 10:04:57,065 [INFO] batched_stream_processor: BATCHED_DRAIN_STARTED session=conc-test-3-2076f2
2026-08-01 15:34:57+05:30 2026-08-01 10:04:57,065 [INFO] batched_stream_processor: BATCHED_DRAIN_COMPLETED session=conc-test-3-2076f2 cycles=0 elapsed=0.0ms
2026-08-01 15:34:57+05:30 2026-08-01 10:04:57,304 [INFO] VideoPublisher: VIDEO_PUBLISH_METRICS windowMs=5039 frames=126 effectiveFps=25.0 liveFrames=0 repeatedLiveFrames=0 idleFrames=126 maxGapMs=42.1 maxCaptureMs=0.8
2026-08-01 15:34:59+05:30 2026-08-01 10:04:59,920 [INFO] handler: UTTERANCE_END_RECEIVED session=conc-test-2-cde84e
2026-08-01 15:34:59+05:30 2026-08-01 10:04:59,920 [INFO] batched_stream_processor: BATCHED_DRAIN_STARTED session=conc-test-2-cde84e
2026-08-01 15:34:59+05:30 2026-08-01 10:04:59,921 [INFO] batched_stream_processor: BATCHED_DRAIN_COMPLETED session=conc-test-2-cde84e cycles=0 elapsed=0.1ms
2026-08-01 15:34:59+05:30 2026-08-01 10:04:59,965 [INFO] VideoPublisher: VIDEO_PUBLISH_METRICS windowMs=5001 frames=125 effectiveFps=25.0 liveFrames=0 repeatedLiveFrames=0 idleFrames=125 maxGapMs=41.3 maxCaptureMs=0.5
2026-08-01 15:35:00+05:30 [METRICS] GPU_util=0% GPU_temp=37C GPU_mem=4.0GB/44.4GB (reserved=7.2GB) RSS=12243MB CPU_user=100.1s CPU_sys=10.1s sessions=3 pool=3/3
2026-08-01 15:35:01+05:30 2026-08-01 10:05:01,199 [INFO] VideoPublisher: VIDEO_PUBLISH_METRICS windowMs=5039 frames=126 effectiveFps=25.0 liveFrames=0 repeatedLiveFrames=0 idleFrames=126 maxGapMs=42.2 maxCaptureMs=0.6
2026-08-01 15:35:02+05:30 2026-08-01 10:05:02,343 [INFO] VideoPublisher: VIDEO_PUBLISH_METRICS windowMs=5039 frames=126 effectiveFps=25.0 liveFrames=0 repeatedLiveFrames=0 idleFrames=126 maxGapMs=42.0 maxCaptureMs=0.6
2026-08-01 15:35:02+05:30 2026-08-01 10:05:02,687 [INFO] handler: UTTERANCE_END_RECEIVED session=conc-test-1-fca5a3
2026-08-01 15:35:02+05:30 2026-08-01 10:05:02,687 [INFO] batched_stream_processor: BATCHED_DRAIN_STARTED session=conc-test-1-fca5a3
2026-08-01 15:35:02+05:30 2026-08-01 10:05:02,688 [INFO] batched_stream_processor: BATCHED_DRAIN_COMPLETED session=conc-test-1-fca5a3 cycles=0 elapsed=0.2ms
2026-08-01 15:35:05+05:30 2026-08-01 10:05:05,004 [INFO] VideoPublisher: VIDEO_PUBLISH_METRICS windowMs=5039 frames=126 effectiveFps=25.0 liveFrames=0 repeatedLiveFrames=0 idleFrames=126 maxGapMs=41.6 maxCaptureMs=0.7
2026-08-01 15:35:05+05:30 [METRICS] GPU_util=0% GPU_temp=36C GPU_mem=4.0GB/44.4GB (reserved=7.2GB) RSS=12243MB CPU_user=105.5s CPU_sys=10.5s sessions=3 pool=3/3
2026-08-01 15:35:06+05:30 2026-08-01 10:05:06,016 [INFO] handler: UTTERANCE_END_RECEIVED session=conc-test-3-2076f2
2026-08-01 15:35:06+05:30 2026-08-01 10:05:06,016 [INFO] batched_stream_processor: BATCHED_DRAIN_STARTED session=conc-test-3-2076f2
2026-08-01 15:35:06+05:30 2026-08-01 10:05:06,016 [INFO] batched_stream_processor: BATCHED_DRAIN_COMPLETED session=conc-test-3-2076f2 cycles=0 elapsed=0.1ms
2026-08-01 15:35:06+05:30 2026-08-01 10:05:06,200 [INFO] VideoPublisher: VIDEO_PUBLISH_METRICS windowMs=5000 frames=125 effectiveFps=25.0 liveFrames=0 repeatedLiveFrames=0 idleFrames=125 maxGapMs=42.3 maxCaptureMs=0.7
2026-08-01 15:35:07+05:30 2026-08-01 10:05:07,344 [INFO] VideoPublisher: VIDEO_PUBLISH_METRICS windowMs=5000 frames=125 effectiveFps=25.0 liveFrames=0 repeatedLiveFrames=0 idleFrames=125 maxGapMs=42.1 maxCaptureMs=0.6
2026-08-01 15:35:08+05:30 2026-08-01 10:05:08,794 [INFO] handler: UTTERANCE_END_RECEIVED session=conc-test-2-cde84e
2026-08-01 15:35:08+05:30 2026-08-01 10:05:08,795 [INFO] batched_stream_processor: BATCHED_DRAIN_STARTED session=conc-test-2-cde84e
2026-08-01 15:35:08+05:30 2026-08-01 10:05:08,795 [INFO] batched_stream_processor: BATCHED_DRAIN_COMPLETED session=conc-test-2-cde84e cycles=0 elapsed=0.0ms
2026-08-01 15:35:09+05:30 2026-08-01 10:05:09,085 [INFO] handler: WS_CLOSED session=conc-test-1-fca5a3 ip=172.20.30.101
2026-08-01 15:35:09+05:30 2026-08-01 10:05:09,085 [INFO] handler: WS_CONNECTION_LOST session=conc-test-1-fca5a3 ip=172.20.30.101
2026-08-01 15:35:09+05:30 2026-08-01 10:05:09,086 [INFO] aiohttp.access: 172.20.30.101 [01/Aug/2026:10:04:12 +0000] "GET /ws/conc-test-1-fca5a3 HTTP/1.1" 101 0 "-" "Python/3.14 websockets/16.1.1"
2026-08-01 15:35:09+05:30 CONNECT /ws/conc-test-1-fca5a3 -> 101 Switching Protocols  (duration: 56.5 s, execution: 56.5 s)
2026-08-01 15:35:09+05:30 2026-08-01 10:05:09,132 [INFO] handler: WS_CLOSED session=conc-test-3-2076f2 ip=172.20.30.101
2026-08-01 15:35:09+05:30 2026-08-01 10:05:09,132 [INFO] handler: WS_CONNECTION_LOST session=conc-test-3-2076f2 ip=172.20.30.101
2026-08-01 15:35:09+05:30 2026-08-01 10:05:09,133 [INFO] aiohttp.access: 172.20.30.101 [01/Aug/2026:10:04:16 +0000] "GET /ws/conc-test-3-2076f2 HTTP/1.1" 101 0 "-" "Python/3.14 websockets/16.1.1"
2026-08-01 15:35:09+05:30 CONNECT /ws/conc-test-3-2076f2 -> 101 Switching Protocols  (duration: 52.5 s, execution: 52.5 s)
2026-08-01 15:35:09+05:30 2026-08-01 10:05:09,246 [INFO] handler: WS_CLOSED session=conc-test-2-cde84e ip=172.20.30.101
2026-08-01 15:35:09+05:30 2026-08-01 10:05:09,246 [INFO] handler: WS_CONNECTION_LOST session=conc-test-2-cde84e ip=172.20.30.101
2026-08-01 15:35:09+05:30 2026-08-01 10:05:09,246 [INFO] aiohttp.access: 172.20.30.101 [01/Aug/2026:10:04:28 +0000] "GET /ws/conc-test-2-cde84e HTTP/1.1" 101 0 "-" "Python/3.14 websockets/16.1.1"
2026-08-01 15:35:09+05:30 CONNECT /ws/conc-test-2-cde84e -> 101 Switching Protocols  (duration: 40.6 s, execution: 40.6 s)
2026-08-01 15:35:09+05:30 2026-08-01 10:05:09,678 [INFO] batched_stream_processor: [BATCHED-DIAG] {'event': 'participant_disconnected', 't': 64.323, 'identity': 'viewer-prewarm-bf00aee0'}
2026-08-01 15:35:09+05:30 2026-08-01 10:05:09,755 [INFO] streaming.websocket_server: Unregistered WebSocket session: conc-test-1-fca5a3
2026-08-01 15:35:09+05:30 2026-08-01 10:05:09,786 [INFO] batched_stream_processor: [BATCHED-DIAG] {'event': 'connection_state_changed', 't': 64.43, 'state': '0'}
2026-08-01 15:35:09+05:30 2026-08-01 10:05:09,786 [INFO] batched_stream_processor: [BATCHED-DIAG] {'event': 'disconnected', 't': 64.431, 'state': '0', 'reason': '1'}
2026-08-01 15:35:09+05:30 2026-08-01 10:05:09,787 [INFO] aiohttp.access: 172.20.30.101 [01/Aug/2026:10:05:09 +0000] "POST /sessions/conc-test-1-fca5a3/end HTTP/1.1" 200 232 "-" "Python/3.14 aiohttp/3.14.1"
2026-08-01 15:35:09+05:30    POST /sessions/conc-test-1-fca5a3/end -> 200 OK  (duration: 81.1 ms, execution: 48.1 ms)
2026-08-01 15:35:10+05:30 2026-08-01 10:05:10,005 [INFO] VideoPublisher: VIDEO_PUBLISH_METRICS windowMs=5001 frames=125 effectiveFps=25.0 liveFrames=0 repeatedLiveFrames=0 idleFrames=125 maxGapMs=41.8 maxCaptureMs=0.6
2026-08-01 15:35:10+05:30 2026-08-01 10:05:10,073 [INFO] streaming.websocket_server: Unregistered WebSocket session: conc-test-3-2076f2
2026-08-01 15:35:10+05:30 2026-08-01 10:05:10,108 [INFO] batched_stream_processor: [BATCHED-DIAG] {'event': 'connection_state_changed', 't': 55.913, 'state': '0'}
2026-08-01 15:35:10+05:30 2026-08-01 10:05:10,108 [INFO] batched_stream_processor: [BATCHED-DIAG] {'event': 'disconnected', 't': 55.914, 'state': '0', 'reason': '1'}
2026-08-01 15:35:10+05:30 2026-08-01 10:05:10,109 [INFO] aiohttp.access: 172.20.30.101 [01/Aug/2026:10:05:10 +0000] "POST /sessions/conc-test-3-2076f2/end HTTP/1.1" 200 232 "-" "Python/3.14 aiohttp/3.14.1"
2026-08-01 15:35:10+05:30    POST /sessions/conc-test-3-2076f2/end -> 200 OK  (duration: 85.1 ms, execution: 51.7 ms)
2026-08-01 15:35:10+05:30 2026-08-01 10:05:10,171 [INFO] streaming.websocket_server: Unregistered WebSocket session: conc-test-2-cde84e
2026-08-01 15:35:10+05:30 [METRICS] GPU_util=0% GPU_temp=36C GPU_mem=4.0GB/44.4GB (reserved=7.2GB) RSS=12243MB CPU_user=111.0s CPU_sys=11.1s sessions=1 pool=3/3
2026-08-01 15:35:10+05:30 2026-08-01 10:05:10,391 [INFO] batched_stream_processor: [BATCHED-DIAG] {'event': 'connection_state_changed', 't': 58.987, 'state': '0'}
2026-08-01 15:35:10+05:30 2026-08-01 10:05:10,391 [INFO] batched_stream_processor: [BATCHED-DIAG] {'event': 'disconnected', 't': 58.987, 'state': '0', 'reason': '1'}
2026-08-01 15:35:10+05:30 2026-08-01 10:05:10,392 [INFO] aiohttp.access: 172.20.30.101 [01/Aug/2026:10:05:10 +0000] "POST /sessions/conc-test-2-cde84e/end HTTP/1.1" 200 232 "-" "Python/3.14 aiohttp/3.14.1"
2026-08-01 15:35:10+05:30    POST /sessions/conc-test-2-cde84e/end -> 200 OK  (duration: 271.5 ms, execution: 238.8 ms)
2026-08-01 15:35:15+05:30 [METRICS] GPU_util=0% GPU_temp=36C GPU_mem=4.0GB/44.4GB (reserved=7.2GB) RSS=12243MB CPU_user=113.9s CPU_sys=11.2s sessions=0 pool=3/3
2026-08-01 15:35:20+05:30 [METRICS] GPU_util=0% GPU_temp=36C GPU_mem=4.0GB/44.4GB (reserved=7.2GB) RSS=12243MB CPU_user=117.4s CPU_sys=11.4s sessions=0 pool=3/3
2026-08-01 15:35:25+05:30 [METRICS] GPU_util=0% GPU_temp=35C GPU_mem=4.0GB/44.4GB (reserved=7.2GB) RSS=12243MB CPU_user=120.9s CPU_sys=11.5s sessions=0 pool=3/3
2026-08-01 15:35:30+05:30 [METRICS] GPU_util=0% GPU_temp=35C GPU_mem=4.0GB/44.4GB (reserved=7.2GB) RSS=12243MB CPU_user=124.3s CPU_sys=11.6s sessions=0 pool=3/3
